Archive member included to satisfy reference by file (symbol)

/home/serg50012/stm/CubeCTL/GNU-tools-for-STM32/bin/../lib/gcc/arm-none-eabi/12.3.1/../../../../arm-none-eabi/lib/thumb/v7-m/nofp/libc_nano.a(libc_a-exit.o)
                              /home/serg50012/stm/CubeCTL/GNU-tools-for-STM32/bin/../lib/gcc/arm-none-eabi/12.3.1/../../../../arm-none-eabi/lib/thumb/v7-m/nofp/crt0.o (exit)
/home/serg50012/stm/CubeCTL/GNU-tools-for-STM32/bin/../lib/gcc/arm-none-eabi/12.3.1/../../../../arm-none-eabi/lib/thumb/v7-m/nofp/libc_nano.a(libc_a-findfp.o)
                              /home/serg50012/stm/CubeCTL/GNU-tools-for-STM32/bin/../lib/gcc/arm-none-eabi/12.3.1/../../../../arm-none-eabi/lib/thumb/v7-m/nofp/libc_nano.a(libc_a-exit.o) (__stdio_exit_handler)
/home/serg50012/stm/CubeCTL/GNU-tools-for-STM32/bin/../lib/gcc/arm-none-eabi/12.3.1/../../../../arm-none-eabi/lib/thumb/v7-m/nofp/libc_nano.a(libc_a-fwalk.o)
                              /home/serg50012/stm/CubeCTL/GNU-tools-for-STM32/bin/../lib/gcc/arm-none-eabi/12.3.1/../../../../arm-none-eabi/lib/thumb/v7-m/nofp/libc_nano.a(libc_a-findfp.o) (_fwalk_sglue)
/home/serg50012/stm/CubeCTL/GNU-tools-for-STM32/bin/../lib/gcc/arm-none-eabi/12.3.1/../../../../arm-none-eabi/lib/thumb/v7-m/nofp/libc_nano.a(libc_a-stdio.o)
                              /home/serg50012/stm/CubeCTL/GNU-tools-for-STM32/bin/../lib/gcc/arm-none-eabi/12.3.1/../../../../arm-none-eabi/lib/thumb/v7-m/nofp/libc_nano.a(libc_a-findfp.o) (__sread)
/home/serg50012/stm/CubeCTL/GNU-tools-for-STM32/bin/../lib/gcc/arm-none-eabi/12.3.1/../../../../arm-none-eabi/lib/thumb/v7-m/nofp/libc_nano.a(libc_a-memset.o)
                              /home/serg50012/stm/CubeCTL/GNU-tools-for-STM32/bin/../lib/gcc/arm-none-eabi/12.3.1/../../../../arm-none-eabi/lib/thumb/v7-m/nofp/crt0.o (memset)
/home/serg50012/stm/CubeCTL/GNU-tools-for-STM32/bin/../lib/gcc/arm-none-eabi/12.3.1/../../../../arm-none-eabi/lib/thumb/v7-m/nofp/libc_nano.a(libc_a-closer.o)
                              /home/serg50012/stm/CubeCTL/GNU-tools-for-STM32/bin/../lib/gcc/arm-none-eabi/12.3.1/../../../../arm-none-eabi/lib/thumb/v7-m/nofp/libc_nano.a(libc_a-stdio.o) (_close_r)
/home/serg50012/stm/CubeCTL/GNU-tools-for-STM32/bin/../lib/gcc/arm-none-eabi/12.3.1/../../../../arm-none-eabi/lib/thumb/v7-m/nofp/libc_nano.a(libc_a-reent.o)
                              /home/serg50012/stm/CubeCTL/GNU-tools-for-STM32/bin/../lib/gcc/arm-none-eabi/12.3.1/../../../../arm-none-eabi/lib/thumb/v7-m/nofp/libc_nano.a(libc_a-closer.o) (errno)
/home/serg50012/stm/CubeCTL/GNU-tools-for-STM32/bin/../lib/gcc/arm-none-eabi/12.3.1/../../../../arm-none-eabi/lib/thumb/v7-m/nofp/libc_nano.a(libc_a-impure.o)
                              /home/serg50012/stm/CubeCTL/GNU-tools-for-STM32/bin/../lib/gcc/arm-none-eabi/12.3.1/../../../../arm-none-eabi/lib/thumb/v7-m/nofp/libc_nano.a(libc_a-reent.o) (_impure_ptr)
/home/serg50012/stm/CubeCTL/GNU-tools-for-STM32/bin/../lib/gcc/arm-none-eabi/12.3.1/../../../../arm-none-eabi/lib/thumb/v7-m/nofp/libc_nano.a(libc_a-lseekr.o)
                              /home/serg50012/stm/CubeCTL/GNU-tools-for-STM32/bin/../lib/gcc/arm-none-eabi/12.3.1/../../../../arm-none-eabi/lib/thumb/v7-m/nofp/libc_nano.a(libc_a-stdio.o) (_lseek_r)
/home/serg50012/stm/CubeCTL/GNU-tools-for-STM32/bin/../lib/gcc/arm-none-eabi/12.3.1/../../../../arm-none-eabi/lib/thumb/v7-m/nofp/libc_nano.a(libc_a-readr.o)
                              /home/serg50012/stm/CubeCTL/GNU-tools-for-STM32/bin/../lib/gcc/arm-none-eabi/12.3.1/../../../../arm-none-eabi/lib/thumb/v7-m/nofp/libc_nano.a(libc_a-stdio.o) (_read_r)
/home/serg50012/stm/CubeCTL/GNU-tools-for-STM32/bin/../lib/gcc/arm-none-eabi/12.3.1/../../../../arm-none-eabi/lib/thumb/v7-m/nofp/libc_nano.a(libc_a-writer.o)
                              /home/serg50012/stm/CubeCTL/GNU-tools-for-STM32/bin/../lib/gcc/arm-none-eabi/12.3.1/../../../../arm-none-eabi/lib/thumb/v7-m/nofp/libc_nano.a(libc_a-stdio.o) (_write_r)
/home/serg50012/stm/CubeCTL/GNU-tools-for-STM32/bin/../lib/gcc/arm-none-eabi/12.3.1/../../../../arm-none-eabi/lib/thumb/v7-m/nofp/libc_nano.a(libc_a-init.o)
                              /home/serg50012/stm/CubeCTL/GNU-tools-for-STM32/bin/../lib/gcc/arm-none-eabi/12.3.1/../../../../arm-none-eabi/lib/thumb/v7-m/nofp/crt0.o (__libc_init_array)
/home/serg50012/stm/CubeCTL/GNU-tools-for-STM32/bin/../lib/gcc/arm-none-eabi/12.3.1/../../../../arm-none-eabi/lib/thumb/v7-m/nofp/libc_nano.a(libc_a-lock.o)
                              /home/serg50012/stm/CubeCTL/GNU-tools-for-STM32/bin/../lib/gcc/arm-none-eabi/12.3.1/../../../../arm-none-eabi/lib/thumb/v7-m/nofp/libc_nano.a(libc_a-findfp.o) (__retarget_lock_init_recursive)
/home/serg50012/stm/CubeCTL/GNU-tools-for-STM32/bin/../lib/gcc/arm-none-eabi/12.3.1/../../../../arm-none-eabi/lib/thumb/v7-m/nofp/libc_nano.a(libc_a-freer.o)
[...]
Memory Configuration

Name             Origin             Length             Attributes
RAM              0x20000000         0x00005000         xrw
FLASH            0x08000000         0x00010000         xr
*default*        0x00000000         0xffffffff

Linker script and memory map

LOAD /home/serg50012/stm/CubeCTL/GNU-tools-for-STM32/bin/../lib/gcc/arm-none-eabi/12.3.1/thumb/v7-m/nofp/crti.o
LOAD /home/serg50012/stm/CubeCTL/GNU-tools-for-STM32/bin/../lib/gcc/arm-none-eabi/12.3.1/thumb/v7-m/nofp/crtbegin.o
LOAD /home/serg50012/stm/CubeCTL/GNU-tools-for-STM32/bin/../lib/gcc/arm-none-eabi/12.3.1/../../../../arm-none-eabi/lib/thumb/v7-m/nofp/crt0.o
START GROUP
LOAD /home/serg50012/stm/CubeCTL/GNU-tools-for-STM32/bin/../lib/gcc/arm-none-eabi/12.3.1/../../../../arm-none-eabi/lib/thumb/v7-m/nofp/libc_nano.a
LOAD /home/serg50012/stm/CubeCTL/GNU-tools-for-STM32/bin/../lib/gcc/arm-none-eabi/12.3.1/../../../../arm-none-eabi/lib/thumb/v7-m/nofp/libm.a
END GROUP
LOAD cmake/stm32cubemx/CMakeFiles/STM32_Drivers.dir/__/__/Core/Src/system_stm32f1xx.c.obj
LOAD cmake/stm32cubemx/CMakeFiles/STM32_Drivers.dir/__/__/Drivers/STM32F1xx_HAL_Driver/Src/stm32f1xx_hal_gpio_ex.c.obj
LOAD cmake/stm32cubemx/CMakeFiles/STM32_Drivers.dir/__/__/Drivers/STM32F1xx_HAL_Driver/Src/stm32f1xx_hal_adc.c.obj
LOAD cmake/stm32cubemx/CMakeFiles/STM32_Drivers.dir/__/__/Drivers/STM32F1xx_HAL_Driver/Src/stm32f1xx_hal_adc_ex.c.obj
LOAD cmake/stm32cubemx/CMakeFiles/STM32_Drivers.dir/__/__/Drivers/STM32F1xx_HAL_Driver/Src/stm32f1xx_hal.c.obj
LOAD cmake/stm32cubemx/CMakeFiles/STM32_Drivers.dir/__/__/Drivers/STM32F1xx_HAL_Driver/Src/stm32f1xx_hal_rcc.c.obj
LOAD cmake/stm32cubemx/CMakeFiles/STM32_Drivers.dir/__/__/Drivers/STM32F1xx_HAL_Driver/Src/stm32f1xx_hal_rcc_ex.c.obj
LOAD cmake/stm32cubemx/CMakeFiles/STM32_Drivers.dir/__/__/Drivers/STM32F1xx_HAL_Driver/Src/stm32f1xx_hal_gpio.c.obj
LOAD cmake/stm32cubemx/CMakeFiles/STM32_Drivers.dir/__/__/Drivers/STM32F1xx_HAL_Driver/Src/stm32f1xx_hal_dma.c.obj
LOAD cmake/stm32cubemx/CMakeFiles/STM32_Drivers.dir/__/__/Drivers/STM32F1xx_HAL_Driver/Src/stm32f1xx_hal_cortex.c.obj
LOAD cmake/stm32cubemx/CMakeFiles/STM32_Drivers.dir/__/__/Drivers/STM32F1xx_HAL_Driver/Src/stm32f1xx_hal_pwr.c.obj
LOAD cmake/stm32cubemx/CMakeFiles/STM32_Drivers.dir/__/__/Drivers/STM32F1xx_HAL_Driver/Src/stm32f1xx_hal_flash.c.obj
LOAD cmake/stm32cubemx/CMakeFiles/STM32_Drivers.dir/__/__/Drivers/STM32F1xx_HAL_Driver/Src/stm32f1xx_hal_flash_ex.c.obj
LOAD cmake/stm32cubemx/CMakeFiles/STM32_Drivers.dir/__/__/Drivers/STM32F1xx_HAL_Driver/Src/stm32f1xx_hal_exti.c.obj
LOAD cmake/stm32cubemx/CMakeFiles/STM32_Drivers.dir/__/__/Drivers/STM32F1xx_HAL_Driver/Src/stm32f1xx_hal_spi.c.obj
LOAD cmake/stm32cubemx/CMakeFiles/STM32_Drivers.dir/__/__/Drivers/STM32F1xx_HAL_Driver/Src/stm32f1xx_hal_tim.c.obj
LOAD cmake/stm32cubemx/CMakeFiles/STM32_Drivers.dir/__/__/Drivers/STM32F1xx_HAL_Driver/Src/stm32f1xx_hal_tim_ex.c.obj
LOAD cmake/stm32cubemx/CMakeFiles/STM32_Drivers.dir/__/__/Drivers/STM32F1xx_HAL_Driver/Src/stm32f1xx_hal_uart.c.obj
LOAD CMakeFiles/modbus_stm32f103.dir/Core/Src/main.c.obj
LOAD CMakeFiles/modbus_stm32f103.dir/Core/Src/stm32f1xx_it.c.obj
LOAD CMakeFiles/modbus_stm32f103.dir/Core/Src/stm32f1xx_hal_msp.c.obj
LOAD CMakeFiles/modbus_stm32f103.dir/Core/Src/sysmem.c.obj
LOAD CMakeFiles/modbus_stm32f103.dir/Core/Src/syscalls.c.obj
LOAD CMakeFiles/modbus_stm32f103.dir/startup_stm32f103xb.s.obj
LOAD CMakeFiles/modbus_stm32f103.dir/Core/Src/modbus_crc.c.obj
LOAD CMakeFiles/modbus_stm32f103.dir/Core/Src/modbusSlave.c.obj
START GROUP
LOAD /home/serg50012/stm/CubeCTL/GNU-tools-for-STM32/bin/../lib/gcc/arm-none-eabi/12.3.1/thumb/v7-m/nofp/libgcc.a
LOAD /home/serg50012/stm/CubeCTL/GNU-tools-for-STM32/bin/../lib/gcc/arm-none-eabi/12.3.1/../../../../arm-none-eabi/lib/thumb/v7-m/nofp/libg_nano.a
LOAD /home/serg50012/stm/CubeCTL/GNU-tools-for-STM32/bin/../lib/gcc/arm-none-eabi/12.3.1/../../../../arm-none-eabi/lib/thumb/v7-m/nofp/libc_nano.a
END GROUP
START GROUP
LOAD /home/serg50012/stm/CubeCTL/GNU-tools-for-STM32/bin/../lib/gcc/arm-none-eabi/12.3.1/thumb/v7-m/nofp/libgcc.a
LOAD /home/serg50012/stm/CubeCTL/GNU-tools-for-STM32/bin/../lib/gcc/arm-none-eabi/12.3.1/../../../../arm-none-eabi/lib/thumb/v7-m/nofp/libc_nano.a
END GROUP
LOAD /home/serg50012/stm/CubeCTL/GNU-tools-for-STM32/bin/../lib/gcc/arm-none-eabi/12.3.1/thumb/v7-m/nofp/crtend.o
LOAD /home/serg50012/stm/CubeCTL/GNU-tools-for-STM32/bin/../lib/gcc/arm-none-eabi/12.3.1/thumb/v7-m/nofp/crtn.o
                0x20005000                        _estack = (ORIGIN (RAM) + LENGTH (RAM))
                0x00000200                        _Min_Heap_Size = 0x200
                0x00000400                        _Min_Stack_Size = 0x400

.isr_vector     0x08000000      0x10c
                0x08000000                        . = ALIGN (0x4)
 *(.isr_vector)
 .isr_vector    0x08000000      0x10c CMakeFiles/modbus_stm32f103.dir/startup_stm32f103xb.s.obj
                0x08000000                g_pfnVectors
                0x0800010c                        . = ALIGN (0x4)

.text           0x08000110     0x6448
                0x08000110                        . = ALIGN (0x4)
 *(.text)
 .text          0x08000110       0x40 /home/serg50012/stm/CubeCTL/GNU-tools-for-STM32/bin/../lib/gcc/arm-none-eabi/12.3.1/thumb/v7-m/nofp/crtbegin.o
 .text          0x08000150      0x378 /home/serg50012/stm/CubeCTL/GNU-tools-for-STM32/bin/../lib/gcc/arm-none-eabi/12.3.1/thumb/v7-m/nofp/libgcc.a(_arm_addsubdf3.o)
                0x08000150                __aeabi_drsub
                0x08000158                __aeabi_dsub
                0x08000158                __subdf3
                0x0800015c                __adddf3
                0x0800015c                __aeabi_dadd
                0x080003d4                __aeabi_ui2d
                0x080003d4                __floatunsidf
                0x080003f4                __floatsidf
                0x080003f4                __aeabi_i2d
                0x08000418                __extendsfdf2
                0x08000418                __aeabi_f2d
                0x0800045c                __aeabi_ul2d
                0x0800045c                __floatundidf
                0x0800046c                __floatdidf
                0x0800046c                __aeabi_l2d
 .text          0x080004c8      0x424 /home/serg50012/stm/CubeCTL/GNU-tools-for-STM32/bin/../lib/gcc/arm-none-eabi/12.3.1/thumb/v7-m/nofp/libgcc.a(_arm_muldivdf3.o)
                0x080004c8                __aeabi_dmul
                0x080004c8                __muldf3
                0x0800071c                __aeabi_ddiv
                0x0800071c                __divdf3
 .text          0x080008ec       0x40 /home/serg50012/stm/CubeCTL/GNU-tools-for-STM32/bin/../lib/gcc/arm-none-eabi/12.3.1/thumb/v7-m/nofp/libgcc.a(_arm_fixunsdfsi.o)
                0x080008ec                __fixunsdfsi
                0x080008ec                __aeabi_d2uiz
 *(.text*)
 .text.memset   0x0800092c       0x10 /home/serg50012/stm/CubeCTL/GNU-tools-for-STM32/bin/../lib/gcc/arm-none-eabi/12.3.1/../../../../arm-none-eabi/lib/thumb/v7-m/nofp/libc_nano.a(libc_a-memset.o)
                0x0800092c                memset
 .text.__libc_init_array
                0x0800093c       0x48 /home/serg50012/stm/CubeCTL/GNU-tools-for-STM32/bin/../lib/gcc/arm-none-eabi/12.3.1/../../../../arm-none-eabi/lib/thumb/v7-m/nofp/libc_nano.a(libc_a-init.o)
                0x0800093c                __libc_init_array
 .text.SystemInit
                0x08000984        0xc cmake/stm32cubemx/CMakeFiles/STM32_Drivers.dir/__/__/Core/Src/system_stm32f1xx.c.obj
                0x08000984                SystemInit
 .text.HAL_ADC_Init
                0x08000990      0x1b0 cmake/stm32cubemx/CMakeFiles/STM32_Drivers.dir/__/__/Drivers/STM32F1xx_HAL_Driver/Src/stm32f1xx_hal_adc.c.obj
                0x08000990                HAL_ADC_Init
 .text.HAL_ADC_Start_DMA
                0x08000b40      0x1bc cmake/stm32cubemx/CMakeFiles/STM32_Drivers.dir/__/__/Drivers/STM32F1xx_HAL_Driver/Src/stm32f1xx_hal_adc.c.obj
                0x08000b40                HAL_ADC_Start_DMA
 .text.HAL_ADC_Stop_DMA
                0x08000cfc       0x98 cmake/stm32cubemx/CMakeFiles/STM32_Drivers.dir/__/__/Drivers/STM32F1xx_HAL_Driver/Src/stm32f1xx_hal_adc.c.obj
                0x08000cfc                HAL_ADC_Stop_DMA
 .text.HAL_ADC_ConvHalfCpltCallback
                0x08000d94       0x12 cmake/stm32cubemx/CMakeFiles/STM32_Drivers.dir/__/__/Drivers/STM32F1xx_HAL_Driver/Src/stm32f1xx_hal_adc.c.obj
                0x08000d94                HAL_ADC_ConvHalfCpltCallback
 .text.HAL_ADC_ErrorCallback
                0x08000da6       0x12 cmake/stm32cubemx/CMakeFiles/STM32_Drivers.dir/__/__/Drivers/STM32F1xx_HAL_Driver/Src/stm32f1xx_hal_adc.c.obj
                0x08000da6                HAL_ADC_ErrorCallback
 .text.HAL_ADC_ConfigChannel
                0x08000db8      0x1f0 cmake/stm32cubemx/CMakeFiles/STM32_Drivers.dir/__/__/Drivers/STM32F1xx_HAL_Driver/Src/stm32f1xx_hal_adc.c.obj
                0x08000db8                HAL_ADC_ConfigChannel
 .text.ADC_Enable
                0x08000fa8       0xb4 cmake/stm32cubemx/CMakeFiles/STM32_Drivers.dir/__/__/Drivers/STM32F1xx_HAL_Driver/Src/stm32f1xx_hal_adc.c.obj
                0x08000fa8                ADC_Enable
 .text.ADC_ConversionStop_Disable
                0x0800105c       0x82 cmake/stm32cubemx/CMakeFiles/STM32_Drivers.dir/__/__/Drivers/STM32F1xx_HAL_Driver/Src/stm32f1xx_hal_adc.c.obj
                0x0800105c                ADC_ConversionStop_Disable
 .text.ADC_DMAConvCplt
                0x080010de       0x7c cmake/stm32cubemx/CMakeFiles/STM32_Drivers.dir/__/__/Drivers/STM32F1xx_HAL_Driver/Src/stm32f1xx_hal_adc.c.obj
                0x080010de                ADC_DMAConvCplt
 .text.ADC_DMAHalfConvCplt
                0x0800115a       0x1c cmake/stm32cubemx/CMakeFiles/STM32_Drivers.dir/__/__/Drivers/STM32F1xx_HAL_Driver/Src/stm32f1xx_hal_adc.c.obj
                0x0800115a                ADC_DMAHalfConvCplt
 .text.ADC_DMAError
                0x08001176       0x34 cmake/stm32cubemx/CMakeFiles/STM32_Drivers.dir/__/__/Drivers/STM32F1xx_HAL_Driver/Src/stm32f1xx_hal_adc.c.obj
                0x08001176                ADC_DMAError
 *fill*         0x080011aa        0x2 
 .text.HAL_Init
                0x080011ac       0x2c cmake/stm32cubemx/CMakeFiles/STM32_Drivers.dir/__/__/Drivers/STM32F1xx_HAL_Driver/Src/stm32f1xx_hal.c.obj
                0x080011ac                HAL_Init
 .text.HAL_InitTick
                0x080011d8       0x60 cmake/stm32cubemx/CMakeFiles/STM32_Drivers.dir/__/__/Drivers/STM32F1xx_HAL_Driver/Src/stm32f1xx_hal.c.obj
                0x080011d8                HAL_InitTick
 .text.HAL_IncTick
                0x08001238       0x24 cmake/stm32cubemx/CMakeFiles/STM32_Drivers.dir/__/__/Drivers/STM32F1xx_HAL_Driver/Src/stm32f1xx_hal.c.obj
                0x08001238                HAL_IncTick
 .text.HAL_GetTick
                0x0800125c       0x14 cmake/stm32cubemx/CMakeFiles/STM32_Drivers.dir/__/__/Drivers/STM32F1xx_HAL_Driver/Src/stm32f1xx_hal.c.obj
                0x0800125c                HAL_GetTick
 .text.HAL_RCC_OscConfig
                0x08001270      0x504 cmake/stm32cubemx/CMakeFiles/STM32_Drivers.dir/__/__/Drivers/STM32F1xx_HAL_Driver/Src/stm32f1xx_hal_rcc.c.obj
                0x08001270                HAL_RCC_OscConfig
 .text.HAL_RCC_ClockConfig
                0x08001774      0x1d4 cmake/stm32cubemx/CMakeFiles/STM32_Drivers.dir/__/__/Drivers/STM32F1xx_HAL_Driver/Src/stm32f1xx_hal_rcc.c.obj
                0x08001774                HAL_RCC_ClockConfig
 .text.HAL_RCC_GetSysClockFreq
                0x08001948       0xa8 cmake/stm32cubemx/CMakeFiles/STM32_Drivers.dir/__/__/Drivers/STM32F1xx_HAL_Driver/Src/stm32f1xx_hal_rcc.c.obj
                0x08001948                HAL_RCC_GetSysClockFreq
 .text.HAL_RCC_GetHCLKFreq
                0x080019f0       0x14 cmake/stm32cubemx/CMakeFiles/STM32_Drivers.dir/__/__/Drivers/STM32F1xx_HAL_Driver/Src/stm32f1xx_hal_rcc.c.obj
                0x080019f0                HAL_RCC_GetHCLKFreq
 .text.HAL_RCC_GetPCLK1Freq
                0x08001a04       0x28 cmake/stm32cubemx/CMakeFiles/STM32_Drivers.dir/__/__/Drivers/STM32F1xx_HAL_Driver/Src/stm32f1xx_hal_rcc.c.obj
                0x08001a04                HAL_RCC_GetPCLK1Freq
 .text.HAL_RCC_GetPCLK2Freq
                0x08001a2c       0x28 cmake/stm32cubemx/CMakeFiles/STM32_Drivers.dir/__/__/Drivers/STM32F1xx_HAL_Driver/Src/stm32f1xx_hal_rcc.c.obj
                0x08001a2c                HAL_RCC_GetPCLK2Freq
 .text.RCC_Delay
                0x08001a54       0x3c cmake/stm32cubemx/CMakeFiles/STM32_Drivers.dir/__/__/Drivers/STM32F1xx_HAL_Driver/Src/stm32f1xx_hal_rcc.c.obj
 .text.HAL_RCCEx_PeriphCLKConfig
                0x08001a90      0x16c cmake/stm32cubemx/CMakeFiles/STM32_Drivers.dir/__/__/Drivers/STM32F1xx_HAL_Driver/Src/stm32f1xx_hal_rcc_ex.c.obj
                0x08001a90                HAL_RCCEx_PeriphCLKConfig
 .text.HAL_GPIO_Init
                0x08001bfc      0x308 cmake/stm32cubemx/CMakeFiles/STM32_Drivers.dir/__/__/Drivers/STM32F1xx_HAL_Driver/Src/stm32f1xx_hal_gpio.c.obj
                0x08001bfc                HAL_GPIO_Init
 .text.HAL_GPIO_EXTI_IRQHandler
                0x08001f04       0x30 cmake/stm32cubemx/CMakeFiles/STM32_Drivers.dir/__/__/Drivers/STM32F1xx_HAL_Driver/Src/stm32f1xx_hal_gpio.c.obj
                0x08001f04                HAL_GPIO_EXTI_IRQHandler
 .text.HAL_DMA_Init
                0x08001f34       0xb4 cmake/stm32cubemx/CMakeFiles/STM32_Drivers.dir/__/__/Drivers/STM32F1xx_HAL_Driver/Src/stm32f1xx_hal_dma.c.obj
                0x08001f34                HAL_DMA_Init
 .text.HAL_DMA_Start_IT
                0x08001fe8       0xc0 cmake/stm32cubemx/CMakeFiles/STM32_Drivers.dir/__/__/Drivers/STM32F1xx_HAL_Driver/Src/stm32f1xx_hal_dma.c.obj
                0x08001fe8                HAL_DMA_Start_IT
 .text.HAL_DMA_Abort
                0x080020a8       0x76 cmake/stm32cubemx/CMakeFiles/STM32_Drivers.dir/__/__/Drivers/STM32F1xx_HAL_Driver/Src/stm32f1xx_hal_dma.c.obj
                0x080020a8                HAL_DMA_Abort
 *fill*         0x0800211e        0x2 
 .text.HAL_DMA_Abort_IT
                0x08002120       0xf0 cmake/stm32cubemx/CMakeFiles/STM32_Drivers.dir/__/__/Drivers/STM32F1xx_HAL_Driver/Src/stm32f1xx_hal_dma.c.obj
                0x08002120                HAL_DMA_Abort_IT
 .text.HAL_DMA_IRQHandler
                0x08002210      0x20c cmake/stm32cubemx/CMakeFiles/STM32_Drivers.dir/__/__/Drivers/STM32F1xx_HAL_Driver/Src/stm32f1xx_hal_dma.c.obj
                0x08002210                HAL_DMA_IRQHandler
 .text.DMA_SetConfig
                0x0800241c       0x5a cmake/stm32cubemx/CMakeFiles/STM32_Drivers.dir/__/__/Drivers/STM32F1xx_HAL_Driver/Src/stm32f1xx_hal_dma.c.obj
 *fill*         0x08002476        0x2 
 .text.__NVIC_SetPriorityGrouping
                0x08002478       0x48 cmake/stm32cubemx/CMakeFiles/STM32_Drivers.dir/__/__/Drivers/STM32F1xx_HAL_Driver/Src/stm32f1xx_hal_cortex.c.obj
 .text.__NVIC_GetPriorityGrouping
                0x080024c0       0x1c cmake/stm32cubemx/CMakeFiles/STM32_Drivers.dir/__/__/Drivers/STM32F1xx_HAL_Driver/Src/stm32f1xx_hal_cortex.c.obj
 .text.__NVIC_EnableIRQ
                0x080024dc       0x38 cmake/stm32cubemx/CMakeFiles/STM32_Drivers.dir/__/__/Drivers/STM32F1xx_HAL_Driver/Src/stm32f1xx_hal_cortex.c.obj
 .text.__NVIC_SetPriority
                0x08002514       0x54 cmake/stm32cubemx/CMakeFiles/STM32_Drivers.dir/__/__/Drivers/STM32F1xx_HAL_Driver/Src/stm32f1xx_hal_cortex.c.obj
 .text.NVIC_EncodePriority
                0x08002568       0x64 cmake/stm32cubemx/CMakeFiles/STM32_Drivers.dir/__/__/Drivers/STM32F1xx_HAL_Driver/Src/stm32f1xx_hal_cortex.c.obj
 .text.SysTick_Config
                0x080025cc       0x44 cmake/stm32cubemx/CMakeFiles/STM32_Drivers.dir/__/__/Drivers/STM32F1xx_HAL_Driver/Src/stm32f1xx_hal_cortex.c.obj
 .text.HAL_NVIC_SetPriorityGrouping
                0x08002610       0x16 cmake/stm32cubemx/CMakeFiles/STM32_Drivers.dir/__/__/Drivers/STM32F1xx_HAL_Driver/Src/stm32f1xx_hal_cortex.c.obj
                0x08002610                HAL_NVIC_SetPriorityGrouping
 .text.HAL_NVIC_SetPriority
                0x08002626       0x38 cmake/stm32cubemx/CMakeFiles/STM32_Drivers.dir/__/__/Drivers/STM32F1xx_HAL_Driver/Src/stm32f1xx_hal_cortex.c.obj
                0x08002626                HAL_NVIC_SetPriority
 .text.HAL_NVIC_EnableIRQ
                0x0800265e       0x1c cmake/stm32cubemx/CMakeFiles/STM32_Drivers.dir/__/__/Drivers/STM32F1xx_HAL_Driver/Src/stm32f1xx_hal_cortex.c.obj
                0x0800265e                HAL_NVIC_EnableIRQ
 .text.HAL_SYSTICK_Config
                0x0800267a       0x18 cmake/stm32cubemx/CMakeFiles/STM32_Drivers.dir/__/__/Drivers/STM32F1xx_HAL_Driver/Src/stm32f1xx_hal_cortex.c.obj
                0x0800267a                HAL_SYSTICK_Config
 .text.HAL_SPI_Init
                0x08002692      0x108 cmake/stm32cubemx/CMakeFiles/STM32_Drivers.dir/__/__/Drivers/STM32F1xx_HAL_Driver/Src/stm32f1xx_hal_spi.c.obj
                0x08002692                HAL_SPI_Init
 .text.HAL_TIM_Base_Init
                0x0800279a       0x9e cmake/stm32cubemx/CMakeFiles/STM32_Drivers.dir/__/__/Drivers/STM32F1xx_HAL_Driver/Src/stm32f1xx_hal_tim.c.obj
                0x0800279a                HAL_TIM_Base_Init
 .text.HAL_TIM_OC_Init
                0x08002838       0x9e cmake/stm32cubemx/CMakeFiles/STM32_Drivers.dir/__/__/Drivers/STM32F1xx_HAL_Driver/Src/stm32f1xx_hal_tim.c.obj
                0x08002838                HAL_TIM_OC_Init
 .text.HAL_TIM_OC_MspInit
                0x080028d6       0x12 cmake/stm32cubemx/CMakeFiles/STM32_Drivers.dir/__/__/Drivers/STM32F1xx_HAL_Driver/Src/stm32f1xx_hal_tim.c.obj
                0x080028d6                HAL_TIM_OC_MspInit
 .text.HAL_TIM_OC_Start_IT
                0x080028e8      0x1e0 cmake/stm32cubemx/CMakeFiles/STM32_Drivers.dir/__/__/Drivers/STM32F1xx_HAL_Driver/Src/stm32f1xx_hal_tim.c.obj
                0x080028e8                HAL_TIM_OC_Start_IT
 .text.HAL_TIM_PWM_Init
                0x08002ac8       0x9e cmake/stm32cubemx/CMakeFiles/STM32_Drivers.dir/__/__/Drivers/STM32F1xx_HAL_Driver/Src/stm32f1xx_hal_tim.c.obj
                0x08002ac8                HAL_TIM_PWM_Init
 .text.HAL_TIM_PWM_MspInit
                0x08002b66       0x12 cmake/stm32cubemx/CMakeFiles/STM32_Drivers.dir/__/__/Drivers/STM32F1xx_HAL_Driver/Src/stm32f1xx_hal_tim.c.obj
                0x08002b66                HAL_TIM_PWM_MspInit
 .text.HAL_TIM_PWM_Start
                0x08002b78      0x144 cmake/stm32cubemx/CMakeFiles/STM32_Drivers.dir/__/__/Drivers/STM32F1xx_HAL_Driver/Src/stm32f1xx_hal_tim.c.obj
                0x08002b78                HAL_TIM_PWM_Start
 .text.HAL_TIM_PWM_Stop
                0x08002cbc       0xc8 cmake/stm32cubemx/CMakeFiles/STM32_Drivers.dir/__/__/Drivers/STM32F1xx_HAL_Driver/Src/stm32f1xx_hal_tim.c.obj
                0x08002cbc                HAL_TIM_PWM_Stop
 .text.HAL_TIM_OnePulse_Init
                0x08002d84       0xa0 cmake/stm32cubemx/CMakeFiles/STM32_Drivers.dir/__/__/Drivers/STM32F1xx_HAL_Driver/Src/stm32f1xx_hal_tim.c.obj
                0x08002d84                HAL_TIM_OnePulse_Init
 .text.HAL_TIM_OnePulse_MspInit
                0x08002e24       0x12 cmake/stm32cubemx/CMakeFiles/STM32_Drivers.dir/__/__/Drivers/STM32F1xx_HAL_Driver/Src/stm32f1xx_hal_tim.c.obj
                0x08002e24                HAL_TIM_OnePulse_MspInit
 .text.HAL_TIM_IRQHandler
                0x08002e36      0x1e0 cmake/stm32cubemx/CMakeFiles/STM32_Drivers.dir/__/__/Drivers/STM32F1xx_HAL_Driver/Src/stm32f1xx_hal_tim.c.obj
                0x08002e36                HAL_TIM_IRQHandler
 *fill*         0x08003016        0x2 
 .text.HAL_TIM_OC_ConfigChannel
                0x08003018       0xb8 cmake/stm32cubemx/CMakeFiles/STM32_Drivers.dir/__/__/Drivers/STM32F1xx_HAL_Driver/Src/stm32f1xx_hal_tim.c.obj
                0x08003018                HAL_TIM_OC_ConfigChannel
 .text.HAL_TIM_PWM_ConfigChannel
                0x080030d0      0x184 cmake/stm32cubemx/CMakeFiles/STM32_Drivers.dir/__/__/Drivers/STM32F1xx_HAL_Driver/Src/stm32f1xx_hal_tim.c.obj
                0x080030d0                HAL_TIM_PWM_ConfigChannel
 .text.HAL_TIM_ConfigClockSource
                0x08003254      0x18e cmake/stm32cubemx/CMakeFiles/STM32_Drivers.dir/__/__/Drivers/STM32F1xx_HAL_Driver/Src/stm32f1xx_hal_tim.c.obj
                0x08003254                HAL_TIM_ConfigClockSource
 .text.HAL_TIM_SlaveConfigSynchro
                0x080033e2       0x84 cmake/stm32cubemx/CMakeFiles/STM32_Drivers.dir/__/__/Drivers/STM32F1xx_HAL_Driver/Src/stm32f1xx_hal_tim.c.obj
                0x080033e2                HAL_TIM_SlaveConfigSynchro
 .text.HAL_TIM_PeriodElapsedCallback
                0x08003466       0x12 cmake/stm32cubemx/CMakeFiles/STM32_Drivers.dir/__/__/Drivers/STM32F1xx_HAL_Driver/Src/stm32f1xx_hal_tim.c.obj
                0x08003466                HAL_TIM_PeriodElapsedCallback
 .text.HAL_TIM_IC_CaptureCallback
                0x08003478       0x12 cmake/stm32cubemx/CMakeFiles/STM32_Drivers.dir/__/__/Drivers/STM32F1xx_HAL_Driver/Src/stm32f1xx_hal_tim.c.obj
                0x08003478                HAL_TIM_IC_CaptureCallback
 .text.HAL_TIM_PWM_PulseFinishedCallback
                0x0800348a       0x12 cmake/stm32cubemx/CMakeFiles/STM32_Drivers.dir/__/__/Drivers/STM32F1xx_HAL_Driver/Src/stm32f1xx_hal_tim.c.obj
                0x0800348a                HAL_TIM_PWM_PulseFinishedCallback
 .text.HAL_TIM_TriggerCallback
                0x0800349c       0x12 cmake/stm32cubemx/CMakeFiles/STM32_Drivers.dir/__/__/Drivers/STM32F1xx_HAL_Driver/Src/stm32f1xx_hal_tim.c.obj
                0x0800349c                HAL_TIM_TriggerCallback
 *fill*         0x080034ae        0x2 
 .text.TIM_Base_SetConfig
                0x080034b0       0xdc cmake/stm32cubemx/CMakeFiles/STM32_Drivers.dir/__/__/Drivers/STM32F1xx_HAL_Driver/Src/stm32f1xx_hal_tim.c.obj
                0x080034b0                TIM_Base_SetConfig
 .text.TIM_OC1_SetConfig
                0x0800358c       0xcc cmake/stm32cubemx/CMakeFiles/STM32_Drivers.dir/__/__/Drivers/STM32F1xx_HAL_Driver/Src/stm32f1xx_hal_tim.c.obj
 .text.TIM_OC2_SetConfig
                0x08003658       0xd4 cmake/stm32cubemx/CMakeFiles/STM32_Drivers.dir/__/__/Drivers/STM32F1xx_HAL_Driver/Src/stm32f1xx_hal_tim.c.obj
                0x08003658                TIM_OC2_SetConfig
 .text.TIM_OC3_SetConfig
                0x0800372c       0xd4 cmake/stm32cubemx/CMakeFiles/STM32_Drivers.dir/__/__/Drivers/STM32F1xx_HAL_Driver/Src/stm32f1xx_hal_tim.c.obj
 .text.TIM_OC4_SetConfig
                0x08003800       0x9c cmake/stm32cubemx/CMakeFiles/STM32_Drivers.dir/__/__/Drivers/STM32F1xx_HAL_Driver/Src/stm32f1xx_hal_tim.c.obj
 .text.TIM_SlaveTimer_SetConfig
                0x0800389c      0x122 cmake/stm32cubemx/CMakeFiles/STM32_Drivers.dir/__/__/Drivers/STM32F1xx_HAL_Driver/Src/stm32f1xx_hal_tim.c.obj
 .text.TIM_TI1_ConfigInputStage
                0x080039be       0x5c cmake/stm32cubemx/CMakeFiles/STM32_Drivers.dir/__/__/Drivers/STM32F1xx_HAL_Driver/Src/stm32f1xx_hal_tim.c.obj
 .text.TIM_TI2_ConfigInputStage
                0x08003a1a       0x5e cmake/stm32cubemx/CMakeFiles/STM32_Drivers.dir/__/__/Drivers/STM32F1xx_HAL_Driver/Src/stm32f1xx_hal_tim.c.obj
 .text.TIM_ITRx_SetConfig
                0x08003a78       0x34 cmake/stm32cubemx/CMakeFiles/STM32_Drivers.dir/__/__/Drivers/STM32F1xx_HAL_Driver/Src/stm32f1xx_hal_tim.c.obj
 .text.TIM_ETR_SetConfig
                0x08003aac       0x3e cmake/stm32cubemx/CMakeFiles/STM32_Drivers.dir/__/__/Drivers/STM32F1xx_HAL_Driver/Src/stm32f1xx_hal_tim.c.obj
                0x08003aac                TIM_ETR_SetConfig
 .text.TIM_CCxChannelCmd
                0x08003aea       0x48 cmake/stm32cubemx/CMakeFiles/STM32_Drivers.dir/__/__/Drivers/STM32F1xx_HAL_Driver/Src/stm32f1xx_hal_tim.c.obj
                0x08003aea                TIM_CCxChannelCmd
 *fill*         0x08003b32        0x2 
 .text.HAL_TIMEx_MasterConfigSynchronization
                0x08003b34       0xbc cmake/stm32cubemx/CMakeFiles/STM32_Drivers.dir/__/__/Drivers/STM32F1xx_HAL_Driver/Src/stm32f1xx_hal_tim_ex.c.obj
                0x08003b34                HAL_TIMEx_MasterConfigSynchronization
 .text.HAL_TIMEx_ConfigBreakDeadTime
                0x08003bf0       0xa2 cmake/stm32cubemx/CMakeFiles/STM32_Drivers.dir/__/__/Drivers/STM32F1xx_HAL_Driver/Src/stm32f1xx_hal_tim_ex.c.obj
                0x08003bf0                HAL_TIMEx_ConfigBreakDeadTime
 .text.HAL_TIMEx_CommutCallback
                0x08003c92       0x12 cmake/stm32cubemx/CMakeFiles/STM32_Drivers.dir/__/__/Drivers/STM32F1xx_HAL_Driver/Src/stm32f1xx_hal_tim_ex.c.obj
                0x08003c92                HAL_TIMEx_CommutCallback
 .text.HAL_TIMEx_BreakCallback
                0x08003ca4       0x12 cmake/stm32cubemx/CMakeFiles/STM32_Drivers.dir/__/__/Drivers/STM32F1xx_HAL_Driver/Src/stm32f1xx_hal_tim_ex.c.obj
                0x08003ca4                HAL_TIMEx_BreakCallback
 .text.HAL_UART_Init
                0x08003cb6       0xa0 cmake/stm32cubemx/CMakeFiles/STM32_Drivers.dir/__/__/Drivers/STM32F1xx_HAL_Driver/Src/stm32f1xx_hal_uart.c.obj
                0x08003cb6                HAL_UART_Init
 .text.HAL_UART_Transmit
                0x08003d56      0x116 cmake/stm32cubemx/CMakeFiles/STM32_Drivers.dir/__/__/Drivers/STM32F1xx_HAL_Driver/Src/stm32f1xx_hal_uart.c.obj
                0x08003d56                HAL_UART_Transmit
 .text.HAL_UARTEx_ReceiveToIdle_IT
                0x08003e6c       0xba cmake/stm32cubemx/CMakeFiles/STM32_Drivers.dir/__/__/Drivers/STM32F1xx_HAL_Driver/Src/stm32f1xx_hal_uart.c.obj
                0x08003e6c                HAL_UARTEx_ReceiveToIdle_IT
 *fill*         0x08003f26        0x2 
 .text.HAL_UART_IRQHandler
                0x08003f28      0x524 cmake/stm32cubemx/CMakeFiles/STM32_Drivers.dir/__/__/Drivers/STM32F1xx_HAL_Driver/Src/stm32f1xx_hal_uart.c.obj
                0x08003f28                HAL_UART_IRQHandler
 .text.HAL_UART_TxCpltCallback
                0x0800444c       0x12 cmake/stm32cubemx/CMakeFiles/STM32_Drivers.dir/__/__/Drivers/STM32F1xx_HAL_Driver/Src/stm32f1xx_hal_uart.c.obj
                0x0800444c                HAL_UART_TxCpltCallback
 .text.HAL_UART_RxCpltCallback
                0x0800445e       0x12 cmake/stm32cubemx/CMakeFiles/STM32_Drivers.dir/__/__/Drivers/STM32F1xx_HAL_Driver/Src/stm32f1xx_hal_uart.c.obj
                0x0800445e                HAL_UART_RxCpltCallback
 .text.HAL_UART_ErrorCallback
                0x08004470       0x12 cmake/stm32cubemx/CMakeFiles/STM32_Drivers.dir/__/__/Drivers/STM32F1xx_HAL_Driver/Src/stm32f1xx_hal_uart.c.obj
                0x08004470                HAL_UART_ErrorCallback
 .text.UART_WaitOnFlagUntilTimeout
                0x08004482       0xb2 cmake/stm32cubemx/CMakeFiles/STM32_Drivers.dir/__/__/Drivers/STM32F1xx_HAL_Driver/Src/stm32f1xx_hal_uart.c.obj
 .text.UART_Start_Receive_IT
                0x08004534       0x72 cmake/stm32cubemx/CMakeFiles/STM32_Drivers.dir/__/__/Drivers/STM32F1xx_HAL_Driver/Src/stm32f1xx_hal_uart.c.obj
                0x08004534                UART_Start_Receive_IT
 .text.UART_EndRxTransfer
                0x080045a6       0xc4 cmake/stm32cubemx/CMakeFiles/STM32_Drivers.dir/__/__/Drivers/STM32F1xx_HAL_Driver/Src/stm32f1xx_hal_uart.c.obj
 .text.UART_DMAAbortOnError
                0x0800466a       0x28 cmake/stm32cubemx/CMakeFiles/STM32_Drivers.dir/__/__/Drivers/STM32F1xx_HAL_Driver/Src/stm32f1xx_hal_uart.c.obj
 .text.UART_Transmit_IT
                0x08004692       0x9e cmake/stm32cubemx/CMakeFiles/STM32_Drivers.dir/__/__/Drivers/STM32F1xx_HAL_Driver/Src/stm32f1xx_hal_uart.c.obj
 .text.UART_EndTransmit_IT
                0x08004730       0x30 cmake/stm32cubemx/CMakeFiles/STM32_Drivers.dir/__/__/Drivers/STM32F1xx_HAL_Driver/Src/stm32f1xx_hal_uart.c.obj
 .text.UART_Receive_IT
                0x08004760      0x17c cmake/stm32cubemx/CMakeFiles/STM32_Drivers.dir/__/__/Drivers/STM32F1xx_HAL_Driver/Src/stm32f1xx_hal_uart.c.obj
 .text.UART_SetConfig
                0x080048dc      0x11c cmake/stm32cubemx/CMakeFiles/STM32_Drivers.dir/__/__/Drivers/STM32F1xx_HAL_Driver/Src/stm32f1xx_hal_uart.c.obj
 .text.__NVIC_DisableIRQ
                0x080049f8       0x48 CMakeFiles/modbus_stm32f103.dir/Core/Src/main.c.obj
 .text.main     0x08004a40       0x94 CMakeFiles/modbus_stm32f103.dir/Core/Src/main.c.obj
                0x08004a40                main
 .text.SystemClock_Config
                0x08004ad4       0xb6 CMakeFiles/modbus_stm32f103.dir/Core/Src/main.c.obj
                0x08004ad4                SystemClock_Config
 *fill*         0x08004b8a        0x2 
 .text.MX_ADC1_Init
                0x08004b8c      0x160 CMakeFiles/modbus_stm32f103.dir/Core/Src/main.c.obj
 .text.MX_SPI1_Init
                0x08004cec       0x6c CMakeFiles/modbus_stm32f103.dir/Core/Src/main.c.obj
 .text.MX_TIM1_Init
                0x08004d58      0x154 CMakeFiles/modbus_stm32f103.dir/Core/Src/main.c.obj
 .text.MX_TIM2_Init
                0x08004eac       0xf0 CMakeFiles/modbus_stm32f103.dir/Core/Src/main.c.obj
 .text.MX_TIM3_Init
                0x08004f9c       0x98 CMakeFiles/modbus_stm32f103.dir/Core/Src/main.c.obj
 .text.MX_TIM4_Init
                0x08005034       0xe8 CMakeFiles/modbus_stm32f103.dir/Core/Src/main.c.obj
 .text.MX_USART1_UART_Init
                0x0800511c       0x54 CMakeFiles/modbus_stm32f103.dir/Core/Src/main.c.obj
 .text.MX_DMA_Init
                0x08005170       0x3c CMakeFiles/modbus_stm32f103.dir/Core/Src/main.c.obj
 .text.MX_GPIO_Init
                0x080051ac       0x94 CMakeFiles/modbus_stm32f103.dir/Core/Src/main.c.obj
 .text.HAL_ADC_ConvCpltCallback
                0x08005240       0xd4 CMakeFiles/modbus_stm32f103.dir/Core/Src/main.c.obj
                0x08005240                HAL_ADC_ConvCpltCallback
 .text.HAL_TIM_OC_DelayElapsedCallback
                0x08005314       0x30 CMakeFiles/modbus_stm32f103.dir/Core/Src/main.c.obj
                0x08005314                HAL_TIM_OC_DelayElapsedCallback
 .text.HAL_GPIO_EXTI_Callback
                0x08005344       0xa8 CMakeFiles/modbus_stm32f103.dir/Core/Src/main.c.obj
                0x08005344                HAL_GPIO_EXTI_Callback
 .text.HAL_UARTEx_RxEventCallback
                0x080053ec       0xb8 CMakeFiles/modbus_stm32f103.dir/Core/Src/main.c.obj
                0x080053ec                HAL_UARTEx_RxEventCallback
 .text.StopTimers
                0x080054a4       0x20 CMakeFiles/modbus_stm32f103.dir/Core/Src/main.c.obj
                0x080054a4                StopTimers
 .text.StartTimers
                0x080054c4       0x20 CMakeFiles/modbus_stm32f103.dir/Core/Src/main.c.obj
                0x080054c4                StartTimers
 .text.SetHZ    0x080054e4       0x68 CMakeFiles/modbus_stm32f103.dir/Core/Src/main.c.obj
                0x080054e4                SetHZ
 .text.SetPulse
                0x0800554c       0x84 CMakeFiles/modbus_stm32f103.dir/Core/Src/main.c.obj
                0x0800554c                SetPulse
 .text.Error_Handler
                0x080055d0        0xc CMakeFiles/modbus_stm32f103.dir/Core/Src/main.c.obj
                0x080055d0                Error_Handler
 .text.NMI_Handler
                0x080055dc        0x8 CMakeFiles/modbus_stm32f103.dir/Core/Src/stm32f1xx_it.c.obj
                0x080055dc                NMI_Handler
 .text.HardFault_Handler
                0x080055e4        0x8 CMakeFiles/modbus_stm32f103.dir/Core/Src/stm32f1xx_it.c.obj
                0x080055e4                HardFault_Handler
 .text.MemManage_Handler
                0x080055ec        0x8 CMakeFiles/modbus_stm32f103.dir/Core/Src/stm32f1xx_it.c.obj
                0x080055ec                MemManage_Handler
 .text.BusFault_Handler
                0x080055f4        0x8 CMakeFiles/modbus_stm32f103.dir/Core/Src/stm32f1xx_it.c.obj
                0x080055f4                BusFault_Handler
 .text.UsageFault_Handler
                0x080055fc        0x8 CMakeFiles/modbus_stm32f103.dir/Core/Src/stm32f1xx_it.c.obj
                0x080055fc                UsageFault_Handler
 .text.SVC_Handler
                0x08005604        0xc CMakeFiles/modbus_stm32f103.dir/Core/Src/stm32f1xx_it.c.obj
                0x08005604                SVC_Handler
 .text.DebugMon_Handler
                0x08005610        0xc CMakeFiles/modbus_stm32f103.dir/Core/Src/stm32f1xx_it.c.obj
                0x08005610                DebugMon_Handler
 .text.PendSV_Handler
                0x0800561c        0xc CMakeFiles/modbus_stm32f103.dir/Core/Src/stm32f1xx_it.c.obj
                0x0800561c                PendSV_Handler
 .text.SysTick_Handler
                0x08005628        0xc CMakeFiles/modbus_stm32f103.dir/Core/Src/stm32f1xx_it.c.obj
                0x08005628                SysTick_Handler
 .text.DMA1_Channel1_IRQHandler
                0x08005634       0x14 CMakeFiles/modbus_stm32f103.dir/Core/Src/stm32f1xx_it.c.obj
                0x08005634                DMA1_Channel1_IRQHandler
 .text.TIM3_IRQHandler
                0x08005648       0x14 CMakeFiles/modbus_stm32f103.dir/Core/Src/stm32f1xx_it.c.obj
                0x08005648                TIM3_IRQHandler
 .text.TIM4_IRQHandler
                0x0800565c       0x14 CMakeFiles/modbus_stm32f103.dir/Core/Src/stm32f1xx_it.c.obj
                0x0800565c                TIM4_IRQHandler
 .text.USART1_IRQHandler
                0x08005670       0x14 CMakeFiles/modbus_stm32f103.dir/Core/Src/stm32f1xx_it.c.obj
                0x08005670                USART1_IRQHandler
 .text.EXTI15_10_IRQHandler
                0x08005684       0x28 CMakeFiles/modbus_stm32f103.dir/Core/Src/stm32f1xx_it.c.obj
                0x08005684                EXTI15_10_IRQHandler
 .text.HAL_MspInit
                0x080056ac       0x64 CMakeFiles/modbus_stm32f103.dir/Core/Src/stm32f1xx_hal_msp.c.obj
                0x080056ac                HAL_MspInit
 .text.HAL_ADC_MspInit
                0x08005710      0x100 CMakeFiles/modbus_stm32f103.dir/Core/Src/stm32f1xx_hal_msp.c.obj
                0x08005710                HAL_ADC_MspInit
 .text.HAL_SPI_MspInit
                0x08005810       0xb4 CMakeFiles/modbus_stm32f103.dir/Core/Src/stm32f1xx_hal_msp.c.obj
                0x08005810                HAL_SPI_MspInit
 .text.HAL_TIM_Base_MspInit
                0x080058c4       0xd0 CMakeFiles/modbus_stm32f103.dir/Core/Src/stm32f1xx_hal_msp.c.obj
                0x080058c4                HAL_TIM_Base_MspInit
 .text.HAL_TIM_MspPostInit
                0x08005994       0xd0 CMakeFiles/modbus_stm32f103.dir/Core/Src/stm32f1xx_hal_msp.c.obj
                0x08005994                HAL_TIM_MspPostInit
 .text.HAL_UART_MspInit
                0x08005a64       0xa8 CMakeFiles/modbus_stm32f103.dir/Core/Src/stm32f1xx_hal_msp.c.obj
                0x08005a64                HAL_UART_MspInit
 .text.Reset_Handler
                0x08005b0c       0x48 CMakeFiles/modbus_stm32f103.dir/startup_stm32f103xb.s.obj
                0x08005b0c                Reset_Handler
 .text.Default_Handler
                0x08005b54        0x2 CMakeFiles/modbus_stm32f103.dir/startup_stm32f103xb.s.obj
                0x08005b54                RTC_Alarm_IRQHandler
                0x08005b54                EXTI2_IRQHandler
                0x08005b54                TIM1_CC_IRQHandler
                0x08005b54                PVD_IRQHandler
                0x08005b54                EXTI3_IRQHandler
                0x08005b54                EXTI0_IRQHandler
                0x08005b54                I2C2_EV_IRQHandler
                0x08005b54                ADC1_2_IRQHandler
                0x08005b54                SPI1_IRQHandler
                0x08005b54                TAMPER_IRQHandler
                0x08005b54                DMA1_Channel4_IRQHandler
                0x08005b54                USART3_IRQHandler
                0x08005b54                RTC_IRQHandler
                0x08005b54                DMA1_Channel7_IRQHandler
                0x08005b54                CAN1_RX1_IRQHandler
                0x08005b54                I2C1_EV_IRQHandler
                0x08005b54                DMA1_Channel6_IRQHandler
                0x08005b54                RCC_IRQHandler
                0x08005b54                TIM1_TRG_COM_IRQHandler
                0x08005b54                Default_Handler
                0x08005b54                EXTI9_5_IRQHandler
                0x08005b54                SPI2_IRQHandler
                0x08005b54                DMA1_Channel5_IRQHandler
                0x08005b54                EXTI4_IRQHandler
                0x08005b54                USB_LP_CAN1_RX0_IRQHandler
                0x08005b54                USB_HP_CAN1_TX_IRQHandler
                0x08005b54                DMA1_Channel3_IRQHandler
                0x08005b54                TIM1_UP_IRQHandler
                0x08005b54                WWDG_IRQHandler
                0x08005b54                TIM2_IRQHandler
                0x08005b54                TIM1_BRK_IRQHandler
                0x08005b54                EXTI1_IRQHandler
                0x08005b54                USART2_IRQHandler
                0x08005b54                I2C2_ER_IRQHandler
                0x08005b54                DMA1_Channel2_IRQHandler
                0x08005b54                CAN1_SCE_IRQHandler
                0x08005b54                FLASH_IRQHandler
                0x08005b54                I2C1_ER_IRQHandler
                0x08005b54                USBWakeUp_IRQHandler
 *fill*         0x08005b56        0x2 
 .text.crc16    0x08005b58       0x6c CMakeFiles/modbus_stm32f103.dir/Core/Src/modbus_crc.c.obj
                0x08005b58                crc16
 .text.sendData
                0x08005bc4       0x58 CMakeFiles/modbus_stm32f103.dir/Core/Src/modbusSlave.c.obj
                0x08005bc4                sendData
 .text.modbusException
                0x08005c1c       0x40 CMakeFiles/modbus_stm32f103.dir/Core/Src/modbusSlave.c.obj
                0x08005c1c                modbusException
 .text.readHoldingRegs
                0x08005c5c       0xec CMakeFiles/modbus_stm32f103.dir/Core/Src/modbusSlave.c.obj
                0x08005c5c                readHoldingRegs
 .text.readInputRegs
                0x08005d48       0xec CMakeFiles/modbus_stm32f103.dir/Core/Src/modbusSlave.c.obj
                0x08005d48                readInputRegs
 .text.readCoils
                0x08005e34      0x164 CMakeFiles/modbus_stm32f103.dir/Core/Src/modbusSlave.c.obj
                0x08005e34                readCoils
 .text.readInputs
                0x08005f98      0x16c CMakeFiles/modbus_stm32f103.dir/Core/Src/modbusSlave.c.obj
                0x08005f98                readInputs
 .text.writeHoldingRegs
                0x08006104      0x10c CMakeFiles/modbus_stm32f103.dir/Core/Src/modbusSlave.c.obj
                0x08006104                writeHoldingRegs
 .text.writeSingleReg
                0x08006210       0xa0 CMakeFiles/modbus_stm32f103.dir/Core/Src/modbusSlave.c.obj
                0x08006210                writeSingleReg
 .text.writeSingleCoil
                0x080062b0      0x104 CMakeFiles/modbus_stm32f103.dir/Core/Src/modbusSlave.c.obj
                0x080062b0                writeSingleCoil
 .text.writeMultiCoils
                0x080063b4      0x18c CMakeFiles/modbus_stm32f103.dir/Core/Src/modbusSlave.c.obj
                0x080063b4                writeMultiCoils
 *(.glue_7)
 .glue_7        0x08006540        0x0 linker stubs
 *(.glue_7t)
 .glue_7t       0x08006540        0x0 linker stubs
 *(.eh_frame)
 .eh_frame      0x08006540        0x0 /home/serg50012/stm/CubeCTL/GNU-tools-for-STM32/bin/../lib/gcc/arm-none-eabi/12.3.1/thumb/v7-m/nofp/crtbegin.o
 *(.init)
 .init          0x08006540        0x4 /home/serg50012/stm/CubeCTL/GNU-tools-for-STM32/bin/../lib/gcc/arm-none-eabi/12.3.1/thumb/v7-m/nofp/crti.o
                0x08006540                _init
 .init          0x08006544        0x8 /home/serg50012/stm/CubeCTL/GNU-tools-for-STM32/bin/../lib/gcc/arm-none-eabi/12.3.1/thumb/v7-m/nofp/crtn.o
 *(.fini)
 .fini          0x0800654c        0x4 /home/serg50012/stm/CubeCTL/GNU-tools-for-STM32/bin/../lib/gcc/arm-none-eabi/12.3.1/thumb/v7-m/nofp/crti.o
                0x0800654c                _fini
 .fini          0x08006550        0x8 /home/serg50012/stm/CubeCTL/GNU-tools-for-STM32/bin/../lib/gcc/arm-none-eabi/12.3.1/thumb/v7-m/nofp/crtn.o
                0x08006558                        . = ALIGN (0x4)
                0x08006558                        _etext = .

.vfp11_veneer   0x08006558        0x0
 .vfp11_veneer  0x08006558        0x0 linker stubs

.v4_bx          0x08006558        0x0
 .v4_bx         0x08006558        0x0 linker stubs

.iplt           0x08006558        0x0
 .iplt          0x08006558        0x0 /home/serg50012/stm/CubeCTL/GNU-tools-for-STM32/bin/../lib/gcc/arm-none-eabi/12.3.1/thumb/v7-m/nofp/crtbegin.o

.rodata         0x08006558      0x22c
                0x08006558                        . = ALIGN (0x4)
 *(.rodata)
 *(.rodata*)
 .rodata.AHBPrescTable
                0x08006558       0x10 cmake/stm32cubemx/CMakeFiles/STM32_Drivers.dir/__/__/Core/Src/system_stm32f1xx.c.obj
                0x08006558                AHBPrescTable
 .rodata.APBPrescTable
                0x08006568        0x8 cmake/stm32cubemx/CMakeFiles/STM32_Drivers.dir/__/__/Core/Src/system_stm32f1xx.c.obj
                0x08006568                APBPrescTable
 .rodata.aPLLMULFactorTable.1
                0x08006570       0x10 cmake/stm32cubemx/CMakeFiles/STM32_Drivers.dir/__/__/Drivers/STM32F1xx_HAL_Driver/Src/stm32f1xx_hal_rcc.c.obj
 .rodata.aPredivFactorTable.0
                0x08006580        0x2 cmake/stm32cubemx/CMakeFiles/STM32_Drivers.dir/__/__/Drivers/STM32F1xx_HAL_Driver/Src/stm32f1xx_hal_rcc.c.obj
 *fill*         0x08006582        0x2 
 .rodata.table_crc_hi
                0x08006584      0x100 CMakeFiles/modbus_stm32f103.dir/Core/Src/modbus_crc.c.obj
 .rodata.table_crc_lo
                0x08006684      0x100 CMakeFiles/modbus_stm32f103.dir/Core/Src/modbus_crc.c.obj
                0x08006784                        . = ALIGN (0x4)

.rel.dyn        0x08006784        0x0
 .rel.iplt      0x08006784        0x0 /home/serg50012/stm/CubeCTL/GNU-tools-for-STM32/bin/../lib/gcc/arm-none-eabi/12.3.1/thumb/v7-m/nofp/crtbegin.o

.ARM.extab
 *(.ARM.extab* .gnu.linkonce.armextab.*)

.ARM            0x08006784        0x0
                0x08006784                        __exidx_start = .
 *(.ARM.exidx*)
                0x08006784                        __exidx_end = .

.preinit_array  0x08006784        0x0
                0x08006784                        PROVIDE (__preinit_array_start = .)
 *(.preinit_array*)
                0x08006784                        PROVIDE (__preinit_array_end = .)

.init_array     0x08006784        0x4
                0x08006784                        PROVIDE (__init_array_start = .)
 *(SORT_BY_NAME(.init_array.*))
 *(.init_array*)
 .init_array    0x08006784        0x4 /home/serg50012/stm/CubeCTL/GNU-tools-for-STM32/bin/../lib/gcc/arm-none-eabi/12.3.1/thumb/v7-m/nofp/crtbegin.o
                0x08006788                        PROVIDE (__init_array_end = .)

.fini_array     0x08006788        0x4
                [!provide]                        PROVIDE (__fini_array_start = .)
 *(SORT_BY_NAME(.fini_array.*))
 *(.fini_array*)
 .fini_array    0x08006788        0x4 /home/serg50012/stm/CubeCTL/GNU-tools-for-STM32/bin/../lib/gcc/arm-none-eabi/12.3.1/thumb/v7-m/nofp/crtbegin.o
                [!provide]                        PROVIDE (__fini_array_end = .)
                0x0800678c                        _sidata = LOADADDR (.data)

.data           0x20000000        0xc load address 0x0800678c
                0x20000000                        . = ALIGN (0x4)
                0x20000000                        _sdata = .
 *(.data)
 *(.data*)
 .data.SystemCoreClock
                0x20000000        0x4 cmake/stm32cubemx/CMakeFiles/STM32_Drivers.dir/__/__/Core/Src/system_stm32f1xx.c.obj
                0x20000000                SystemCoreClock
 .data.uwTickPrio
                0x20000004        0x4 cmake/stm32cubemx/CMakeFiles/STM32_Drivers.dir/__/__/Drivers/STM32F1xx_HAL_Driver/Src/stm32f1xx_hal.c.obj
                0x20000004                uwTickPrio
 .data.uwTickFreq
                0x20000008        0x1 cmake/stm32cubemx/CMakeFiles/STM32_Drivers.dir/__/__/Drivers/STM32F1xx_HAL_Driver/Src/stm32f1xx_hal.c.obj
                0x20000008                uwTickFreq
                0x2000000c                        . = ALIGN (0x4)
 *fill*         0x20000009        0x3 
                0x2000000c                        _edata = .

.igot.plt       0x2000000c        0x0 load address 0x08006798
 .igot.plt      0x2000000c        0x0 /home/serg50012/stm/CubeCTL/GNU-tools-for-STM32/bin/../lib/gcc/arm-none-eabi/12.3.1/thumb/v7-m/nofp/crtbegin.o
                0x2000000c                        . = ALIGN (0x4)

.bss            0x2000000c      0x5f0 load address 0x08006798
                0x2000000c                        _sbss = .
                0x2000000c                        __bss_start__ = _sbss
 *(.bss)
 .bss           0x2000000c       0x1c /home/serg50012/stm/CubeCTL/GNU-tools-for-STM32/bin/../lib/gcc/arm-none-eabi/12.3.1/thumb/v7-m/nofp/crtbegin.o
 *(.bss*)
 .bss.uwTick    0x20000028        0x4 cmake/stm32cubemx/CMakeFiles/STM32_Drivers.dir/__/__/Drivers/STM32F1xx_HAL_Driver/Src/stm32f1xx_hal.c.obj
                0x20000028                uwTick
 .bss.hadc1     0x2000002c       0x30 CMakeFiles/modbus_stm32f103.dir/Core/Src/main.c.obj
                0x2000002c                hadc1
 .bss.hdma_adc1
                0x2000005c       0x44 CMakeFiles/modbus_stm32f103.dir/Core/Src/main.c.obj
                0x2000005c                hdma_adc1
 .bss.hspi1     0x200000a0       0x58 CMakeFiles/modbus_stm32f103.dir/Core/Src/main.c.obj
                0x200000a0                hspi1
 .bss.htim1     0x200000f8       0x48 CMakeFiles/modbus_stm32f103.dir/Core/Src/main.c.obj
                0x200000f8                htim1
 .bss.htim2     0x20000140       0x48 CMakeFiles/modbus_stm32f103.dir/Core/Src/main.c.obj
                0x20000140                htim2
 .bss.htim3     0x20000188       0x48 CMakeFiles/modbus_stm32f103.dir/Core/Src/main.c.obj
                0x20000188                htim3
 .bss.htim4     0x200001d0       0x48 CMakeFiles/modbus_stm32f103.dir/Core/Src/main.c.obj
                0x200001d0                htim4
 .bss.huart1    0x20000218       0x48 CMakeFiles/modbus_stm32f103.dir/Core/Src/main.c.obj
                0x20000218                huart1
 .bss.adcData   0x20000260       0xb4 CMakeFiles/modbus_stm32f103.dir/Core/Src/main.c.obj
                0x20000260                adcData
 .bss.adcVoltage
                0x20000314       0x12 CMakeFiles/modbus_stm32f103.dir/Core/Src/main.c.obj
                0x20000314                adcVoltage
 *fill*         0x20000326        0x2 
 .bss.last_tick
                0x20000328        0x4 CMakeFiles/modbus_stm32f103.dir/Core/Src/main.c.obj
                0x20000328                last_tick
 .bss.current_tick
                0x2000032c        0x4 CMakeFiles/modbus_stm32f103.dir/Core/Src/main.c.obj
                0x2000032c                current_tick
 .bss.RxData    0x20000330      0x100 CMakeFiles/modbus_stm32f103.dir/Core/Src/main.c.obj
                0x20000330                RxData
 .bss.TxData    0x20000430      0x100 CMakeFiles/modbus_stm32f103.dir/Core/Src/main.c.obj
                0x20000430                TxData
 .bss.usRegInputBuf
                0x20000530       0x74 CMakeFiles/modbus_stm32f103.dir/Core/Src/modbusSlave.c.obj
                0x20000530                usRegInputBuf
 .bss.usRegHoldingBuf
                0x200005a4       0x4e CMakeFiles/modbus_stm32f103.dir/Core/Src/modbusSlave.c.obj
                0x200005a4                usRegHoldingBuf
 *fill*         0x200005f2        0x2 
 .bss.usCoilsBuf
                0x200005f4        0x2 CMakeFiles/modbus_stm32f103.dir/Core/Src/modbusSlave.c.obj
                0x200005f4                usCoilsBuf
 *fill*         0x200005f6        0x2 
 .bss.usDiscreteBuf
                0x200005f8        0x2 CMakeFiles/modbus_stm32f103.dir/Core/Src/modbusSlave.c.obj
                0x200005f8                usDiscreteBuf
 *(COMMON)
                0x200005fc                        . = ALIGN (0x4)
 *fill*         0x200005fa        0x2 
                0x200005fc                        _ebss = .
                0x200005fc                        __bss_end__ = _ebss

._user_heap_stack
                0x200005fc      0x604 load address 0x08006798
                0x20000600                        . = ALIGN (0x8)
 *fill*         0x200005fc        0x4 
                [!provide]                        PROVIDE (end = .)
                0x20000600                        PROVIDE (_end = .)
                0x20000800                        . = (. + _Min_Heap_Size)
 *fill*         0x20000600      0x200 
                0x20000c00                        . = (. + _Min_Stack_Size)
 *fill*         0x20000800      0x400 
                0x20000c00                        . = ALIGN (0x8)

/DISCARD/
 libc.a(*)
 libm.a(*)
 libgcc.a(*)
OUTPUT(modbus_stm32f103.elf elf32-littlearm)
LOAD linker stubs
LOAD /home/serg50012/stm/CubeCTL/GNU-tools-for-STM32/bin/../lib/gcc/arm-none-eabi/12.3.1/../../../../arm-none-eabi/lib/thumb/v7-m/nofp/libc.a
LOAD /home/serg50012/stm/CubeCTL/GNU-tools-for-STM32/bin/../lib/gcc/arm-none-eabi/12.3.1/../../../../arm-none-eabi/lib/thumb/v7-m/nofp/libm.a
LOAD /home/serg50012/stm/CubeCTL/GNU-tools-for-STM32/bin/../lib/gcc/arm-none-eabi/12.3.1/thumb/v7-m/nofp/libgcc.a

.ARM.attributes
                0x00000000       0x29
 .ARM.attributes
                0x00000000       0x1d /home/serg50012/stm/CubeCTL/GNU-tools-for-STM32/bin/../lib/gcc/arm-none-eabi/12.3.1/thumb/v7-m/nofp/crti.o
 .ARM.attributes
                0x0000001d       0x2d /home/serg50012/stm/CubeCTL/GNU-tools-for-STM32/bin/../lib/gcc/arm-none-eabi/12.3.1/thumb/v7-m/nofp/crtbegin.o
 .ARM.attributes
                0x0000004a       0x2d /home/serg50012/stm/CubeCTL/GNU-tools-for-STM32/bin/../lib/gcc/arm-none-eabi/12.3.1/../../../../arm-none-eabi/lib/thumb/v7-m/nofp/libc_nano.a(libc_a-memset.o)
 .ARM.attributes
                0x00000077       0x2d /home/serg50012/stm/CubeCTL/GNU-tools-for-STM32/bin/../lib/gcc/arm-none-eabi/12.3.1/../../../../arm-none-eabi/lib/thumb/v7-m/nofp/libc_nano.a(libc_a-init.o)
 .ARM.attributes
                0x000000a4       0x2d cmake/stm32cubemx/CMakeFiles/STM32_Drivers.dir/__/__/Core/Src/system_stm32f1xx.c.obj
 .ARM.attributes
                0x000000d1       0x2d cmake/stm32cubemx/CMakeFiles/STM32_Drivers.dir/__/__/Drivers/STM32F1xx_HAL_Driver/Src/stm32f1xx_hal_adc.c.obj
 .ARM.attributes
                0x000000fe       0x2d cmake/stm32cubemx/CMakeFiles/STM32_Drivers.dir/__/__/Drivers/STM32F1xx_HAL_Driver/Src/stm32f1xx_hal.c.obj
 .ARM.attributes
                0x0000012b       0x2d cmake/stm32cubemx/CMakeFiles/STM32_Drivers.dir/__/__/Drivers/STM32F1xx_HAL_Driver/Src/stm32f1xx_hal_rcc.c.obj
 .ARM.attributes
                0x00000158       0x2d cmake/stm32cubemx/CMakeFiles/STM32_Drivers.dir/__/__/Drivers/STM32F1xx_HAL_Driver/Src/stm32f1xx_hal_rcc_ex.c.obj
 .ARM.attributes
                0x00000185       0x2d cmake/stm32cubemx/CMakeFiles/STM32_Drivers.dir/__/__/Drivers/STM32F1xx_HAL_Driver/Src/stm32f1xx_hal_gpio.c.obj
 .ARM.attributes
                0x000001b2       0x2d cmake/stm32cubemx/CMakeFiles/STM32_Drivers.dir/__/__/Drivers/STM32F1xx_HAL_Driver/Src/stm32f1xx_hal_dma.c.obj
 .ARM.attributes
                0x000001df       0x2d cmake/stm32cubemx/CMakeFiles/STM32_Drivers.dir/__/__/Drivers/STM32F1xx_HAL_Driver/Src/stm32f1xx_hal_cortex.c.obj
 .ARM.attributes
                0x0000020c       0x2d cmake/stm32cubemx/CMakeFiles/STM32_Drivers.dir/__/__/Drivers/STM32F1xx_HAL_Driver/Src/stm32f1xx_hal_spi.c.obj
 .ARM.attributes
                0x00000239       0x2d cmake/stm32cubemx/CMakeFiles/STM32_Drivers.dir/__/__/Drivers/STM32F1xx_HAL_Driver/Src/stm32f1xx_hal_tim.c.obj
 .ARM.attributes
                0x00000266       0x2d cmake/stm32cubemx/CMakeFiles/STM32_Drivers.dir/__/__/Drivers/STM32F1xx_HAL_Driver/Src/stm32f1xx_hal_tim_ex.c.obj
 .ARM.attributes
                0x00000293       0x2d cmake/stm32cubemx/CMakeFiles/STM32_Drivers.dir/__/__/Drivers/STM32F1xx_HAL_Driver/Src/stm32f1xx_hal_uart.c.obj
 .ARM.attributes
                0x000002c0       0x2d CMakeFiles/modbus_stm32f103.dir/Core/Src/main.c.obj
 .ARM.attributes
                0x000002ed       0x2d CMakeFiles/modbus_stm32f103.dir/Core/Src/stm32f1xx_it.c.obj
 .ARM.attributes
                0x0000031a       0x2d CMakeFiles/modbus_stm32f103.dir/Core/Src/stm32f1xx_hal_msp.c.obj
 .ARM.attributes
                0x00000347       0x21 CMakeFiles/modbus_stm32f103.dir/startup_stm32f103xb.s.obj
 .ARM.attributes
                0x00000368       0x2d CMakeFiles/modbus_stm32f103.dir/Core/Src/modbus_crc.c.obj
 .ARM.attributes
                0x00000395       0x2d CMakeFiles/modbus_stm32f103.dir/Core/Src/modbusSlave.c.obj
 .ARM.attributes
                0x000003c2       0x1d /home/serg50012/stm/CubeCTL/GNU-tools-for-STM32/bin/../lib/gcc/arm-none-eabi/12.3.1/thumb/v7-m/nofp/libgcc.a(_arm_addsubdf3.o)
 .ARM.attributes
                0x000003df       0x1d /home/serg50012/stm/CubeCTL/GNU-tools-for-STM32/bin/../lib/gcc/arm-none-eabi/12.3.1/thumb/v7-m/nofp/libgcc.a(_arm_muldivdf3.o)
 .ARM.attributes
                0x000003fc       0x1d /home/serg50012/stm/CubeCTL/GNU-tools-for-STM32/bin/../lib/gcc/arm-none-eabi/12.3.1/thumb/v7-m/nofp/libgcc.a(_arm_fixunsdfsi.o)
 .ARM.attributes
                0x00000419       0x1d /home/serg50012/stm/CubeCTL/GNU-tools-for-STM32/bin/../lib/gcc/arm-none-eabi/12.3.1/thumb/v7-m/nofp/crtn.o

.comment        0x00000000       0x43
 .comment       0x00000000       0x43 cmake/stm32cubemx/CMakeFiles/STM32_Drivers.dir/__/__/Core/Src/system_stm32f1xx.c.obj
                                 0x44 (size before relaxing)
 .comment       0x00000043       0x44 cmake/stm32cubemx/CMakeFiles/STM32_Drivers.dir/__/__/Drivers/STM32F1xx_HAL_Driver/Src/stm32f1xx_hal_adc.c.obj
 .comment       0x00000043       0x44 cmake/stm32cubemx/CMakeFiles/STM32_Drivers.dir/__/__/Drivers/STM32F1xx_HAL_Driver/Src/stm32f1xx_hal.c.obj
 .comment       0x00000043       0x44 cmake/stm32cubemx/CMakeFiles/STM32_Drivers.dir/__/__/Drivers/STM32F1xx_HAL_Driver/Src/stm32f1xx_hal_rcc.c.obj
 .comment       0x00000043       0x44 cmake/stm32cubemx/CMakeFiles/STM32_Drivers.dir/__/__/Drivers/STM32F1xx_HAL_Driver/Src/stm32f1xx_hal_rcc_ex.c.obj
 .comment       0x00000043       0x44 cmake/stm32cubemx/CMakeFiles/STM32_Drivers.dir/__/__/Drivers/STM32F1xx_HAL_Driver/Src/stm32f1xx_hal_gpio.c.obj
 .comment       0x00000043       0x44 cmake/stm32cubemx/CMakeFiles/STM32_Drivers.dir/__/__/Drivers/STM32F1xx_HAL_Driver/Src/stm32f1xx_hal_dma.c.obj
 .comment       0x00000043       0x44 cmake/stm32cubemx/CMakeFiles/STM32_Drivers.dir/__/__/Drivers/STM32F1xx_HAL_Driver/Src/stm32f1xx_hal_cortex.c.obj
 .comment       0x00000043       0x44 cmake/stm32cubemx/CMakeFiles/STM32_Drivers.dir/__/__/Drivers/STM32F1xx_HAL_Driver/Src/stm32f1xx_hal_spi.c.obj
 .comment       0x00000043       0x44 cmake/stm32cubemx/CMakeFiles/STM32_Drivers.dir/__/__/Drivers/STM32F1xx_HAL_Driver/Src/stm32f1xx_hal_tim.c.obj
 .comment       0x00000043       0x44 cmake/stm32cubemx/CMakeFiles/STM32_Drivers.dir/__/__/Drivers/STM32F1xx_HAL_Driver/Src/stm32f1xx_hal_tim_ex.c.obj
 .comment       0x00000043       0x44 cmake/stm32cubemx/CMakeFiles/STM32_Drivers.dir/__/__/Drivers/STM32F1xx_HAL_Driver/Src/stm32f1xx_hal_uart.c.obj
 .comment       0x00000043       0x44 CMakeFiles/modbus_stm32f103.dir/Core/Src/main.c.obj
 .comment       0x00000043       0x44 CMakeFiles/modbus_stm32f103.dir/Core/Src/stm32f1xx_it.c.obj
 .comment       0x00000043       0x44 CMakeFiles/modbus_stm32f103.dir/Core/Src/stm32f1xx_hal_msp.c.obj
 .comment       0x00000043       0x44 CMakeFiles/modbus_stm32f103.dir/Core/Src/modbus_crc.c.obj
 .comment       0x00000043       0x44 CMakeFiles/modbus_stm32f103.dir/Core/Src/modbusSlave.c.obj

.debug_frame    0x00000000     0x43fc
 .debug_frame   0x00000000       0x20 /home/serg50012/stm/CubeCTL/GNU-tools-for-STM32/bin/../lib/gcc/arm-none-eabi/12.3.1/../../../../arm-none-eabi/lib/thumb/v7-m/nofp/libc_nano.a(libc_a-memset.o)
 .debug_frame   0x00000020       0x2c /home/serg50012/stm/CubeCTL/GNU-tools-for-STM32/bin/../lib/gcc/arm-none-eabi/12.3.1/../../../../arm-none-eabi/lib/thumb/v7-m/nofp/libc_nano.a(libc_a-init.o)
 .debug_frame   0x0000004c       0x58 cmake/stm32cubemx/CMakeFiles/STM32_Drivers.dir/__/__/Core/Src/system_stm32f1xx.c.obj
 .debug_frame   0x000000a4      0x40c cmake/stm32cubemx/CMakeFiles/STM32_Drivers.dir/__/__/Drivers/STM32F1xx_HAL_Driver/Src/stm32f1xx_hal_adc.c.obj
 .debug_frame   0x000004b0      0x334 cmake/stm32cubemx/CMakeFiles/STM32_Drivers.dir/__/__/Drivers/STM32F1xx_HAL_Driver/Src/stm32f1xx_hal.c.obj
 .debug_frame   0x000007e4      0x218 cmake/stm32cubemx/CMakeFiles/STM32_Drivers.dir/__/__/Drivers/STM32F1xx_HAL_Driver/Src/stm32f1xx_hal_rcc.c.obj
 .debug_frame   0x000009fc       0x80 cmake/stm32cubemx/CMakeFiles/STM32_Drivers.dir/__/__/Drivers/STM32F1xx_HAL_Driver/Src/stm32f1xx_hal_rcc_ex.c.obj
 .debug_frame   0x00000a7c      0x14c cmake/stm32cubemx/CMakeFiles/STM32_Drivers.dir/__/__/Drivers/STM32F1xx_HAL_Driver/Src/stm32f1xx_hal_gpio.c.obj
 .debug_frame   0x00000bc8      0x208 cmake/stm32cubemx/CMakeFiles/STM32_Drivers.dir/__/__/Drivers/STM32F1xx_HAL_Driver/Src/stm32f1xx_hal_dma.c.obj
 .debug_frame   0x00000dd0      0x428 cmake/stm32cubemx/CMakeFiles/STM32_Drivers.dir/__/__/Drivers/STM32F1xx_HAL_Driver/Src/stm32f1xx_hal_cortex.c.obj
 .debug_frame   0x000011f8      0x824 cmake/stm32cubemx/CMakeFiles/STM32_Drivers.dir/__/__/Drivers/STM32F1xx_HAL_Driver/Src/stm32f1xx_hal_spi.c.obj
 .debug_frame   0x00001a1c     0x11b8 cmake/stm32cubemx/CMakeFiles/STM32_Drivers.dir/__/__/Drivers/STM32F1xx_HAL_Driver/Src/stm32f1xx_hal_tim.c.obj
 .debug_frame   0x00002bd4      0x638 cmake/stm32cubemx/CMakeFiles/STM32_Drivers.dir/__/__/Drivers/STM32F1xx_HAL_Driver/Src/stm32f1xx_hal_tim_ex.c.obj
 .debug_frame   0x0000320c      0x944 cmake/stm32cubemx/CMakeFiles/STM32_Drivers.dir/__/__/Drivers/STM32F1xx_HAL_Driver/Src/stm32f1xx_hal_uart.c.obj
 .debug_frame   0x00003b50      0x2d0 CMakeFiles/modbus_stm32f103.dir/Core/Src/main.c.obj
 .debug_frame   0x00003e20      0x190 CMakeFiles/modbus_stm32f103.dir/Core/Src/stm32f1xx_it.c.obj
 .debug_frame   0x00003fb0      0x17c CMakeFiles/modbus_stm32f103.dir/Core/Src/stm32f1xx_hal_msp.c.obj
 .debug_frame   0x0000412c       0x38 CMakeFiles/modbus_stm32f103.dir/Core/Src/modbus_crc.c.obj
 .debug_frame   0x00004164      0x178 CMakeFiles/modbus_stm32f103.dir/Core/Src/modbusSlave.c.obj
 .debug_frame   0x000042dc       0xac /home/serg50012/stm/CubeCTL/GNU-tools-for-STM32/bin/../lib/gcc/arm-none-eabi/12.3.1/thumb/v7-m/nofp/libgcc.a(_arm_addsubdf3.o)
 .debug_frame   0x00004388       0x50 /home/serg50012/stm/CubeCTL/GNU-tools-for-STM32/bin/../lib/gcc/arm-none-eabi/12.3.1/thumb/v7-m/nofp/libgcc.a(_arm_muldivdf3.o)
 .debug_frame   0x000043d8       0x24 /home/serg50012/stm/CubeCTL/GNU-tools-for-STM32/bin/../lib/gcc/arm-none-eabi/12.3.1/thumb/v7-m/nofp/libgcc.a(_arm_fixunsdfsi.o)

.debug_info     0x00000000    0x10096
 .debug_info    0x00000000      0x222 cmake/stm32cubemx/CMakeFiles/STM32_Drivers.dir/__/__/Core/Src/system_stm32f1xx.c.obj
 .debug_info    0x00000222      0xc50 cmake/stm32cubemx/CMakeFiles/STM32_Drivers.dir/__/__/Drivers/STM32F1xx_HAL_Driver/Src/stm32f1xx_hal_adc.c.obj
 .debug_info    0x00000e72      0x704 cmake/stm32cubemx/CMakeFiles/STM32_Drivers.dir/__/__/Drivers/STM32F1xx_HAL_Driver/Src/stm32f1xx_hal.c.obj
 .debug_info    0x00001576      0x7d5 cmake/stm32cubemx/CMakeFiles/STM32_Drivers.dir/__/__/Drivers/STM32F1xx_HAL_Driver/Src/stm32f1xx_hal_rcc.c.obj
 .debug_info    0x00001d4b      0x3c0 cmake/stm32cubemx/CMakeFiles/STM32_Drivers.dir/__/__/Drivers/STM32F1xx_HAL_Driver/Src/stm32f1xx_hal_rcc_ex.c.obj
 .debug_info    0x0000210b      0x5ab cmake/stm32cubemx/CMakeFiles/STM32_Drivers.dir/__/__/Drivers/STM32F1xx_HAL_Driver/Src/stm32f1xx_hal_gpio.c.obj
 .debug_info    0x000026b6      0x6d2 cmake/stm32cubemx/CMakeFiles/STM32_Drivers.dir/__/__/Drivers/STM32F1xx_HAL_Driver/Src/stm32f1xx_hal_dma.c.obj
 .debug_info    0x00002d88      0xa87 cmake/stm32cubemx/CMakeFiles/STM32_Drivers.dir/__/__/Drivers/STM32F1xx_HAL_Driver/Src/stm32f1xx_hal_cortex.c.obj
 .debug_info    0x0000380f     0x142d cmake/stm32cubemx/CMakeFiles/STM32_Drivers.dir/__/__/Drivers/STM32F1xx_HAL_Driver/Src/stm32f1xx_hal_spi.c.obj
 .debug_info    0x00004c3c     0x2959 cmake/stm32cubemx/CMakeFiles/STM32_Drivers.dir/__/__/Drivers/STM32F1xx_HAL_Driver/Src/stm32f1xx_hal_tim.c.obj
 .debug_info    0x00007595     0x149b cmake/stm32cubemx/CMakeFiles/STM32_Drivers.dir/__/__/Drivers/STM32F1xx_HAL_Driver/Src/stm32f1xx_hal_tim_ex.c.obj
 .debug_info    0x00008a30     0x2eed cmake/stm32cubemx/CMakeFiles/STM32_Drivers.dir/__/__/Drivers/STM32F1xx_HAL_Driver/Src/stm32f1xx_hal_uart.c.obj
 .debug_info    0x0000b91d     0x1d56 CMakeFiles/modbus_stm32f103.dir/Core/Src/main.c.obj
 .debug_info    0x0000d673      0x9b9 CMakeFiles/modbus_stm32f103.dir/Core/Src/stm32f1xx_it.c.obj
 .debug_info    0x0000e02c     0x1455 CMakeFiles/modbus_stm32f103.dir/Core/Src/stm32f1xx_hal_msp.c.obj
 .debug_info    0x0000f481       0x30 CMakeFiles/modbus_stm32f103.dir/startup_stm32f103xb.s.obj
 .debug_info    0x0000f4b1      0x143 CMakeFiles/modbus_stm32f103.dir/Core/Src/modbus_crc.c.obj
 .debug_info    0x0000f5f4      0xaa2 CMakeFiles/modbus_stm32f103.dir/Core/Src/modbusSlave.c.obj

.debug_abbrev   0x00000000     0x260f
 .debug_abbrev  0x00000000      0x13f cmake/stm32cubemx/CMakeFiles/STM32_Drivers.dir/__/__/Core/Src/system_stm32f1xx.c.obj
 .debug_abbrev  0x0000013f      0x225 cmake/stm32cubemx/CMakeFiles/STM32_Drivers.dir/__/__/Drivers/STM32F1xx_HAL_Driver/Src/stm32f1xx_hal_adc.c.obj
 .debug_abbrev  0x00000364      0x201 cmake/stm32cubemx/CMakeFiles/STM32_Drivers.dir/__/__/Drivers/STM32F1xx_HAL_Driver/Src/stm32f1xx_hal.c.obj
 .debug_abbrev  0x00000565      0x2b3 cmake/stm32cubemx/CMakeFiles/STM32_Drivers.dir/__/__/Drivers/STM32F1xx_HAL_Driver/Src/stm32f1xx_hal_rcc.c.obj
 .debug_abbrev  0x00000818      0x188 cmake/stm32cubemx/CMakeFiles/STM32_Drivers.dir/__/__/Drivers/STM32F1xx_HAL_Driver/Src/stm32f1xx_hal_rcc_ex.c.obj
 .debug_abbrev  0x000009a0      0x1ca cmake/stm32cubemx/CMakeFiles/STM32_Drivers.dir/__/__/Drivers/STM32F1xx_HAL_Driver/Src/stm32f1xx_hal_gpio.c.obj
 .debug_abbrev  0x00000b6a      0x20b cmake/stm32cubemx/CMakeFiles/STM32_Drivers.dir/__/__/Drivers/STM32F1xx_HAL_Driver/Src/stm32f1xx_hal_dma.c.obj
 .debug_abbrev  0x00000d75      0x2f8 cmake/stm32cubemx/CMakeFiles/STM32_Drivers.dir/__/__/Drivers/STM32F1xx_HAL_Driver/Src/stm32f1xx_hal_cortex.c.obj
 .debug_abbrev  0x0000106d      0x27a cmake/stm32cubemx/CMakeFiles/STM32_Drivers.dir/__/__/Drivers/STM32F1xx_HAL_Driver/Src/stm32f1xx_hal_spi.c.obj
 .debug_abbrev  0x000012e7      0x277 cmake/stm32cubemx/CMakeFiles/STM32_Drivers.dir/__/__/Drivers/STM32F1xx_HAL_Driver/Src/stm32f1xx_hal_tim.c.obj
 .debug_abbrev  0x0000155e      0x282 cmake/stm32cubemx/CMakeFiles/STM32_Drivers.dir/__/__/Drivers/STM32F1xx_HAL_Driver/Src/stm32f1xx_hal_tim_ex.c.obj
 .debug_abbrev  0x000017e0      0x2f8 cmake/stm32cubemx/CMakeFiles/STM32_Drivers.dir/__/__/Drivers/STM32F1xx_HAL_Driver/Src/stm32f1xx_hal_uart.c.obj
 .debug_abbrev  0x00001ad8      0x3c6 CMakeFiles/modbus_stm32f103.dir/Core/Src/main.c.obj
 .debug_abbrev  0x00001e9e      0x1c9 CMakeFiles/modbus_stm32f103.dir/Core/Src/stm32f1xx_it.c.obj
 .debug_abbrev  0x00002067      0x25d CMakeFiles/modbus_stm32f103.dir/Core/Src/stm32f1xx_hal_msp.c.obj
 .debug_abbrev  0x000022c4       0x24 CMakeFiles/modbus_stm32f103.dir/startup_stm32f103xb.s.obj
 .debug_abbrev  0x000022e8       0xaf CMakeFiles/modbus_stm32f103.dir/Core/Src/modbus_crc.c.obj
 .debug_abbrev  0x00002397      0x278 CMakeFiles/modbus_stm32f103.dir/Core/Src/modbusSlave.c.obj

.debug_aranges  0x00000000     0x1000
 .debug_aranges
                0x00000000       0x28 cmake/stm32cubemx/CMakeFiles/STM32_Drivers.dir/__/__/Core/Src/system_stm32f1xx.c.obj
 .debug_aranges
                0x00000028       0xf0 cmake/stm32cubemx/CMakeFiles/STM32_Drivers.dir/__/__/Drivers/STM32F1xx_HAL_Driver/Src/stm32f1xx_hal_adc.c.obj
 .debug_aranges
                0x00000118       0xe0 cmake/stm32cubemx/CMakeFiles/STM32_Drivers.dir/__/__/Drivers/STM32F1xx_HAL_Driver/Src/stm32f1xx_hal.c.obj
 .debug_aranges
                0x000001f8       0x90 cmake/stm32cubemx/CMakeFiles/STM32_Drivers.dir/__/__/Drivers/STM32F1xx_HAL_Driver/Src/stm32f1xx_hal_rcc.c.obj
 .debug_aranges
                0x00000288       0x30 cmake/stm32cubemx/CMakeFiles/STM32_Drivers.dir/__/__/Drivers/STM32F1xx_HAL_Driver/Src/stm32f1xx_hal_rcc_ex.c.obj
 .debug_aranges
                0x000002b8       0x58 cmake/stm32cubemx/CMakeFiles/STM32_Drivers.dir/__/__/Drivers/STM32F1xx_HAL_Driver/Src/stm32f1xx_hal_gpio.c.obj
 .debug_aranges
                0x00000310       0x80 cmake/stm32cubemx/CMakeFiles/STM32_Drivers.dir/__/__/Drivers/STM32F1xx_HAL_Driver/Src/stm32f1xx_hal_dma.c.obj
 .debug_aranges
                0x00000390      0x100 cmake/stm32cubemx/CMakeFiles/STM32_Drivers.dir/__/__/Drivers/STM32F1xx_HAL_Driver/Src/stm32f1xx_hal_cortex.c.obj
 .debug_aranges
                0x00000490      0x1d0 cmake/stm32cubemx/CMakeFiles/STM32_Drivers.dir/__/__/Drivers/STM32F1xx_HAL_Driver/Src/stm32f1xx_hal_spi.c.obj
 .debug_aranges
                0x00000660      0x3d0 cmake/stm32cubemx/CMakeFiles/STM32_Drivers.dir/__/__/Drivers/STM32F1xx_HAL_Driver/Src/stm32f1xx_hal_tim.c.obj
 .debug_aranges
                0x00000a30      0x168 cmake/stm32cubemx/CMakeFiles/STM32_Drivers.dir/__/__/Drivers/STM32F1xx_HAL_Driver/Src/stm32f1xx_hal_tim_ex.c.obj
 .debug_aranges
                0x00000b98      0x208 cmake/stm32cubemx/CMakeFiles/STM32_Drivers.dir/__/__/Drivers/STM32F1xx_HAL_Driver/Src/stm32f1xx_hal_uart.c.obj
 .debug_aranges
                0x00000da0       0xc0 CMakeFiles/modbus_stm32f103.dir/Core/Src/main.c.obj
 .debug_aranges
                0x00000e60       0x88 CMakeFiles/modbus_stm32f103.dir/Core/Src/stm32f1xx_it.c.obj
 .debug_aranges
                0x00000ee8       0x68 CMakeFiles/modbus_stm32f103.dir/Core/Src/stm32f1xx_hal_msp.c.obj
 .debug_aranges
                0x00000f50       0x28 CMakeFiles/modbus_stm32f103.dir/startup_stm32f103xb.s.obj
 .debug_aranges
                0x00000f78       0x20 CMakeFiles/modbus_stm32f103.dir/Core/Src/modbus_crc.c.obj
 .debug_aranges
                0x00000f98       0x68 CMakeFiles/modbus_stm32f103.dir/Core/Src/modbusSlave.c.obj

.debug_rnglists
                0x00000000      0xc91
 .debug_rnglists
                0x00000000       0x1a cmake/stm32cubemx/CMakeFiles/STM32_Drivers.dir/__/__/Core/Src/system_stm32f1xx.c.obj
 .debug_rnglists
                0x0000001a       0xbc cmake/stm32cubemx/CMakeFiles/STM32_Drivers.dir/__/__/Drivers/STM32F1xx_HAL_Driver/Src/stm32f1xx_hal_adc.c.obj
 .debug_rnglists
                0x000000d6       0xa3 cmake/stm32cubemx/CMakeFiles/STM32_Drivers.dir/__/__/Drivers/STM32F1xx_HAL_Driver/Src/stm32f1xx_hal.c.obj
 .debug_rnglists
                0x00000179       0x6c cmake/stm32cubemx/CMakeFiles/STM32_Drivers.dir/__/__/Drivers/STM32F1xx_HAL_Driver/Src/stm32f1xx_hal_rcc.c.obj
 .debug_rnglists
                0x000001e5       0x21 cmake/stm32cubemx/CMakeFiles/STM32_Drivers.dir/__/__/Drivers/STM32F1xx_HAL_Driver/Src/stm32f1xx_hal_rcc_ex.c.obj
 .debug_rnglists
                0x00000206       0x3f cmake/stm32cubemx/CMakeFiles/STM32_Drivers.dir/__/__/Drivers/STM32F1xx_HAL_Driver/Src/stm32f1xx_hal_gpio.c.obj
 .debug_rnglists
                0x00000245       0x64 cmake/stm32cubemx/CMakeFiles/STM32_Drivers.dir/__/__/Drivers/STM32F1xx_HAL_Driver/Src/stm32f1xx_hal_dma.c.obj
 .debug_rnglists
                0x000002a9       0xbb cmake/stm32cubemx/CMakeFiles/STM32_Drivers.dir/__/__/Drivers/STM32F1xx_HAL_Driver/Src/stm32f1xx_hal_cortex.c.obj
 .debug_rnglists
                0x00000364      0x16e cmake/stm32cubemx/CMakeFiles/STM32_Drivers.dir/__/__/Drivers/STM32F1xx_HAL_Driver/Src/stm32f1xx_hal_spi.c.obj
 .debug_rnglists
                0x000004d2      0x31a cmake/stm32cubemx/CMakeFiles/STM32_Drivers.dir/__/__/Drivers/STM32F1xx_HAL_Driver/Src/stm32f1xx_hal_tim.c.obj
 .debug_rnglists
                0x000007ec      0x125 cmake/stm32cubemx/CMakeFiles/STM32_Drivers.dir/__/__/Drivers/STM32F1xx_HAL_Driver/Src/stm32f1xx_hal_tim_ex.c.obj
 .debug_rnglists
                0x00000911      0x1bc cmake/stm32cubemx/CMakeFiles/STM32_Drivers.dir/__/__/Drivers/STM32F1xx_HAL_Driver/Src/stm32f1xx_hal_uart.c.obj
 .debug_rnglists
                0x00000acd       0x97 CMakeFiles/modbus_stm32f103.dir/Core/Src/main.c.obj
 .debug_rnglists
                0x00000b64       0x61 CMakeFiles/modbus_stm32f103.dir/Core/Src/stm32f1xx_it.c.obj
 .debug_rnglists
                0x00000bc5       0x4f CMakeFiles/modbus_stm32f103.dir/Core/Src/stm32f1xx_hal_msp.c.obj
 .debug_rnglists
                0x00000c14       0x19 CMakeFiles/modbus_stm32f103.dir/startup_stm32f103xb.s.obj
 .debug_rnglists
                0x00000c2d       0x13 CMakeFiles/modbus_stm32f103.dir/Core/Src/modbus_crc.c.obj
 .debug_rnglists
                0x00000c40       0x51 CMakeFiles/modbus_stm32f103.dir/Core/Src/modbusSlave.c.obj

.debug_macro    0x00000000    0x17f63
 .debug_macro   0x00000000      0x1c1 cmake/stm32cubemx/CMakeFiles/STM32_Drivers.dir/__/__/Core/Src/system_stm32f1xx.c.obj
 .debug_macro   0x000001c1      0xaa8 cmake/stm32cubemx/CMakeFiles/STM32_Drivers.dir/__/__/Core/Src/system_stm32f1xx.c.obj
 .debug_macro   0x00000c69       0x2e cmake/stm32cubemx/CMakeFiles/STM32_Drivers.dir/__/__/Core/Src/system_stm32f1xx.c.obj
 .debug_macro   0x00000c97       0x22 cmake/stm32cubemx/CMakeFiles/STM32_Drivers.dir/__/__/Core/Src/system_stm32f1xx.c.obj
 .debug_macro   0x00000cb9       0x22 cmake/stm32cubemx/CMakeFiles/STM32_Drivers.dir/__/__/Core/Src/system_stm32f1xx.c.obj
 .debug_macro   0x00000cdb       0x8e cmake/stm32cubemx/CMakeFiles/STM32_Drivers.dir/__/__/Core/Src/system_stm32f1xx.c.obj
 .debug_macro   0x00000d69       0x51 cmake/stm32cubemx/CMakeFiles/STM32_Drivers.dir/__/__/Core/Src/system_stm32f1xx.c.obj
 .debug_macro   0x00000dba      0x103 cmake/stm32cubemx/CMakeFiles/STM32_Drivers.dir/__/__/Core/Src/system_stm32f1xx.c.obj
 .debug_macro   0x00000ebd       0x6a cmake/stm32cubemx/CMakeFiles/STM32_Drivers.dir/__/__/Core/Src/system_stm32f1xx.c.obj
 .debug_macro   0x00000f27      0x1df cmake/stm32cubemx/CMakeFiles/STM32_Drivers.dir/__/__/Core/Src/system_stm32f1xx.c.obj
 .debug_macro   0x00001106       0x1c cmake/stm32cubemx/CMakeFiles/STM32_Drivers.dir/__/__/Core/Src/system_stm32f1xx.c.obj
 .debug_macro   0x00001122       0x22 cmake/stm32cubemx/CMakeFiles/STM32_Drivers.dir/__/__/Core/Src/system_stm32f1xx.c.obj
 .debug_macro   0x00001144       0xbd cmake/stm32cubemx/CMakeFiles/STM32_Drivers.dir/__/__/Core/Src/system_stm32f1xx.c.obj
 .debug_macro   0x00001201      0xd23 cmake/stm32cubemx/CMakeFiles/STM32_Drivers.dir/__/__/Core/Src/system_stm32f1xx.c.obj
 .debug_macro   0x00001f24     0xe09e cmake/stm32cubemx/CMakeFiles/STM32_Drivers.dir/__/__/Core/Src/system_stm32f1xx.c.obj
 .debug_macro   0x0000ffc2       0x6d cmake/stm32cubemx/CMakeFiles/STM32_Drivers.dir/__/__/Core/Src/system_stm32f1xx.c.obj
 .debug_macro   0x0001002f      0x22d cmake/stm32cubemx/CMakeFiles/STM32_Drivers.dir/__/__/Core/Src/system_stm32f1xx.c.obj
 .debug_macro   0x0001025c     0x34a2 cmake/stm32cubemx/CMakeFiles/STM32_Drivers.dir/__/__/Core/Src/system_stm32f1xx.c.obj
 .debug_macro   0x000136fe      0x189 cmake/stm32cubemx/CMakeFiles/STM32_Drivers.dir/__/__/Core/Src/system_stm32f1xx.c.obj
 .debug_macro   0x00013887       0x5c cmake/stm32cubemx/CMakeFiles/STM32_Drivers.dir/__/__/Core/Src/system_stm32f1xx.c.obj
 .debug_macro   0x000138e3      0x5bc cmake/stm32cubemx/CMakeFiles/STM32_Drivers.dir/__/__/Core/Src/system_stm32f1xx.c.obj
 .debug_macro   0x00013e9f      0x289 cmake/stm32cubemx/CMakeFiles/STM32_Drivers.dir/__/__/Core/Src/system_stm32f1xx.c.obj
 .debug_macro   0x00014128      0x1cb cmake/stm32cubemx/CMakeFiles/STM32_Drivers.dir/__/__/Core/Src/system_stm32f1xx.c.obj
 .debug_macro   0x000142f3      0x114 cmake/stm32cubemx/CMakeFiles/STM32_Drivers.dir/__/__/Core/Src/system_stm32f1xx.c.obj
 .debug_macro   0x00014407      0x1b2 cmake/stm32cubemx/CMakeFiles/STM32_Drivers.dir/__/__/Core/Src/system_stm32f1xx.c.obj
 .debug_macro   0x000145b9       0x27 cmake/stm32cubemx/CMakeFiles/STM32_Drivers.dir/__/__/Core/Src/system_stm32f1xx.c.obj
 .debug_macro   0x000145e0      0x136 cmake/stm32cubemx/CMakeFiles/STM32_Drivers.dir/__/__/Core/Src/system_stm32f1xx.c.obj
 .debug_macro   0x00014716      0x1bc cmake/stm32cubemx/CMakeFiles/STM32_Drivers.dir/__/__/Core/Src/system_stm32f1xx.c.obj
 .debug_macro   0x000148d2       0x34 cmake/stm32cubemx/CMakeFiles/STM32_Drivers.dir/__/__/Core/Src/system_stm32f1xx.c.obj
 .debug_macro   0x00014906       0x3c cmake/stm32cubemx/CMakeFiles/STM32_Drivers.dir/__/__/Core/Src/system_stm32f1xx.c.obj
 .debug_macro   0x00014942       0x57 cmake/stm32cubemx/CMakeFiles/STM32_Drivers.dir/__/__/Core/Src/system_stm32f1xx.c.obj
 .debug_macro   0x00014999      0x46a cmake/stm32cubemx/CMakeFiles/STM32_Drivers.dir/__/__/Core/Src/system_stm32f1xx.c.obj
 .debug_macro   0x00014e03      0x1b5 cmake/stm32cubemx/CMakeFiles/STM32_Drivers.dir/__/__/Core/Src/system_stm32f1xx.c.obj
 .debug_macro   0x00014fb8       0x87 cmake/stm32cubemx/CMakeFiles/STM32_Drivers.dir/__/__/Core/Src/system_stm32f1xx.c.obj
 .debug_macro   0x0001503f      0x240 cmake/stm32cubemx/CMakeFiles/STM32_Drivers.dir/__/__/Core/Src/system_stm32f1xx.c.obj
 .debug_macro   0x0001527f      0x140 cmake/stm32cubemx/CMakeFiles/STM32_Drivers.dir/__/__/Core/Src/system_stm32f1xx.c.obj
 .debug_macro   0x000153bf      0x217 cmake/stm32cubemx/CMakeFiles/STM32_Drivers.dir/__/__/Core/Src/system_stm32f1xx.c.obj
 .debug_macro   0x000155d6      0x8ed cmake/stm32cubemx/CMakeFiles/STM32_Drivers.dir/__/__/Core/Src/system_stm32f1xx.c.obj
 .debug_macro   0x00015ec3      0x28e cmake/stm32cubemx/CMakeFiles/STM32_Drivers.dir/__/__/Core/Src/system_stm32f1xx.c.obj
 .debug_macro   0x00016151       0x83 cmake/stm32cubemx/CMakeFiles/STM32_Drivers.dir/__/__/Core/Src/system_stm32f1xx.c.obj
 .debug_macro   0x000161d4      0x1de cmake/stm32cubemx/CMakeFiles/STM32_Drivers.dir/__/__/Drivers/STM32F1xx_HAL_Driver/Src/stm32f1xx_hal_adc.c.obj
 .debug_macro   0x000163b2      0x1e5 cmake/stm32cubemx/CMakeFiles/STM32_Drivers.dir/__/__/Drivers/STM32F1xx_HAL_Driver/Src/stm32f1xx_hal.c.obj
 .debug_macro   0x00016597      0x1d3 cmake/stm32cubemx/CMakeFiles/STM32_Drivers.dir/__/__/Drivers/STM32F1xx_HAL_Driver/Src/stm32f1xx_hal_rcc.c.obj
 .debug_macro   0x0001676a      0x1c1 cmake/stm32cubemx/CMakeFiles/STM32_Drivers.dir/__/__/Drivers/STM32F1xx_HAL_Driver/Src/stm32f1xx_hal_rcc_ex.c.obj
 .debug_macro   0x0001692b      0x22c cmake/stm32cubemx/CMakeFiles/STM32_Drivers.dir/__/__/Drivers/STM32F1xx_HAL_Driver/Src/stm32f1xx_hal_gpio.c.obj
 .debug_macro   0x00016b57      0x1c1 cmake/stm32cubemx/CMakeFiles/STM32_Drivers.dir/__/__/Drivers/STM32F1xx_HAL_Driver/Src/stm32f1xx_hal_dma.c.obj
 .debug_macro   0x00016d18      0x1c1 cmake/stm32cubemx/CMakeFiles/STM32_Drivers.dir/__/__/Drivers/STM32F1xx_HAL_Driver/Src/stm32f1xx_hal_cortex.c.obj
 .debug_macro   0x00016ed9      0x1c9 cmake/stm32cubemx/CMakeFiles/STM32_Drivers.dir/__/__/Drivers/STM32F1xx_HAL_Driver/Src/stm32f1xx_hal_spi.c.obj
 .debug_macro   0x000170a2      0x1c2 cmake/stm32cubemx/CMakeFiles/STM32_Drivers.dir/__/__/Drivers/STM32F1xx_HAL_Driver/Src/stm32f1xx_hal_tim.c.obj
 .debug_macro   0x00017264      0x1c1 cmake/stm32cubemx/CMakeFiles/STM32_Drivers.dir/__/__/Drivers/STM32F1xx_HAL_Driver/Src/stm32f1xx_hal_tim_ex.c.obj
 .debug_macro   0x00017425      0x1c2 cmake/stm32cubemx/CMakeFiles/STM32_Drivers.dir/__/__/Drivers/STM32F1xx_HAL_Driver/Src/stm32f1xx_hal_uart.c.obj
 .debug_macro   0x000175e7      0x1f0 CMakeFiles/modbus_stm32f103.dir/Core/Src/main.c.obj
 .debug_macro   0x000177d7       0x4c CMakeFiles/modbus_stm32f103.dir/Core/Src/main.c.obj
 .debug_macro   0x00017823      0x1d5 CMakeFiles/modbus_stm32f103.dir/Core/Src/stm32f1xx_it.c.obj
 .debug_macro   0x000179f8      0x1cb CMakeFiles/modbus_stm32f103.dir/Core/Src/stm32f1xx_hal_msp.c.obj
 .debug_macro   0x00017bc3       0x63 CMakeFiles/modbus_stm32f103.dir/Core/Src/modbus_crc.c.obj
 .debug_macro   0x00017c26      0x299 CMakeFiles/modbus_stm32f103.dir/Core/Src/modbusSlave.c.obj
 .debug_macro   0x00017ebf       0x74 CMakeFiles/modbus_stm32f103.dir/Core/Src/modbusSlave.c.obj
 .debug_macro   0x00017f33       0x10 CMakeFiles/modbus_stm32f103.dir/Core/Src/modbusSlave.c.obj
 .debug_macro   0x00017f43       0x20 CMakeFiles/modbus_stm32f103.dir/Core/Src/modbusSlave.c.obj

.debug_line     0x00000000    0x10f89
 .debug_line    0x00000000      0x696 cmake/stm32cubemx/CMakeFiles/STM32_Drivers.dir/__/__/Core/Src/system_stm32f1xx.c.obj
 .debug_line    0x00000696      0xf40 cmake/stm32cubemx/CMakeFiles/STM32_Drivers.dir/__/__/Drivers/STM32F1xx_HAL_Driver/Src/stm32f1xx_hal_adc.c.obj
 .debug_line    0x000015d6      0x8c3 cmake/stm32cubemx/CMakeFiles/STM32_Drivers.dir/__/__/Drivers/STM32F1xx_HAL_Driver/Src/stm32f1xx_hal.c.obj
 .debug_line    0x00001e99      0xccc cmake/stm32cubemx/CMakeFiles/STM32_Drivers.dir/__/__/Drivers/STM32F1xx_HAL_Driver/Src/stm32f1xx_hal_rcc.c.obj
 .debug_line    0x00002b65      0x80d cmake/stm32cubemx/CMakeFiles/STM32_Drivers.dir/__/__/Drivers/STM32F1xx_HAL_Driver/Src/stm32f1xx_hal_rcc_ex.c.obj
 .debug_line    0x00003372      0x95c cmake/stm32cubemx/CMakeFiles/STM32_Drivers.dir/__/__/Drivers/STM32F1xx_HAL_Driver/Src/stm32f1xx_hal_gpio.c.obj
 .debug_line    0x00003cce      0xd1c cmake/stm32cubemx/CMakeFiles/STM32_Drivers.dir/__/__/Drivers/STM32F1xx_HAL_Driver/Src/stm32f1xx_hal_dma.c.obj
 .debug_line    0x000049ea      0xaaf cmake/stm32cubemx/CMakeFiles/STM32_Drivers.dir/__/__/Drivers/STM32F1xx_HAL_Driver/Src/stm32f1xx_hal_cortex.c.obj
 .debug_line    0x00005499     0x1be7 cmake/stm32cubemx/CMakeFiles/STM32_Drivers.dir/__/__/Drivers/STM32F1xx_HAL_Driver/Src/stm32f1xx_hal_spi.c.obj
 .debug_line    0x00007080     0x33e8 cmake/stm32cubemx/CMakeFiles/STM32_Drivers.dir/__/__/Drivers/STM32F1xx_HAL_Driver/Src/stm32f1xx_hal_tim.c.obj
 .debug_line    0x0000a468     0x1812 cmake/stm32cubemx/CMakeFiles/STM32_Drivers.dir/__/__/Drivers/STM32F1xx_HAL_Driver/Src/stm32f1xx_hal_tim_ex.c.obj
 .debug_line    0x0000bc7a     0x27a2 cmake/stm32cubemx/CMakeFiles/STM32_Drivers.dir/__/__/Drivers/STM32F1xx_HAL_Driver/Src/stm32f1xx_hal_uart.c.obj
 .debug_line    0x0000e41c      0xc80 CMakeFiles/modbus_stm32f103.dir/Core/Src/main.c.obj
 .debug_line    0x0000f09c      0x755 CMakeFiles/modbus_stm32f103.dir/Core/Src/stm32f1xx_it.c.obj
 .debug_line    0x0000f7f1      0x822 CMakeFiles/modbus_stm32f103.dir/Core/Src/stm32f1xx_hal_msp.c.obj
 .debug_line    0x00010013       0x78 CMakeFiles/modbus_stm32f103.dir/startup_stm32f103xb.s.obj
 .debug_line    0x0001008b      0x239 CMakeFiles/modbus_stm32f103.dir/Core/Src/modbus_crc.c.obj
 .debug_line    0x000102c4      0xcc5 CMakeFiles/modbus_stm32f103.dir/Core/Src/modbusSlave.c.obj

.debug_str      0x00000000    0x904af
 .debug_str     0x00000000    0x8921f cmake/stm32cubemx/CMakeFiles/STM32_Drivers.dir/__/__/Core/Src/system_stm32f1xx.c.obj
                              0x89561 (size before relaxing)
 .debug_str     0x0008921f      0x718 cmake/stm32cubemx/CMakeFiles/STM32_Drivers.dir/__/__/Drivers/STM32F1xx_HAL_Driver/Src/stm32f1xx_hal_adc.c.obj
                              0x89c45 (size before relaxing)
 .debug_str     0x00089937      0x645 cmake/stm32cubemx/CMakeFiles/STM32_Drivers.dir/__/__/Drivers/STM32F1xx_HAL_Driver/Src/stm32f1xx_hal.c.obj
                              0x89c94 (size before relaxing)
 .debug_str     0x00089f7c      0x3db cmake/stm32cubemx/CMakeFiles/STM32_Drivers.dir/__/__/Drivers/STM32F1xx_HAL_Driver/Src/stm32f1xx_hal_rcc.c.obj
                              0x89990 (size before relaxing)
 .debug_str     0x0008a357      0x139 cmake/stm32cubemx/CMakeFiles/STM32_Drivers.dir/__/__/Drivers/STM32F1xx_HAL_Driver/Src/stm32f1xx_hal_rcc_ex.c.obj
                              0x896e0 (size before relaxing)
 .debug_str     0x0008a490      0x389 cmake/stm32cubemx/CMakeFiles/STM32_Drivers.dir/__/__/Drivers/STM32F1xx_HAL_Driver/Src/stm32f1xx_hal_gpio.c.obj
                              0x898e7 (size before relaxing)
 .debug_str     0x0008a819      0x23a cmake/stm32cubemx/CMakeFiles/STM32_Drivers.dir/__/__/Drivers/STM32F1xx_HAL_Driver/Src/stm32f1xx_hal_dma.c.obj
                              0x8990a (size before relaxing)
 .debug_str     0x0008aa53      0x2e4 cmake/stm32cubemx/CMakeFiles/STM32_Drivers.dir/__/__/Drivers/STM32F1xx_HAL_Driver/Src/stm32f1xx_hal_cortex.c.obj
                              0x89be0 (size before relaxing)
 .debug_str     0x0008ad37      0x745 cmake/stm32cubemx/CMakeFiles/STM32_Drivers.dir/__/__/Drivers/STM32F1xx_HAL_Driver/Src/stm32f1xx_hal_spi.c.obj
                              0x89e87 (size before relaxing)
 .debug_str     0x0008b47c     0x1113 cmake/stm32cubemx/CMakeFiles/STM32_Drivers.dir/__/__/Drivers/STM32F1xx_HAL_Driver/Src/stm32f1xx_hal_tim.c.obj
                              0x8a992 (size before relaxing)
 .debug_str     0x0008c58f      0x52c cmake/stm32cubemx/CMakeFiles/STM32_Drivers.dir/__/__/Drivers/STM32F1xx_HAL_Driver/Src/stm32f1xx_hal_tim_ex.c.obj
                              0x8a19e (size before relaxing)
 .debug_str     0x0008cabb      0x7f5 cmake/stm32cubemx/CMakeFiles/STM32_Drivers.dir/__/__/Drivers/STM32F1xx_HAL_Driver/Src/stm32f1xx_hal_uart.c.obj
                              0x8a001 (size before relaxing)
 .debug_str     0x0008d2b0      0x384 CMakeFiles/modbus_stm32f103.dir/Core/Src/main.c.obj
                              0x8ac20 (size before relaxing)
 .debug_str     0x0008d634      0x146 CMakeFiles/modbus_stm32f103.dir/Core/Src/stm32f1xx_it.c.obj
                              0x89d06 (size before relaxing)
 .debug_str     0x0008d77a       0x53 CMakeFiles/modbus_stm32f103.dir/Core/Src/stm32f1xx_hal_msp.c.obj
                              0x8a36d (size before relaxing)
 .debug_str     0x0008d7cd       0x5e CMakeFiles/modbus_stm32f103.dir/startup_stm32f103xb.s.obj
                                 0x96 (size before relaxing)
 .debug_str     0x0008d82b       0x77 CMakeFiles/modbus_stm32f103.dir/Core/Src/modbus_crc.c.obj
                               0x3d44 (size before relaxing)
 .debug_str     0x0008d8a2     0x2c0d CMakeFiles/modbus_stm32f103.dir/Core/Src/modbusSlave.c.obj
                              0x8c6bf (size before relaxing)

.debug_line_str
                0x00000000       0x7a
 .debug_line_str
                0x00000000       0x7a CMakeFiles/modbus_stm32f103.dir/startup_stm32f103xb.s.obj
