Archive member included to satisfy reference by file (symbol)

/home/serg50012/stm/CubeCTL/GNU-tools-for-STM32/bin/../lib/gcc/arm-none-eabi/12.3.1/../../../../arm-none-eabi/lib/thumb/v7-m/nofp/libc_nano.a(libc_a-exit.o)
                              /home/serg50012/stm/CubeCTL/GNU-tools-for-STM32/bin/../lib/gcc/arm-none-eabi/12.3.1/../../../../arm-none-eabi/lib/thumb/v7-m/nofp/crt0.o (exit)
/home/serg50012/stm/CubeCTL/GNU-tools-for-STM32/bin/../lib/gcc/arm-none-eabi/12.3.1/../../../../arm-none-eabi/lib/thumb/v7-m/nofp/libc_nano.a(libc_a-findfp.o)
                              /home/serg50012/stm/CubeCTL/GNU-tools-for-STM32/bin/../lib/gcc/arm-none-eabi/12.3.1/../../../../arm-none-eabi/lib/thumb/v7-m/nofp/libc_nano.a(libc_a-exit.o) (__stdio_exit_handler)
/home/serg50012/stm/CubeCTL/GNU-tools-for-STM32/bin/../lib/gcc/arm-none-eabi/12.3.1/../../../../arm-none-eabi/lib/thumb/v7-m/nofp/libc_nano.a(libc_a-fwalk.o)
                              /home/serg50012/stm/CubeCTL/GNU-tools-for-STM32/bin/../lib/gcc/arm-none-eabi/12.3.1/../../../../arm-none-eabi/lib/thumb/v7-m/nofp/libc_nano.a(libc_a-findfp.o) (_fwalk_sglue)
/home/serg50012/stm/CubeCTL/GNU-tools-for-STM32/bin/../lib/gcc/arm-none-eabi/12.3.1/../../../../arm-none-eabi/lib/thumb/v7-m/nofp/libc_nano.a(libc_a-stdio.o)
                              /home/serg50012/stm/CubeCTL/GNU-tools-for-STM32/bin/../lib/gcc/arm-none-eabi/12.3.1/../../../../arm-none-eabi/lib/thumb/v7-m/nofp/libc_nano.a(libc_a-findfp.o) (__sread)
/home/serg50012/stm/CubeCTL/GNU-tools-for-STM32/bin/../lib/gcc/arm-none-eabi/12.3.1/../../../../arm-none-eabi/lib/thumb/v7-m/nofp/libc_nano.a(libc_a-memset.o)
                              /home/serg50012/stm/CubeCTL/GNU-tools-for-STM32/bin/../lib/gcc/arm-none-eabi/12.3.1/../../../../arm-none-eabi/lib/thumb/v7-m/nofp/crt0.o (memset)
/home/serg50012/stm/CubeCTL/GNU-tools-for-STM32/bin/../lib/gcc/arm-none-eabi/12.3.1/../../../../arm-none-eabi/lib/thumb/v7-m/nofp/libc_nano.a(libc_a-closer.o)
                              /home/serg50012/stm/CubeCTL/GNU-tools-for-STM32/bin/../lib/gcc/arm-none-eabi/12.3.1/../../../../arm-none-eabi/lib/thumb/v7-m/nofp/libc_nano.a(libc_a-stdio.o) (_close_r)
/home/serg50012/stm/CubeCTL/GNU-tools-for-STM32/bin/../lib/gcc/arm-none-eabi/12.3.1/../../../../arm-none-eabi/lib/thumb/v7-m/nofp/libc_nano.a(libc_a-reent.o)
                              /home/serg50012/stm/CubeCTL/GNU-tools-for-STM32/bin/../lib/gcc/arm-none-eabi/12.3.1/../../../../arm-none-eabi/lib/thumb/v7-m/nofp/libc_nano.a(libc_a-closer.o) (errno)
/home/serg50012/stm/CubeCTL/GNU-tools-for-STM32/bin/../lib/gcc/arm-none-eabi/12.3.1/../../../../arm-none-eabi/lib/thumb/v7-m/nofp/libc_nano.a(libc_a-impure.o)
                              /home/serg50012/stm/CubeCTL/GNU-tools-for-STM32/bin/../lib/gcc/arm-none-eabi/12.3.1/../../../../arm-none-eabi/lib/thumb/v7-m/nofp/libc_nano.a(libc_a-reent.o) (_impure_ptr)
/home/serg50012/stm/CubeCTL/GNU-tools-for-STM32/bin/../lib/gcc/arm-none-eabi/12.3.1/../../../../arm-none-eabi/lib/thumb/v7-m/nofp/libc_nano.a(libc_a-lseekr.o)
                              /home/serg50012/stm/CubeCTL/GNU-tools-for-STM32/bin/../lib/gcc/arm-none-eabi/12.3.1/../../../../arm-none-eabi/lib/thumb/v7-m/nofp/libc_nano.a(libc_a-stdio.o) (_lseek_r)
/home/serg50012/stm/CubeCTL/GNU-tools-for-STM32/bin/../lib/gcc/arm-none-eabi/12.3.1/../../../../arm-none-eabi/lib/thumb/v7-m/nofp/libc_nano.a(libc_a-readr.o)
                              /home/serg50012/stm/CubeCTL/GNU-tools-for-STM32/bin/../lib/gcc/arm-none-eabi/12.3.1/../../../../arm-none-eabi/lib/thumb/v7-m/nofp/libc_nano.a(libc_a-stdio.o) (_read_r)
/home/serg50012/stm/CubeCTL/GNU-tools-for-STM32/bin/../lib/gcc/arm-none-eabi/12.3.1/../../../../arm-none-eabi/lib/thumb/v7-m/nofp/libc_nano.a(libc_a-writer.o)
                              /home/serg50012/stm/CubeCTL/GNU-tools-for-STM32/bin/../lib/gcc/arm-none-eabi/12.3.1/../../../../arm-none-eabi/lib/thumb/v7-m/nofp/libc_nano.a(libc_a-stdio.o) (_write_r)
/home/serg50012/stm/CubeCTL/GNU-tools-for-STM32/bin/../lib/gcc/arm-none-eabi/12.3.1/../../../../arm-none-eabi/lib/thumb/v7-m/nofp/libc_nano.a(libc_a-init.o)
                              /home/serg50012/stm/CubeCTL/GNU-tools-for-STM32/bin/../lib/gcc/arm-none-eabi/12.3.1/../../../../arm-none-eabi/lib/thumb/v7-m/nofp/crt0.o (__libc_init_array)
/home/serg50012/stm/CubeCTL/GNU-tools-for-STM32/bin/../lib/gcc/arm-none-eabi/12.3.1/../../../../arm-none-eabi/lib/thumb/v7-m/nofp/libc_nano.a(libc_a-lock.o)
                              /home/serg50012/stm/CubeCTL/GNU-tools-for-STM32/bin/../lib/gcc/arm-none-eabi/12.3.1/../../../../arm-none-eabi/lib/thumb/v7-m/nofp/libc_nano.a(libc_a-findfp.o) (__retarget_lock_init_recursive)
/home/serg50012/stm/CubeCTL/GNU-tools-for-STM32/bin/../lib/gcc/arm-none-eabi/12.3.1/../../../../arm-none-eabi/lib/thumb/v7-m/nofp/libc_nano.a(libc_a-freer.o)
[...]
Memory Configuration

Name             Origin             Length             Attributes
RAM              0x20000000         0x00005000         xrw
FLASH            0x08000000         0x00010000         xr
*default*        0x00000000         0xffffffff

Linker script and memory map

LOAD /home/serg50012/stm/CubeCTL/GNU-tools-for-STM32/bin/../lib/gcc/arm-none-eabi/12.3.1/thumb/v7-m/nofp/crti.o
LOAD /home/serg50012/stm/CubeCTL/GNU-tools-for-STM32/bin/../lib/gcc/arm-none-eabi/12.3.1/thumb/v7-m/nofp/crtbegin.o
LOAD /home/serg50012/stm/CubeCTL/GNU-tools-for-STM32/bin/../lib/gcc/arm-none-eabi/12.3.1/../../../../arm-none-eabi/lib/thumb/v7-m/nofp/crt0.o
START GROUP
LOAD /home/serg50012/stm/CubeCTL/GNU-tools-for-STM32/bin/../lib/gcc/arm-none-eabi/12.3.1/../../../../arm-none-eabi/lib/thumb/v7-m/nofp/libc_nano.a
LOAD /home/serg50012/stm/CubeCTL/GNU-tools-for-STM32/bin/../lib/gcc/arm-none-eabi/12.3.1/../../../../arm-none-eabi/lib/thumb/v7-m/nofp/libm.a
END GROUP
LOAD CMakeFiles/modbus_stm32f103.dir/Modules/modbus/ascii/mbascii.c.obj
LOAD CMakeFiles/modbus_stm32f103.dir/Modules/modbus/functions/mbfunccoils.c.obj
LOAD CMakeFiles/modbus_stm32f103.dir/Modules/modbus/functions/mbfuncdiag.c.obj
LOAD CMakeFiles/modbus_stm32f103.dir/Modules/modbus/functions/mbfuncdisc.c.obj
LOAD CMakeFiles/modbus_stm32f103.dir/Modules/modbus/functions/mbfuncholding.c.obj
LOAD CMakeFiles/modbus_stm32f103.dir/Modules/modbus/functions/mbfuncinput.c.obj
LOAD CMakeFiles/modbus_stm32f103.dir/Modules/modbus/functions/mbfuncother.c.obj
LOAD CMakeFiles/modbus_stm32f103.dir/Modules/modbus/functions/mbutils.c.obj
LOAD CMakeFiles/modbus_stm32f103.dir/Modules/modbus/mb.c.obj
LOAD CMakeFiles/modbus_stm32f103.dir/Modules/modbus/port/mt_port.c.obj
LOAD CMakeFiles/modbus_stm32f103.dir/Modules/modbus/port/portevent.c.obj
LOAD CMakeFiles/modbus_stm32f103.dir/Modules/modbus/port/portserial.c.obj
LOAD CMakeFiles/modbus_stm32f103.dir/Modules/modbus/port/porttimer.c.obj
LOAD CMakeFiles/modbus_stm32f103.dir/Modules/modbus/rtu/mbcrc.c.obj
LOAD CMakeFiles/modbus_stm32f103.dir/Modules/modbus/rtu/mbrtu.c.obj
LOAD CMakeFiles/modbus_stm32f103.dir/Modules/modbus/tcp/mbtcp.c.obj
LOAD CMakeFiles/modbus_stm32f103.dir/Core/Src/main.c.obj
LOAD CMakeFiles/modbus_stm32f103.dir/Core/Src/stm32f1xx_it.c.obj
LOAD CMakeFiles/modbus_stm32f103.dir/Core/Src/stm32f1xx_hal_msp.c.obj
LOAD CMakeFiles/modbus_stm32f103.dir/Drivers/STM32F1xx_HAL_Driver/Src/stm32f1xx_hal_gpio_ex.c.obj
LOAD CMakeFiles/modbus_stm32f103.dir/Drivers/STM32F1xx_HAL_Driver/Src/stm32f1xx_hal_adc.c.obj
LOAD CMakeFiles/modbus_stm32f103.dir/Drivers/STM32F1xx_HAL_Driver/Src/stm32f1xx_hal_adc_ex.c.obj
LOAD CMakeFiles/modbus_stm32f103.dir/Drivers/STM32F1xx_HAL_Driver/Src/stm32f1xx_hal.c.obj
LOAD CMakeFiles/modbus_stm32f103.dir/Drivers/STM32F1xx_HAL_Driver/Src/stm32f1xx_hal_rcc.c.obj
LOAD CMakeFiles/modbus_stm32f103.dir/Drivers/STM32F1xx_HAL_Driver/Src/stm32f1xx_hal_rcc_ex.c.obj
LOAD CMakeFiles/modbus_stm32f103.dir/Drivers/STM32F1xx_HAL_Driver/Src/stm32f1xx_hal_gpio.c.obj
LOAD CMakeFiles/modbus_stm32f103.dir/Drivers/STM32F1xx_HAL_Driver/Src/stm32f1xx_hal_dma.c.obj
LOAD CMakeFiles/modbus_stm32f103.dir/Drivers/STM32F1xx_HAL_Driver/Src/stm32f1xx_hal_cortex.c.obj
LOAD CMakeFiles/modbus_stm32f103.dir/Drivers/STM32F1xx_HAL_Driver/Src/stm32f1xx_hal_pwr.c.obj
LOAD CMakeFiles/modbus_stm32f103.dir/Drivers/STM32F1xx_HAL_Driver/Src/stm32f1xx_hal_flash.c.obj
LOAD CMakeFiles/modbus_stm32f103.dir/Drivers/STM32F1xx_HAL_Driver/Src/stm32f1xx_hal_flash_ex.c.obj
LOAD CMakeFiles/modbus_stm32f103.dir/Drivers/STM32F1xx_HAL_Driver/Src/stm32f1xx_hal_exti.c.obj
LOAD CMakeFiles/modbus_stm32f103.dir/Drivers/STM32F1xx_HAL_Driver/Src/stm32f1xx_hal_spi.c.obj
LOAD CMakeFiles/modbus_stm32f103.dir/Drivers/STM32F1xx_HAL_Driver/Src/stm32f1xx_hal_tim.c.obj
LOAD CMakeFiles/modbus_stm32f103.dir/Drivers/STM32F1xx_HAL_Driver/Src/stm32f1xx_hal_tim_ex.c.obj
LOAD CMakeFiles/modbus_stm32f103.dir/Drivers/STM32F1xx_HAL_Driver/Src/stm32f1xx_hal_uart.c.obj
LOAD CMakeFiles/modbus_stm32f103.dir/Core/Src/system_stm32f1xx.c.obj
LOAD CMakeFiles/modbus_stm32f103.dir/Core/Src/sysmem.c.obj
LOAD CMakeFiles/modbus_stm32f103.dir/Core/Src/syscalls.c.obj
LOAD CMakeFiles/modbus_stm32f103.dir/startup_stm32f103xb.s.obj
START GROUP
LOAD /home/serg50012/stm/CubeCTL/GNU-tools-for-STM32/bin/../lib/gcc/arm-none-eabi/12.3.1/thumb/v7-m/nofp/libgcc.a
LOAD /home/serg50012/stm/CubeCTL/GNU-tools-for-STM32/bin/../lib/gcc/arm-none-eabi/12.3.1/../../../../arm-none-eabi/lib/thumb/v7-m/nofp/libg_nano.a
LOAD /home/serg50012/stm/CubeCTL/GNU-tools-for-STM32/bin/../lib/gcc/arm-none-eabi/12.3.1/../../../../arm-none-eabi/lib/thumb/v7-m/nofp/libc_nano.a
END GROUP
START GROUP
LOAD /home/serg50012/stm/CubeCTL/GNU-tools-for-STM32/bin/../lib/gcc/arm-none-eabi/12.3.1/thumb/v7-m/nofp/libgcc.a
LOAD /home/serg50012/stm/CubeCTL/GNU-tools-for-STM32/bin/../lib/gcc/arm-none-eabi/12.3.1/../../../../arm-none-eabi/lib/thumb/v7-m/nofp/libc_nano.a
END GROUP
LOAD /home/serg50012/stm/CubeCTL/GNU-tools-for-STM32/bin/../lib/gcc/arm-none-eabi/12.3.1/thumb/v7-m/nofp/crtend.o
LOAD /home/serg50012/stm/CubeCTL/GNU-tools-for-STM32/bin/../lib/gcc/arm-none-eabi/12.3.1/thumb/v7-m/nofp/crtn.o
                0x20005000                        _estack = (ORIGIN (RAM) + LENGTH (RAM))
                0x00000200                        _Min_Heap_Size = 0x200
                0x00000400                        _Min_Stack_Size = 0x400

.isr_vector     0x08000000      0x10c
                0x08000000                        . = ALIGN (0x4)
 *(.isr_vector)
 .isr_vector    0x08000000      0x10c CMakeFiles/modbus_stm32f103.dir/startup_stm32f103xb.s.obj
                0x08000000                g_pfnVectors
                0x0800010c                        . = ALIGN (0x4)

.text           0x08000110     0x8270
                0x08000110                        . = ALIGN (0x4)
 *(.text)
 .text          0x08000110       0x40 /home/serg50012/stm/CubeCTL/GNU-tools-for-STM32/bin/../lib/gcc/arm-none-eabi/12.3.1/thumb/v7-m/nofp/crtbegin.o
 .text          0x08000150      0x378 /home/serg50012/stm/CubeCTL/GNU-tools-for-STM32/bin/../lib/gcc/arm-none-eabi/12.3.1/thumb/v7-m/nofp/libgcc.a(_arm_addsubdf3.o)
                0x08000150                __aeabi_drsub
                0x08000158                __aeabi_dsub
                0x08000158                __subdf3
                0x0800015c                __adddf3
                0x0800015c                __aeabi_dadd
                0x080003d4                __aeabi_ui2d
                0x080003d4                __floatunsidf
                0x080003f4                __floatsidf
                0x080003f4                __aeabi_i2d
                0x08000418                __extendsfdf2
                0x08000418                __aeabi_f2d
                0x0800045c                __aeabi_ul2d
                0x0800045c                __floatundidf
                0x0800046c                __floatdidf
                0x0800046c                __aeabi_l2d
 .text          0x080004c8      0x424 /home/serg50012/stm/CubeCTL/GNU-tools-for-STM32/bin/../lib/gcc/arm-none-eabi/12.3.1/thumb/v7-m/nofp/libgcc.a(_arm_muldivdf3.o)
                0x080004c8                __aeabi_dmul
                0x080004c8                __muldf3
                0x0800071c                __aeabi_ddiv
                0x0800071c                __divdf3
 .text          0x080008ec       0x40 /home/serg50012/stm/CubeCTL/GNU-tools-for-STM32/bin/../lib/gcc/arm-none-eabi/12.3.1/thumb/v7-m/nofp/libgcc.a(_arm_fixunsdfsi.o)
                0x080008ec                __fixunsdfsi
                0x080008ec                __aeabi_d2uiz
 *(.text*)
 .text.std      0x0800092c       0x6c /home/serg50012/stm/CubeCTL/GNU-tools-for-STM32/bin/../lib/gcc/arm-none-eabi/12.3.1/../../../../arm-none-eabi/lib/thumb/v7-m/nofp/libc_nano.a(libc_a-findfp.o)
 .text.stdio_exit_handler
                0x08000998       0x18 /home/serg50012/stm/CubeCTL/GNU-tools-for-STM32/bin/../lib/gcc/arm-none-eabi/12.3.1/../../../../arm-none-eabi/lib/thumb/v7-m/nofp/libc_nano.a(libc_a-findfp.o)
 .text.cleanup_stdio
                0x080009b0       0x40 /home/serg50012/stm/CubeCTL/GNU-tools-for-STM32/bin/../lib/gcc/arm-none-eabi/12.3.1/../../../../arm-none-eabi/lib/thumb/v7-m/nofp/libc_nano.a(libc_a-findfp.o)
 .text.global_stdio_init.part.0
                0x080009f0       0x3c /home/serg50012/stm/CubeCTL/GNU-tools-for-STM32/bin/../lib/gcc/arm-none-eabi/12.3.1/../../../../arm-none-eabi/lib/thumb/v7-m/nofp/libc_nano.a(libc_a-findfp.o)
 .text.__sfp_lock_acquire
                0x08000a2c        0xc /home/serg50012/stm/CubeCTL/GNU-tools-for-STM32/bin/../lib/gcc/arm-none-eabi/12.3.1/../../../../arm-none-eabi/lib/thumb/v7-m/nofp/libc_nano.a(libc_a-findfp.o)
                0x08000a2c                __sfp_lock_acquire
 .text.__sfp_lock_release
                0x08000a38        0xc /home/serg50012/stm/CubeCTL/GNU-tools-for-STM32/bin/../lib/gcc/arm-none-eabi/12.3.1/../../../../arm-none-eabi/lib/thumb/v7-m/nofp/libc_nano.a(libc_a-findfp.o)
                0x08000a38                __sfp_lock_release
 .text.__sinit  0x08000a44       0x30 /home/serg50012/stm/CubeCTL/GNU-tools-for-STM32/bin/../lib/gcc/arm-none-eabi/12.3.1/../../../../arm-none-eabi/lib/thumb/v7-m/nofp/libc_nano.a(libc_a-findfp.o)
                0x08000a44                __sinit
 .text._fwalk_sglue
                0x08000a74       0x3c /home/serg50012/stm/CubeCTL/GNU-tools-for-STM32/bin/../lib/gcc/arm-none-eabi/12.3.1/../../../../arm-none-eabi/lib/thumb/v7-m/nofp/libc_nano.a(libc_a-fwalk.o)
                0x08000a74                _fwalk_sglue
 .text.__sread  0x08000ab0       0x22 /home/serg50012/stm/CubeCTL/GNU-tools-for-STM32/bin/../lib/gcc/arm-none-eabi/12.3.1/../../../../arm-none-eabi/lib/thumb/v7-m/nofp/libc_nano.a(libc_a-stdio.o)
                0x08000ab0                __sread
 .text.__swrite
                0x08000ad2       0x38 /home/serg50012/stm/CubeCTL/GNU-tools-for-STM32/bin/../lib/gcc/arm-none-eabi/12.3.1/../../../../arm-none-eabi/lib/thumb/v7-m/nofp/libc_nano.a(libc_a-stdio.o)
                0x08000ad2                __swrite
 .text.__sseek  0x08000b0a       0x24 /home/serg50012/stm/CubeCTL/GNU-tools-for-STM32/bin/../lib/gcc/arm-none-eabi/12.3.1/../../../../arm-none-eabi/lib/thumb/v7-m/nofp/libc_nano.a(libc_a-stdio.o)
                0x08000b0a                __sseek
 .text.__sclose
                0x08000b2e        0x8 /home/serg50012/stm/CubeCTL/GNU-tools-for-STM32/bin/../lib/gcc/arm-none-eabi/12.3.1/../../../../arm-none-eabi/lib/thumb/v7-m/nofp/libc_nano.a(libc_a-stdio.o)
                0x08000b2e                __sclose
 .text.memset   0x08000b36       0x10 /home/serg50012/stm/CubeCTL/GNU-tools-for-STM32/bin/../lib/gcc/arm-none-eabi/12.3.1/../../../../arm-none-eabi/lib/thumb/v7-m/nofp/libc_nano.a(libc_a-memset.o)
                0x08000b36                memset
 *fill*         0x08000b46        0x2 
 .text._close_r
                0x08000b48       0x20 /home/serg50012/stm/CubeCTL/GNU-tools-for-STM32/bin/../lib/gcc/arm-none-eabi/12.3.1/../../../../arm-none-eabi/lib/thumb/v7-m/nofp/libc_nano.a(libc_a-closer.o)
                0x08000b48                _close_r
 .text._lseek_r
                0x08000b68       0x24 /home/serg50012/stm/CubeCTL/GNU-tools-for-STM32/bin/../lib/gcc/arm-none-eabi/12.3.1/../../../../arm-none-eabi/lib/thumb/v7-m/nofp/libc_nano.a(libc_a-lseekr.o)
                0x08000b68                _lseek_r
 .text._read_r  0x08000b8c       0x24 /home/serg50012/stm/CubeCTL/GNU-tools-for-STM32/bin/../lib/gcc/arm-none-eabi/12.3.1/../../../../arm-none-eabi/lib/thumb/v7-m/nofp/libc_nano.a(libc_a-readr.o)
                0x08000b8c                _read_r
 .text._write_r
                0x08000bb0       0x24 /home/serg50012/stm/CubeCTL/GNU-tools-for-STM32/bin/../lib/gcc/arm-none-eabi/12.3.1/../../../../arm-none-eabi/lib/thumb/v7-m/nofp/libc_nano.a(libc_a-writer.o)
                0x08000bb0                _write_r
 .text.__libc_init_array
                0x08000bd4       0x48 /home/serg50012/stm/CubeCTL/GNU-tools-for-STM32/bin/../lib/gcc/arm-none-eabi/12.3.1/../../../../arm-none-eabi/lib/thumb/v7-m/nofp/libc_nano.a(libc_a-init.o)
                0x08000bd4                __libc_init_array
 .text.__retarget_lock_init_recursive
                0x08000c1c        0x2 /home/serg50012/stm/CubeCTL/GNU-tools-for-STM32/bin/../lib/gcc/arm-none-eabi/12.3.1/../../../../arm-none-eabi/lib/thumb/v7-m/nofp/libc_nano.a(libc_a-lock.o)
                0x08000c1c                __retarget_lock_init_recursive
 .text.__retarget_lock_acquire_recursive
                0x08000c1e        0x2 /home/serg50012/stm/CubeCTL/GNU-tools-for-STM32/bin/../lib/gcc/arm-none-eabi/12.3.1/../../../../arm-none-eabi/lib/thumb/v7-m/nofp/libc_nano.a(libc_a-lock.o)
                0x08000c1e                __retarget_lock_acquire_recursive
 .text.__retarget_lock_release_recursive
                0x08000c20        0x2 /home/serg50012/stm/CubeCTL/GNU-tools-for-STM32/bin/../lib/gcc/arm-none-eabi/12.3.1/../../../../arm-none-eabi/lib/thumb/v7-m/nofp/libc_nano.a(libc_a-lock.o)
                0x08000c20                __retarget_lock_release_recursive
 *fill*         0x08000c22        0x2 
 .text._free_r  0x08000c24       0x90 /home/serg50012/stm/CubeCTL/GNU-tools-for-STM32/bin/../lib/gcc/arm-none-eabi/12.3.1/../../../../arm-none-eabi/lib/thumb/v7-m/nofp/libc_nano.a(libc_a-freer.o)
                0x08000c24                _free_r
 .text.sbrk_aligned
                0x08000cb4       0x44 /home/serg50012/stm/CubeCTL/GNU-tools-for-STM32/bin/../lib/gcc/arm-none-eabi/12.3.1/../../../../arm-none-eabi/lib/thumb/v7-m/nofp/libc_nano.a(libc_a-mallocr.o)
 .text._malloc_r
                0x08000cf8      0x100 /home/serg50012/stm/CubeCTL/GNU-tools-for-STM32/bin/../lib/gcc/arm-none-eabi/12.3.1/../../../../arm-none-eabi/lib/thumb/v7-m/nofp/libc_nano.a(libc_a-mallocr.o)
                0x08000cf8                _malloc_r
 .text.__malloc_lock
                0x08000df8        0xc /home/serg50012/stm/CubeCTL/GNU-tools-for-STM32/bin/../lib/gcc/arm-none-eabi/12.3.1/../../../../arm-none-eabi/lib/thumb/v7-m/nofp/libc_nano.a(libc_a-mlock.o)
                0x08000df8                __malloc_lock
 .text.__malloc_unlock
                0x08000e04        0xc /home/serg50012/stm/CubeCTL/GNU-tools-for-STM32/bin/../lib/gcc/arm-none-eabi/12.3.1/../../../../arm-none-eabi/lib/thumb/v7-m/nofp/libc_nano.a(libc_a-mlock.o)
                0x08000e04                __malloc_unlock
 .text.__sflush_r
                0x08000e10      0x100 /home/serg50012/stm/CubeCTL/GNU-tools-for-STM32/bin/../lib/gcc/arm-none-eabi/12.3.1/../../../../arm-none-eabi/lib/thumb/v7-m/nofp/libc_nano.a(libc_a-fflush.o)
                0x08000e10                __sflush_r
 .text._fflush_r
                0x08000f10       0x50 /home/serg50012/stm/CubeCTL/GNU-tools-for-STM32/bin/../lib/gcc/arm-none-eabi/12.3.1/../../../../arm-none-eabi/lib/thumb/v7-m/nofp/libc_nano.a(libc_a-fflush.o)
                0x08000f10                _fflush_r
 .text._sbrk_r  0x08000f60       0x20 /home/serg50012/stm/CubeCTL/GNU-tools-for-STM32/bin/../lib/gcc/arm-none-eabi/12.3.1/../../../../arm-none-eabi/lib/thumb/v7-m/nofp/libc_nano.a(libc_a-sbrkr.o)
                0x08000f60                _sbrk_r
 .text.eMBFuncReadCoils
                0x08000f80       0xfa CMakeFiles/modbus_stm32f103.dir/Modules/modbus/functions/mbfunccoils.c.obj
                0x08000f80                eMBFuncReadCoils
 .text.eMBFuncWriteCoil
                0x0800107a       0xa4 CMakeFiles/modbus_stm32f103.dir/Modules/modbus/functions/mbfunccoils.c.obj
                0x0800107a                eMBFuncWriteCoil
 .text.eMBFuncWriteMultipleCoils
                0x0800111e       0xca CMakeFiles/modbus_stm32f103.dir/Modules/modbus/functions/mbfunccoils.c.obj
                0x0800111e                eMBFuncWriteMultipleCoils
 .text.eMBFuncReadDiscreteInputs
                0x080011e8       0xfa CMakeFiles/modbus_stm32f103.dir/Modules/modbus/functions/mbfuncdisc.c.obj
                0x080011e8                eMBFuncReadDiscreteInputs
 .text.eMBFuncWriteHoldingRegister
                0x080012e2       0x68 CMakeFiles/modbus_stm32f103.dir/Modules/modbus/functions/mbfuncholding.c.obj
                0x080012e2                eMBFuncWriteHoldingRegister
 .text.eMBFuncWriteMultipleHoldingRegister
                0x0800134a       0xae CMakeFiles/modbus_stm32f103.dir/Modules/modbus/functions/mbfuncholding.c.obj
                0x0800134a                eMBFuncWriteMultipleHoldingRegister
 .text.eMBFuncReadHoldingRegister
                0x080013f8       0xda CMakeFiles/modbus_stm32f103.dir/Modules/modbus/functions/mbfuncholding.c.obj
                0x080013f8                eMBFuncReadHoldingRegister
 .text.eMBFuncReadWriteMultipleHoldingRegister
                0x080014d2      0x14c CMakeFiles/modbus_stm32f103.dir/Modules/modbus/functions/mbfuncholding.c.obj
                0x080014d2                eMBFuncReadWriteMultipleHoldingRegister
 .text.eMBFuncReadInputRegister
                0x0800161e       0xe0 CMakeFiles/modbus_stm32f103.dir/Modules/modbus/functions/mbfuncinput.c.obj
                0x0800161e                eMBFuncReadInputRegister
 *fill*         0x080016fe        0x2 
 .text.eMBFuncReportSlaveID
                0x08001700       0x38 CMakeFiles/modbus_stm32f103.dir/Modules/modbus/functions/mbfuncother.c.obj
                0x08001700                eMBFuncReportSlaveID
 .text.prveMBError2Exception
                0x08001738       0x42 CMakeFiles/modbus_stm32f103.dir/Modules/modbus/functions/mbutils.c.obj
                0x08001738                prveMBError2Exception
 *fill*         0x0800177a        0x2 
 .text.eMBInit  0x0800177c       0xf8 CMakeFiles/modbus_stm32f103.dir/Modules/modbus/mb.c.obj
                0x0800177c                eMBInit
 .text.eMBEnable
                0x08001874       0x38 CMakeFiles/modbus_stm32f103.dir/Modules/modbus/mb.c.obj
                0x08001874                eMBEnable
 .text.eMBPoll  0x080018ac      0x174 CMakeFiles/modbus_stm32f103.dir/Modules/modbus/mb.c.obj
                0x080018ac                eMBPoll
 .text.EnterCriticalSection
                0x08001a20       0x20 CMakeFiles/modbus_stm32f103.dir/Modules/modbus/port/mt_port.c.obj
                0x08001a20                EnterCriticalSection
 .text.ExitCriticalSection
                0x08001a40       0x28 CMakeFiles/modbus_stm32f103.dir/Modules/modbus/port/mt_port.c.obj
                0x08001a40                ExitCriticalSection
 .text.MT_PORT_SetTimerModule
                0x08001a68       0x1c CMakeFiles/modbus_stm32f103.dir/Modules/modbus/port/mt_port.c.obj
                0x08001a68                MT_PORT_SetTimerModule
 .text.MT_PORT_SetUartModule
                0x08001a84       0x1c CMakeFiles/modbus_stm32f103.dir/Modules/modbus/port/mt_port.c.obj
                0x08001a84                MT_PORT_SetUartModule
 .text.xMBPortEventInit
                0x08001aa0       0x18 CMakeFiles/modbus_stm32f103.dir/Modules/modbus/port/portevent.c.obj
                0x08001aa0                xMBPortEventInit
 .text.xMBPortEventPost
                0x08001ab8       0x2c CMakeFiles/modbus_stm32f103.dir/Modules/modbus/port/portevent.c.obj
                0x08001ab8                xMBPortEventPost
 .text.xMBPortEventGet
                0x08001ae4       0x3c CMakeFiles/modbus_stm32f103.dir/Modules/modbus/port/portevent.c.obj
                0x08001ae4                xMBPortEventGet
 .text.vMBPortSerialEnable
                0x08001b20       0x64 CMakeFiles/modbus_stm32f103.dir/Modules/modbus/port/portserial.c.obj
                0x08001b20                vMBPortSerialEnable
 .text.xMBPortSerialInit
                0x08001b84       0x24 CMakeFiles/modbus_stm32f103.dir/Modules/modbus/port/portserial.c.obj
                0x08001b84                xMBPortSerialInit
 .text.xMBPortSerialPutByte
                0x08001ba8       0x30 CMakeFiles/modbus_stm32f103.dir/Modules/modbus/port/portserial.c.obj
                0x08001ba8                xMBPortSerialPutByte
 .text.xMBPortSerialGetByte
                0x08001bd8       0x30 CMakeFiles/modbus_stm32f103.dir/Modules/modbus/port/portserial.c.obj
                0x08001bd8                xMBPortSerialGetByte
 .text.prvvUARTTxReadyISR
                0x08001c08       0x14 CMakeFiles/modbus_stm32f103.dir/Modules/modbus/port/portserial.c.obj
 .text.prvvUARTRxISR
                0x08001c1c       0x14 CMakeFiles/modbus_stm32f103.dir/Modules/modbus/port/portserial.c.obj
 .text.HAL_UART_TxCpltCallback
                0x08001c30       0x28 CMakeFiles/modbus_stm32f103.dir/Modules/modbus/port/portserial.c.obj
                0x08001c30                HAL_UART_TxCpltCallback
 .text.HAL_UART_RxCpltCallback
                0x08001c58       0x28 CMakeFiles/modbus_stm32f103.dir/Modules/modbus/port/portserial.c.obj
                0x08001c58                HAL_UART_RxCpltCallback
 .text.xMBPortTimersInit
                0x08001c80       0x20 CMakeFiles/modbus_stm32f103.dir/Modules/modbus/port/porttimer.c.obj
                0x08001c80                xMBPortTimersInit
 .text.vMBPortTimersEnable
                0x08001ca0       0x20 CMakeFiles/modbus_stm32f103.dir/Modules/modbus/port/porttimer.c.obj
                0x08001ca0                vMBPortTimersEnable
 .text.vMBPortTimersDisable
                0x08001cc0       0x18 CMakeFiles/modbus_stm32f103.dir/Modules/modbus/port/porttimer.c.obj
                0x08001cc0                vMBPortTimersDisable
 .text.prvvTIMERExpiredISR
                0x08001cd8       0x14 CMakeFiles/modbus_stm32f103.dir/Modules/modbus/port/porttimer.c.obj
 .text.HAL_TIM_PeriodElapsedCallback
                0x08001cec       0x48 CMakeFiles/modbus_stm32f103.dir/Modules/modbus/port/porttimer.c.obj
                0x08001cec                HAL_TIM_PeriodElapsedCallback
 .text.usMBCRC16
                0x08001d34       0x6c CMakeFiles/modbus_stm32f103.dir/Modules/modbus/rtu/mbcrc.c.obj
                0x08001d34                usMBCRC16
 .text.eMBRTUInit
                0x08001da0       0x78 CMakeFiles/modbus_stm32f103.dir/Modules/modbus/rtu/mbrtu.c.obj
                0x08001da0                eMBRTUInit
 .text.eMBRTUStart
                0x08001e18       0x28 CMakeFiles/modbus_stm32f103.dir/Modules/modbus/rtu/mbrtu.c.obj
                0x08001e18                eMBRTUStart
 .text.eMBRTUStop
                0x08001e40       0x1c CMakeFiles/modbus_stm32f103.dir/Modules/modbus/rtu/mbrtu.c.obj
                0x08001e40                eMBRTUStop
 .text.eMBRTUReceive
                0x08001e5c       0x94 CMakeFiles/modbus_stm32f103.dir/Modules/modbus/rtu/mbrtu.c.obj
                0x08001e5c                eMBRTUReceive
 .text.eMBRTUSend
                0x08001ef0       0xc8 CMakeFiles/modbus_stm32f103.dir/Modules/modbus/rtu/mbrtu.c.obj
                0x08001ef0                eMBRTUSend
 .text.xMBRTUReceiveFSM
                0x08001fb8       0xd0 CMakeFiles/modbus_stm32f103.dir/Modules/modbus/rtu/mbrtu.c.obj
                0x08001fb8                xMBRTUReceiveFSM
 .text.xMBRTUTransmitFSM
                0x08002088       0xb0 CMakeFiles/modbus_stm32f103.dir/Modules/modbus/rtu/mbrtu.c.obj
                0x08002088                xMBRTUTransmitFSM
 .text.xMBRTUTimerT35Expired
                0x08002138       0x8c CMakeFiles/modbus_stm32f103.dir/Modules/modbus/rtu/mbrtu.c.obj
                0x08002138                xMBRTUTimerT35Expired
 .text.main     0x080021c4      0x114 CMakeFiles/modbus_stm32f103.dir/Core/Src/main.c.obj
                0x080021c4                main
 .text.SystemClock_Config
                0x080022d8       0xb6 CMakeFiles/modbus_stm32f103.dir/Core/Src/main.c.obj
                0x080022d8                SystemClock_Config
 *fill*         0x0800238e        0x2 
 .text.MX_ADC1_Init
                0x08002390      0x160 CMakeFiles/modbus_stm32f103.dir/Core/Src/main.c.obj
 .text.MX_SPI1_Init
                0x080024f0       0x6c CMakeFiles/modbus_stm32f103.dir/Core/Src/main.c.obj
 .text.MX_TIM1_Init
                0x0800255c      0x154 CMakeFiles/modbus_stm32f103.dir/Core/Src/main.c.obj
 .text.MX_TIM2_Init
                0x080026b0       0xf0 CMakeFiles/modbus_stm32f103.dir/Core/Src/main.c.obj
 .text.MX_TIM3_Init
                0x080027a0       0x98 CMakeFiles/modbus_stm32f103.dir/Core/Src/main.c.obj
 .text.MX_TIM4_Init
                0x08002838       0xe8 CMakeFiles/modbus_stm32f103.dir/Core/Src/main.c.obj
 .text.MX_USART1_UART_Init
                0x08002920       0x54 CMakeFiles/modbus_stm32f103.dir/Core/Src/main.c.obj
 .text.MX_DMA_Init
                0x08002974       0x3c CMakeFiles/modbus_stm32f103.dir/Core/Src/main.c.obj
 .text.MX_GPIO_Init
                0x080029b0       0x94 CMakeFiles/modbus_stm32f103.dir/Core/Src/main.c.obj
 .text.eMBRegInputCB
                0x08002a44       0x8c CMakeFiles/modbus_stm32f103.dir/Core/Src/main.c.obj
                0x08002a44                eMBRegInputCB
 .text.eMBRegHoldingCB
                0x08002ad0       0xf8 CMakeFiles/modbus_stm32f103.dir/Core/Src/main.c.obj
                0x08002ad0                eMBRegHoldingCB
 .text.eMBRegCoilsCB
                0x08002bc8      0x188 CMakeFiles/modbus_stm32f103.dir/Core/Src/main.c.obj
                0x08002bc8                eMBRegCoilsCB
 .text.eMBRegDiscreteCB
                0x08002d50       0xd8 CMakeFiles/modbus_stm32f103.dir/Core/Src/main.c.obj
                0x08002d50                eMBRegDiscreteCB
 .text.HAL_ADC_ConvCpltCallback
                0x08002e28       0xd4 CMakeFiles/modbus_stm32f103.dir/Core/Src/main.c.obj
                0x08002e28                HAL_ADC_ConvCpltCallback
 .text.HAL_TIM_OC_DelayElapsedCallback
                0x08002efc       0x30 CMakeFiles/modbus_stm32f103.dir/Core/Src/main.c.obj
                0x08002efc                HAL_TIM_OC_DelayElapsedCallback
 .text.HAL_GPIO_EXTI_Callback
                0x08002f2c       0xa8 CMakeFiles/modbus_stm32f103.dir/Core/Src/main.c.obj
                0x08002f2c                HAL_GPIO_EXTI_Callback
 .text.StopTimers
                0x08002fd4       0x20 CMakeFiles/modbus_stm32f103.dir/Core/Src/main.c.obj
                0x08002fd4                StopTimers
 .text.StartTimers
                0x08002ff4       0x20 CMakeFiles/modbus_stm32f103.dir/Core/Src/main.c.obj
                0x08002ff4                StartTimers
 .text.SetHZ    0x08003014       0x68 CMakeFiles/modbus_stm32f103.dir/Core/Src/main.c.obj
                0x08003014                SetHZ
 .text.SetPulse
                0x0800307c       0x84 CMakeFiles/modbus_stm32f103.dir/Core/Src/main.c.obj
                0x0800307c                SetPulse
 .text.Error_Handler
                0x08003100        0xc CMakeFiles/modbus_stm32f103.dir/Core/Src/main.c.obj
                0x08003100                Error_Handler
 .text.NMI_Handler
                0x0800310c        0x8 CMakeFiles/modbus_stm32f103.dir/Core/Src/stm32f1xx_it.c.obj
                0x0800310c                NMI_Handler
 .text.HardFault_Handler
                0x08003114        0x8 CMakeFiles/modbus_stm32f103.dir/Core/Src/stm32f1xx_it.c.obj
                0x08003114                HardFault_Handler
 .text.MemManage_Handler
                0x0800311c        0x8 CMakeFiles/modbus_stm32f103.dir/Core/Src/stm32f1xx_it.c.obj
                0x0800311c                MemManage_Handler
 .text.BusFault_Handler
                0x08003124        0x8 CMakeFiles/modbus_stm32f103.dir/Core/Src/stm32f1xx_it.c.obj
                0x08003124                BusFault_Handler
 .text.UsageFault_Handler
                0x0800312c        0x8 CMakeFiles/modbus_stm32f103.dir/Core/Src/stm32f1xx_it.c.obj
                0x0800312c                UsageFault_Handler
 .text.SVC_Handler
                0x08003134        0xc CMakeFiles/modbus_stm32f103.dir/Core/Src/stm32f1xx_it.c.obj
                0x08003134                SVC_Handler
 .text.DebugMon_Handler
                0x08003140        0xc CMakeFiles/modbus_stm32f103.dir/Core/Src/stm32f1xx_it.c.obj
                0x08003140                DebugMon_Handler
 .text.PendSV_Handler
                0x0800314c        0xc CMakeFiles/modbus_stm32f103.dir/Core/Src/stm32f1xx_it.c.obj
                0x0800314c                PendSV_Handler
 .text.SysTick_Handler
                0x08003158        0xc CMakeFiles/modbus_stm32f103.dir/Core/Src/stm32f1xx_it.c.obj
                0x08003158                SysTick_Handler
 .text.DMA1_Channel1_IRQHandler
                0x08003164       0x14 CMakeFiles/modbus_stm32f103.dir/Core/Src/stm32f1xx_it.c.obj
                0x08003164                DMA1_Channel1_IRQHandler
 .text.TIM3_IRQHandler
                0x08003178       0x14 CMakeFiles/modbus_stm32f103.dir/Core/Src/stm32f1xx_it.c.obj
                0x08003178                TIM3_IRQHandler
 .text.TIM4_IRQHandler
                0x0800318c       0x14 CMakeFiles/modbus_stm32f103.dir/Core/Src/stm32f1xx_it.c.obj
                0x0800318c                TIM4_IRQHandler
 .text.USART1_IRQHandler
                0x080031a0       0x14 CMakeFiles/modbus_stm32f103.dir/Core/Src/stm32f1xx_it.c.obj
                0x080031a0                USART1_IRQHandler
 .text.EXTI15_10_IRQHandler
                0x080031b4       0x28 CMakeFiles/modbus_stm32f103.dir/Core/Src/stm32f1xx_it.c.obj
                0x080031b4                EXTI15_10_IRQHandler
 .text.HAL_MspInit
                0x080031dc       0x64 CMakeFiles/modbus_stm32f103.dir/Core/Src/stm32f1xx_hal_msp.c.obj
                0x080031dc                HAL_MspInit
 .text.HAL_ADC_MspInit
                0x08003240      0x100 CMakeFiles/modbus_stm32f103.dir/Core/Src/stm32f1xx_hal_msp.c.obj
                0x08003240                HAL_ADC_MspInit
 .text.HAL_SPI_MspInit
                0x08003340       0xb4 CMakeFiles/modbus_stm32f103.dir/Core/Src/stm32f1xx_hal_msp.c.obj
                0x08003340                HAL_SPI_MspInit
 .text.HAL_TIM_Base_MspInit
                0x080033f4       0xd0 CMakeFiles/modbus_stm32f103.dir/Core/Src/stm32f1xx_hal_msp.c.obj
                0x080033f4                HAL_TIM_Base_MspInit
 .text.HAL_TIM_MspPostInit
                0x080034c4       0xd0 CMakeFiles/modbus_stm32f103.dir/Core/Src/stm32f1xx_hal_msp.c.obj
                0x080034c4                HAL_TIM_MspPostInit
 .text.HAL_UART_MspInit
                0x08003594       0xa8 CMakeFiles/modbus_stm32f103.dir/Core/Src/stm32f1xx_hal_msp.c.obj
                0x08003594                HAL_UART_MspInit
 .text.HAL_ADC_Init
                0x0800363c      0x1b0 CMakeFiles/modbus_stm32f103.dir/Drivers/STM32F1xx_HAL_Driver/Src/stm32f1xx_hal_adc.c.obj
                0x0800363c                HAL_ADC_Init
 .text.HAL_ADC_Start_DMA
                0x080037ec      0x1bc CMakeFiles/modbus_stm32f103.dir/Drivers/STM32F1xx_HAL_Driver/Src/stm32f1xx_hal_adc.c.obj
                0x080037ec                HAL_ADC_Start_DMA
 .text.HAL_ADC_Stop_DMA
                0x080039a8       0x98 CMakeFiles/modbus_stm32f103.dir/Drivers/STM32F1xx_HAL_Driver/Src/stm32f1xx_hal_adc.c.obj
                0x080039a8                HAL_ADC_Stop_DMA
 .text.HAL_ADC_ConvHalfCpltCallback
                0x08003a40       0x12 CMakeFiles/modbus_stm32f103.dir/Drivers/STM32F1xx_HAL_Driver/Src/stm32f1xx_hal_adc.c.obj
                0x08003a40                HAL_ADC_ConvHalfCpltCallback
 .text.HAL_ADC_ErrorCallback
                0x08003a52       0x12 CMakeFiles/modbus_stm32f103.dir/Drivers/STM32F1xx_HAL_Driver/Src/stm32f1xx_hal_adc.c.obj
                0x08003a52                HAL_ADC_ErrorCallback
 .text.HAL_ADC_ConfigChannel
                0x08003a64      0x1f0 CMakeFiles/modbus_stm32f103.dir/Drivers/STM32F1xx_HAL_Driver/Src/stm32f1xx_hal_adc.c.obj
                0x08003a64                HAL_ADC_ConfigChannel
 .text.ADC_Enable
                0x08003c54       0xb4 CMakeFiles/modbus_stm32f103.dir/Drivers/STM32F1xx_HAL_Driver/Src/stm32f1xx_hal_adc.c.obj
                0x08003c54                ADC_Enable
 .text.ADC_ConversionStop_Disable
                0x08003d08       0x82 CMakeFiles/modbus_stm32f103.dir/Drivers/STM32F1xx_HAL_Driver/Src/stm32f1xx_hal_adc.c.obj
                0x08003d08                ADC_ConversionStop_Disable
 .text.ADC_DMAConvCplt
                0x08003d8a       0x7c CMakeFiles/modbus_stm32f103.dir/Drivers/STM32F1xx_HAL_Driver/Src/stm32f1xx_hal_adc.c.obj
                0x08003d8a                ADC_DMAConvCplt
 .text.ADC_DMAHalfConvCplt
                0x08003e06       0x1c CMakeFiles/modbus_stm32f103.dir/Drivers/STM32F1xx_HAL_Driver/Src/stm32f1xx_hal_adc.c.obj
                0x08003e06                ADC_DMAHalfConvCplt
 .text.ADC_DMAError
                0x08003e22       0x34 CMakeFiles/modbus_stm32f103.dir/Drivers/STM32F1xx_HAL_Driver/Src/stm32f1xx_hal_adc.c.obj
                0x08003e22                ADC_DMAError
 *fill*         0x08003e56        0x2 
 .text.HAL_Init
                0x08003e58       0x2c CMakeFiles/modbus_stm32f103.dir/Drivers/STM32F1xx_HAL_Driver/Src/stm32f1xx_hal.c.obj
                0x08003e58                HAL_Init
 .text.HAL_InitTick
                0x08003e84       0x60 CMakeFiles/modbus_stm32f103.dir/Drivers/STM32F1xx_HAL_Driver/Src/stm32f1xx_hal.c.obj
                0x08003e84                HAL_InitTick
 .text.HAL_IncTick
                0x08003ee4       0x24 CMakeFiles/modbus_stm32f103.dir/Drivers/STM32F1xx_HAL_Driver/Src/stm32f1xx_hal.c.obj
                0x08003ee4                HAL_IncTick
 .text.HAL_GetTick
                0x08003f08       0x14 CMakeFiles/modbus_stm32f103.dir/Drivers/STM32F1xx_HAL_Driver/Src/stm32f1xx_hal.c.obj
                0x08003f08                HAL_GetTick
 .text.HAL_RCC_OscConfig
                0x08003f1c      0x504 CMakeFiles/modbus_stm32f103.dir/Drivers/STM32F1xx_HAL_Driver/Src/stm32f1xx_hal_rcc.c.obj
                0x08003f1c                HAL_RCC_OscConfig
 .text.HAL_RCC_ClockConfig
                0x08004420      0x1d4 CMakeFiles/modbus_stm32f103.dir/Drivers/STM32F1xx_HAL_Driver/Src/stm32f1xx_hal_rcc.c.obj
                0x08004420                HAL_RCC_ClockConfig
 .text.HAL_RCC_GetSysClockFreq
                0x080045f4       0xa8 CMakeFiles/modbus_stm32f103.dir/Drivers/STM32F1xx_HAL_Driver/Src/stm32f1xx_hal_rcc.c.obj
                0x080045f4                HAL_RCC_GetSysClockFreq
 .text.HAL_RCC_GetHCLKFreq
                0x0800469c       0x14 CMakeFiles/modbus_stm32f103.dir/Drivers/STM32F1xx_HAL_Driver/Src/stm32f1xx_hal_rcc.c.obj
                0x0800469c                HAL_RCC_GetHCLKFreq
 .text.HAL_RCC_GetPCLK1Freq
                0x080046b0       0x28 CMakeFiles/modbus_stm32f103.dir/Drivers/STM32F1xx_HAL_Driver/Src/stm32f1xx_hal_rcc.c.obj
                0x080046b0                HAL_RCC_GetPCLK1Freq
 .text.HAL_RCC_GetPCLK2Freq
                0x080046d8       0x28 CMakeFiles/modbus_stm32f103.dir/Drivers/STM32F1xx_HAL_Driver/Src/stm32f1xx_hal_rcc.c.obj
                0x080046d8                HAL_RCC_GetPCLK2Freq
 .text.RCC_Delay
                0x08004700       0x3c CMakeFiles/modbus_stm32f103.dir/Drivers/STM32F1xx_HAL_Driver/Src/stm32f1xx_hal_rcc.c.obj
 .text.HAL_RCCEx_PeriphCLKConfig
                0x0800473c      0x16c CMakeFiles/modbus_stm32f103.dir/Drivers/STM32F1xx_HAL_Driver/Src/stm32f1xx_hal_rcc_ex.c.obj
                0x0800473c                HAL_RCCEx_PeriphCLKConfig
 .text.HAL_GPIO_Init
                0x080048a8      0x308 CMakeFiles/modbus_stm32f103.dir/Drivers/STM32F1xx_HAL_Driver/Src/stm32f1xx_hal_gpio.c.obj
                0x080048a8                HAL_GPIO_Init
 .text.HAL_GPIO_EXTI_IRQHandler
                0x08004bb0       0x30 CMakeFiles/modbus_stm32f103.dir/Drivers/STM32F1xx_HAL_Driver/Src/stm32f1xx_hal_gpio.c.obj
                0x08004bb0                HAL_GPIO_EXTI_IRQHandler
 .text.HAL_DMA_Init
                0x08004be0       0xb4 CMakeFiles/modbus_stm32f103.dir/Drivers/STM32F1xx_HAL_Driver/Src/stm32f1xx_hal_dma.c.obj
                0x08004be0                HAL_DMA_Init
 .text.HAL_DMA_Start_IT
                0x08004c94       0xc0 CMakeFiles/modbus_stm32f103.dir/Drivers/STM32F1xx_HAL_Driver/Src/stm32f1xx_hal_dma.c.obj
                0x08004c94                HAL_DMA_Start_IT
 .text.HAL_DMA_Abort
                0x08004d54       0x76 CMakeFiles/modbus_stm32f103.dir/Drivers/STM32F1xx_HAL_Driver/Src/stm32f1xx_hal_dma.c.obj
                0x08004d54                HAL_DMA_Abort
 *fill*         0x08004dca        0x2 
 .text.HAL_DMA_Abort_IT
                0x08004dcc       0xf0 CMakeFiles/modbus_stm32f103.dir/Drivers/STM32F1xx_HAL_Driver/Src/stm32f1xx_hal_dma.c.obj
                0x08004dcc                HAL_DMA_Abort_IT
 .text.HAL_DMA_IRQHandler
                0x08004ebc      0x20c CMakeFiles/modbus_stm32f103.dir/Drivers/STM32F1xx_HAL_Driver/Src/stm32f1xx_hal_dma.c.obj
                0x08004ebc                HAL_DMA_IRQHandler
 .text.DMA_SetConfig
                0x080050c8       0x5a CMakeFiles/modbus_stm32f103.dir/Drivers/STM32F1xx_HAL_Driver/Src/stm32f1xx_hal_dma.c.obj
 *fill*         0x08005122        0x2 
 .text.__NVIC_SetPriorityGrouping
                0x08005124       0x48 CMakeFiles/modbus_stm32f103.dir/Drivers/STM32F1xx_HAL_Driver/Src/stm32f1xx_hal_cortex.c.obj
 .text.__NVIC_GetPriorityGrouping
                0x0800516c       0x1c CMakeFiles/modbus_stm32f103.dir/Drivers/STM32F1xx_HAL_Driver/Src/stm32f1xx_hal_cortex.c.obj
 .text.__NVIC_EnableIRQ
                0x08005188       0x38 CMakeFiles/modbus_stm32f103.dir/Drivers/STM32F1xx_HAL_Driver/Src/stm32f1xx_hal_cortex.c.obj
 .text.__NVIC_SetPriority
                0x080051c0       0x54 CMakeFiles/modbus_stm32f103.dir/Drivers/STM32F1xx_HAL_Driver/Src/stm32f1xx_hal_cortex.c.obj
 .text.NVIC_EncodePriority
                0x08005214       0x64 CMakeFiles/modbus_stm32f103.dir/Drivers/STM32F1xx_HAL_Driver/Src/stm32f1xx_hal_cortex.c.obj
 .text.SysTick_Config
                0x08005278       0x44 CMakeFiles/modbus_stm32f103.dir/Drivers/STM32F1xx_HAL_Driver/Src/stm32f1xx_hal_cortex.c.obj
 .text.HAL_NVIC_SetPriorityGrouping
                0x080052bc       0x16 CMakeFiles/modbus_stm32f103.dir/Drivers/STM32F1xx_HAL_Driver/Src/stm32f1xx_hal_cortex.c.obj
                0x080052bc                HAL_NVIC_SetPriorityGrouping
 .text.HAL_NVIC_SetPriority
                0x080052d2       0x38 CMakeFiles/modbus_stm32f103.dir/Drivers/STM32F1xx_HAL_Driver/Src/stm32f1xx_hal_cortex.c.obj
                0x080052d2                HAL_NVIC_SetPriority
 .text.HAL_NVIC_EnableIRQ
                0x0800530a       0x1c CMakeFiles/modbus_stm32f103.dir/Drivers/STM32F1xx_HAL_Driver/Src/stm32f1xx_hal_cortex.c.obj
                0x0800530a                HAL_NVIC_EnableIRQ
 .text.HAL_SYSTICK_Config
                0x08005326       0x18 CMakeFiles/modbus_stm32f103.dir/Drivers/STM32F1xx_HAL_Driver/Src/stm32f1xx_hal_cortex.c.obj
                0x08005326                HAL_SYSTICK_Config
 .text.HAL_SPI_Init
                0x0800533e      0x108 CMakeFiles/modbus_stm32f103.dir/Drivers/STM32F1xx_HAL_Driver/Src/stm32f1xx_hal_spi.c.obj
                0x0800533e                HAL_SPI_Init
 .text.HAL_TIM_Base_Init
                0x08005446       0x9e CMakeFiles/modbus_stm32f103.dir/Drivers/STM32F1xx_HAL_Driver/Src/stm32f1xx_hal_tim.c.obj
                0x08005446                HAL_TIM_Base_Init
 .text.HAL_TIM_Base_Start_IT
                0x080054e4       0xa4 CMakeFiles/modbus_stm32f103.dir/Drivers/STM32F1xx_HAL_Driver/Src/stm32f1xx_hal_tim.c.obj
                0x080054e4                HAL_TIM_Base_Start_IT
 .text.HAL_TIM_Base_Stop_IT
                0x08005588       0x5c CMakeFiles/modbus_stm32f103.dir/Drivers/STM32F1xx_HAL_Driver/Src/stm32f1xx_hal_tim.c.obj
                0x08005588                HAL_TIM_Base_Stop_IT
 .text.HAL_TIM_OC_Init
                0x080055e4       0x9e CMakeFiles/modbus_stm32f103.dir/Drivers/STM32F1xx_HAL_Driver/Src/stm32f1xx_hal_tim.c.obj
                0x080055e4                HAL_TIM_OC_Init
 .text.HAL_TIM_OC_MspInit
                0x08005682       0x12 CMakeFiles/modbus_stm32f103.dir/Drivers/STM32F1xx_HAL_Driver/Src/stm32f1xx_hal_tim.c.obj
                0x08005682                HAL_TIM_OC_MspInit
 .text.HAL_TIM_OC_Start_IT
                0x08005694      0x1e0 CMakeFiles/modbus_stm32f103.dir/Drivers/STM32F1xx_HAL_Driver/Src/stm32f1xx_hal_tim.c.obj
                0x08005694                HAL_TIM_OC_Start_IT
 .text.HAL_TIM_PWM_Init
                0x08005874       0x9e CMakeFiles/modbus_stm32f103.dir/Drivers/STM32F1xx_HAL_Driver/Src/stm32f1xx_hal_tim.c.obj
                0x08005874                HAL_TIM_PWM_Init
 .text.HAL_TIM_PWM_MspInit
                0x08005912       0x12 CMakeFiles/modbus_stm32f103.dir/Drivers/STM32F1xx_HAL_Driver/Src/stm32f1xx_hal_tim.c.obj
                0x08005912                HAL_TIM_PWM_MspInit
 .text.HAL_TIM_PWM_Start
                0x08005924      0x144 CMakeFiles/modbus_stm32f103.dir/Drivers/STM32F1xx_HAL_Driver/Src/stm32f1xx_hal_tim.c.obj
                0x08005924                HAL_TIM_PWM_Start
 .text.HAL_TIM_PWM_Stop
                0x08005a68       0xc8 CMakeFiles/modbus_stm32f103.dir/Drivers/STM32F1xx_HAL_Driver/Src/stm32f1xx_hal_tim.c.obj
                0x08005a68                HAL_TIM_PWM_Stop
 .text.HAL_TIM_OnePulse_Init
                0x08005b30       0xa0 CMakeFiles/modbus_stm32f103.dir/Drivers/STM32F1xx_HAL_Driver/Src/stm32f1xx_hal_tim.c.obj
                0x08005b30                HAL_TIM_OnePulse_Init
 .text.HAL_TIM_OnePulse_MspInit
                0x08005bd0       0x12 CMakeFiles/modbus_stm32f103.dir/Drivers/STM32F1xx_HAL_Driver/Src/stm32f1xx_hal_tim.c.obj
                0x08005bd0                HAL_TIM_OnePulse_MspInit
 .text.HAL_TIM_IRQHandler
                0x08005be2      0x1e0 CMakeFiles/modbus_stm32f103.dir/Drivers/STM32F1xx_HAL_Driver/Src/stm32f1xx_hal_tim.c.obj
                0x08005be2                HAL_TIM_IRQHandler
 *fill*         0x08005dc2        0x2 
 .text.HAL_TIM_OC_ConfigChannel
                0x08005dc4       0xb8 CMakeFiles/modbus_stm32f103.dir/Drivers/STM32F1xx_HAL_Driver/Src/stm32f1xx_hal_tim.c.obj
                0x08005dc4                HAL_TIM_OC_ConfigChannel
 .text.HAL_TIM_PWM_ConfigChannel
                0x08005e7c      0x184 CMakeFiles/modbus_stm32f103.dir/Drivers/STM32F1xx_HAL_Driver/Src/stm32f1xx_hal_tim.c.obj
                0x08005e7c                HAL_TIM_PWM_ConfigChannel
 .text.HAL_TIM_ConfigClockSource
                0x08006000      0x18e CMakeFiles/modbus_stm32f103.dir/Drivers/STM32F1xx_HAL_Driver/Src/stm32f1xx_hal_tim.c.obj
                0x08006000                HAL_TIM_ConfigClockSource
 .text.HAL_TIM_SlaveConfigSynchro
                0x0800618e       0x84 CMakeFiles/modbus_stm32f103.dir/Drivers/STM32F1xx_HAL_Driver/Src/stm32f1xx_hal_tim.c.obj
                0x0800618e                HAL_TIM_SlaveConfigSynchro
 .text.HAL_TIM_IC_CaptureCallback
                0x08006212       0x12 CMakeFiles/modbus_stm32f103.dir/Drivers/STM32F1xx_HAL_Driver/Src/stm32f1xx_hal_tim.c.obj
                0x08006212                HAL_TIM_IC_CaptureCallback
 .text.HAL_TIM_PWM_PulseFinishedCallback
                0x08006224       0x12 CMakeFiles/modbus_stm32f103.dir/Drivers/STM32F1xx_HAL_Driver/Src/stm32f1xx_hal_tim.c.obj
                0x08006224                HAL_TIM_PWM_PulseFinishedCallback
 .text.HAL_TIM_TriggerCallback
                0x08006236       0x12 CMakeFiles/modbus_stm32f103.dir/Drivers/STM32F1xx_HAL_Driver/Src/stm32f1xx_hal_tim.c.obj
                0x08006236                HAL_TIM_TriggerCallback
 .text.TIM_Base_SetConfig
                0x08006248       0xdc CMakeFiles/modbus_stm32f103.dir/Drivers/STM32F1xx_HAL_Driver/Src/stm32f1xx_hal_tim.c.obj
                0x08006248                TIM_Base_SetConfig
 .text.TIM_OC1_SetConfig
                0x08006324       0xcc CMakeFiles/modbus_stm32f103.dir/Drivers/STM32F1xx_HAL_Driver/Src/stm32f1xx_hal_tim.c.obj
 .text.TIM_OC2_SetConfig
                0x080063f0       0xd4 CMakeFiles/modbus_stm32f103.dir/Drivers/STM32F1xx_HAL_Driver/Src/stm32f1xx_hal_tim.c.obj
                0x080063f0                TIM_OC2_SetConfig
 .text.TIM_OC3_SetConfig
                0x080064c4       0xd4 CMakeFiles/modbus_stm32f103.dir/Drivers/STM32F1xx_HAL_Driver/Src/stm32f1xx_hal_tim.c.obj
 .text.TIM_OC4_SetConfig
                0x08006598       0x9c CMakeFiles/modbus_stm32f103.dir/Drivers/STM32F1xx_HAL_Driver/Src/stm32f1xx_hal_tim.c.obj
 .text.TIM_SlaveTimer_SetConfig
                0x08006634      0x122 CMakeFiles/modbus_stm32f103.dir/Drivers/STM32F1xx_HAL_Driver/Src/stm32f1xx_hal_tim.c.obj
 .text.TIM_TI1_ConfigInputStage
                0x08006756       0x5c CMakeFiles/modbus_stm32f103.dir/Drivers/STM32F1xx_HAL_Driver/Src/stm32f1xx_hal_tim.c.obj
 .text.TIM_TI2_ConfigInputStage
                0x080067b2       0x5e CMakeFiles/modbus_stm32f103.dir/Drivers/STM32F1xx_HAL_Driver/Src/stm32f1xx_hal_tim.c.obj
 .text.TIM_ITRx_SetConfig
                0x08006810       0x34 CMakeFiles/modbus_stm32f103.dir/Drivers/STM32F1xx_HAL_Driver/Src/stm32f1xx_hal_tim.c.obj
 .text.TIM_ETR_SetConfig
                0x08006844       0x3e CMakeFiles/modbus_stm32f103.dir/Drivers/STM32F1xx_HAL_Driver/Src/stm32f1xx_hal_tim.c.obj
                0x08006844                TIM_ETR_SetConfig
 .text.TIM_CCxChannelCmd
                0x08006882       0x48 CMakeFiles/modbus_stm32f103.dir/Drivers/STM32F1xx_HAL_Driver/Src/stm32f1xx_hal_tim.c.obj
                0x08006882                TIM_CCxChannelCmd
 *fill*         0x080068ca        0x2 
 .text.HAL_TIMEx_MasterConfigSynchronization
                0x080068cc       0xbc CMakeFiles/modbus_stm32f103.dir/Drivers/STM32F1xx_HAL_Driver/Src/stm32f1xx_hal_tim_ex.c.obj
                0x080068cc                HAL_TIMEx_MasterConfigSynchronization
 .text.HAL_TIMEx_ConfigBreakDeadTime
                0x08006988       0xa2 CMakeFiles/modbus_stm32f103.dir/Drivers/STM32F1xx_HAL_Driver/Src/stm32f1xx_hal_tim_ex.c.obj
                0x08006988                HAL_TIMEx_ConfigBreakDeadTime
 .text.HAL_TIMEx_CommutCallback
                0x08006a2a       0x12 CMakeFiles/modbus_stm32f103.dir/Drivers/STM32F1xx_HAL_Driver/Src/stm32f1xx_hal_tim_ex.c.obj
                0x08006a2a                HAL_TIMEx_CommutCallback
 .text.HAL_TIMEx_BreakCallback
                0x08006a3c       0x12 CMakeFiles/modbus_stm32f103.dir/Drivers/STM32F1xx_HAL_Driver/Src/stm32f1xx_hal_tim_ex.c.obj
                0x08006a3c                HAL_TIMEx_BreakCallback
 .text.HAL_UART_Init
                0x08006a4e       0xa0 CMakeFiles/modbus_stm32f103.dir/Drivers/STM32F1xx_HAL_Driver/Src/stm32f1xx_hal_uart.c.obj
                0x08006a4e                HAL_UART_Init
 .text.HAL_UART_Transmit_IT
                0x08006aee       0x6a CMakeFiles/modbus_stm32f103.dir/Drivers/STM32F1xx_HAL_Driver/Src/stm32f1xx_hal_uart.c.obj
                0x08006aee                HAL_UART_Transmit_IT
 .text.HAL_UART_Receive_IT
                0x08006b58       0x4a CMakeFiles/modbus_stm32f103.dir/Drivers/STM32F1xx_HAL_Driver/Src/stm32f1xx_hal_uart.c.obj
                0x08006b58                HAL_UART_Receive_IT
 *fill*         0x08006ba2        0x2 
 .text.HAL_UART_AbortTransmit_IT
                0x08006ba4       0xe8 CMakeFiles/modbus_stm32f103.dir/Drivers/STM32F1xx_HAL_Driver/Src/stm32f1xx_hal_uart.c.obj
                0x08006ba4                HAL_UART_AbortTransmit_IT
 .text.HAL_UART_AbortReceive_IT
                0x08006c8c      0x164 CMakeFiles/modbus_stm32f103.dir/Drivers/STM32F1xx_HAL_Driver/Src/stm32f1xx_hal_uart.c.obj
                0x08006c8c                HAL_UART_AbortReceive_IT
 .text.HAL_UART_IRQHandler
                0x08006df0      0x524 CMakeFiles/modbus_stm32f103.dir/Drivers/STM32F1xx_HAL_Driver/Src/stm32f1xx_hal_uart.c.obj
                0x08006df0                HAL_UART_IRQHandler
 .text.HAL_UART_ErrorCallback
                0x08007314       0x12 CMakeFiles/modbus_stm32f103.dir/Drivers/STM32F1xx_HAL_Driver/Src/stm32f1xx_hal_uart.c.obj
                0x08007314                HAL_UART_ErrorCallback
 .text.HAL_UART_AbortTransmitCpltCallback
                0x08007326       0x12 CMakeFiles/modbus_stm32f103.dir/Drivers/STM32F1xx_HAL_Driver/Src/stm32f1xx_hal_uart.c.obj
                0x08007326                HAL_UART_AbortTransmitCpltCallback
 .text.HAL_UART_AbortReceiveCpltCallback
                0x08007338       0x12 CMakeFiles/modbus_stm32f103.dir/Drivers/STM32F1xx_HAL_Driver/Src/stm32f1xx_hal_uart.c.obj
                0x08007338                HAL_UART_AbortReceiveCpltCallback
 .text.HAL_UARTEx_RxEventCallback
                0x0800734a       0x16 CMakeFiles/modbus_stm32f103.dir/Drivers/STM32F1xx_HAL_Driver/Src/stm32f1xx_hal_uart.c.obj
                0x0800734a                HAL_UARTEx_RxEventCallback
 .text.UART_Start_Receive_IT
                0x08007360       0x72 CMakeFiles/modbus_stm32f103.dir/Drivers/STM32F1xx_HAL_Driver/Src/stm32f1xx_hal_uart.c.obj
                0x08007360                UART_Start_Receive_IT
 .text.UART_EndRxTransfer
                0x080073d2       0xc4 CMakeFiles/modbus_stm32f103.dir/Drivers/STM32F1xx_HAL_Driver/Src/stm32f1xx_hal_uart.c.obj
 .text.UART_DMAAbortOnError
                0x08007496       0x28 CMakeFiles/modbus_stm32f103.dir/Drivers/STM32F1xx_HAL_Driver/Src/stm32f1xx_hal_uart.c.obj
 .text.UART_DMATxOnlyAbortCallback
                0x080074be       0x2a CMakeFiles/modbus_stm32f103.dir/Drivers/STM32F1xx_HAL_Driver/Src/stm32f1xx_hal_uart.c.obj
 .text.UART_DMARxOnlyAbortCallback
                0x080074e8       0x30 CMakeFiles/modbus_stm32f103.dir/Drivers/STM32F1xx_HAL_Driver/Src/stm32f1xx_hal_uart.c.obj
 .text.UART_Transmit_IT
                0x08007518       0x9e CMakeFiles/modbus_stm32f103.dir/Drivers/STM32F1xx_HAL_Driver/Src/stm32f1xx_hal_uart.c.obj
 .text.UART_EndTransmit_IT
                0x080075b6       0x30 CMakeFiles/modbus_stm32f103.dir/Drivers/STM32F1xx_HAL_Driver/Src/stm32f1xx_hal_uart.c.obj
 .text.UART_Receive_IT
                0x080075e6      0x17c CMakeFiles/modbus_stm32f103.dir/Drivers/STM32F1xx_HAL_Driver/Src/stm32f1xx_hal_uart.c.obj
 *fill*         0x08007762        0x2 
 .text.UART_SetConfig
                0x08007764      0x11c CMakeFiles/modbus_stm32f103.dir/Drivers/STM32F1xx_HAL_Driver/Src/stm32f1xx_hal_uart.c.obj
 .text.SystemInit
                0x08007880        0xc CMakeFiles/modbus_stm32f103.dir/Core/Src/system_stm32f1xx.c.obj
                0x08007880                SystemInit
 .text._sbrk    0x0800788c       0x6c CMakeFiles/modbus_stm32f103.dir/Core/Src/sysmem.c.obj
                0x0800788c                _sbrk
 .text._getpid  0x080078f8        0xe CMakeFiles/modbus_stm32f103.dir/Core/Src/syscalls.c.obj
                0x080078f8                _getpid
 .text._kill    0x08007906       0x20 CMakeFiles/modbus_stm32f103.dir/Core/Src/syscalls.c.obj
                0x08007906                _kill
 .text._exit    0x08007926       0x16 CMakeFiles/modbus_stm32f103.dir/Core/Src/syscalls.c.obj
                0x08007926                _exit
 .text._read    0x0800793c       0x3a CMakeFiles/modbus_stm32f103.dir/Core/Src/syscalls.c.obj
                0x0800793c                _read
 .text._write   0x08007976       0x38 CMakeFiles/modbus_stm32f103.dir/Core/Src/syscalls.c.obj
                0x08007976                _write
 .text._close   0x080079ae       0x16 CMakeFiles/modbus_stm32f103.dir/Core/Src/syscalls.c.obj
                0x080079ae                _close
 .text._fstat   0x080079c4       0x1e CMakeFiles/modbus_stm32f103.dir/Core/Src/syscalls.c.obj
                0x080079c4                _fstat
 .text._isatty  0x080079e2       0x14 CMakeFiles/modbus_stm32f103.dir/Core/Src/syscalls.c.obj
                0x080079e2                _isatty
 .text._lseek   0x080079f6       0x18 CMakeFiles/modbus_stm32f103.dir/Core/Src/syscalls.c.obj
                0x080079f6                _lseek
 *fill*         0x08007a0e        0x2 
 .text.Reset_Handler
                0x08007a10       0x48 CMakeFiles/modbus_stm32f103.dir/startup_stm32f103xb.s.obj
                0x08007a10                Reset_Handler
 .text.Default_Handler
                0x08007a58        0x2 CMakeFiles/modbus_stm32f103.dir/startup_stm32f103xb.s.obj
                0x08007a58                RTC_Alarm_IRQHandler
                0x08007a58                EXTI2_IRQHandler
                0x08007a58                TIM1_CC_IRQHandler
                0x08007a58                PVD_IRQHandler
                0x08007a58                EXTI3_IRQHandler
                0x08007a58                EXTI0_IRQHandler
                0x08007a58                I2C2_EV_IRQHandler
                0x08007a58                ADC1_2_IRQHandler
                0x08007a58                SPI1_IRQHandler
                0x08007a58                TAMPER_IRQHandler
                0x08007a58                DMA1_Channel4_IRQHandler
                0x08007a58                USART3_IRQHandler
                0x08007a58                RTC_IRQHandler
                0x08007a58                DMA1_Channel7_IRQHandler
                0x08007a58                CAN1_RX1_IRQHandler
                0x08007a58                I2C1_EV_IRQHandler
                0x08007a58                DMA1_Channel6_IRQHandler
                0x08007a58                RCC_IRQHandler
                0x08007a58                TIM1_TRG_COM_IRQHandler
                0x08007a58                Default_Handler
                0x08007a58                EXTI9_5_IRQHandler
                0x08007a58                SPI2_IRQHandler
                0x08007a58                DMA1_Channel5_IRQHandler
                0x08007a58                EXTI4_IRQHandler
                0x08007a58                USB_LP_CAN1_RX0_IRQHandler
                0x08007a58                USB_HP_CAN1_TX_IRQHandler
                0x08007a58                DMA1_Channel3_IRQHandler
                0x08007a58                TIM1_UP_IRQHandler
                0x08007a58                WWDG_IRQHandler
                0x08007a58                TIM2_IRQHandler
                0x08007a58                TIM1_BRK_IRQHandler
                0x08007a58                EXTI1_IRQHandler
                0x08007a58                USART2_IRQHandler
                0x08007a58                I2C2_ER_IRQHandler
                0x08007a58                DMA1_Channel2_IRQHandler
                0x08007a58                CAN1_SCE_IRQHandler
                0x08007a58                FLASH_IRQHandler
                0x08007a58                I2C1_ER_IRQHandler
                0x08007a58                USBWakeUp_IRQHandler
 *fill*         0x08007a5a        0x2 
 .text.__assert_func
                0x08007a5c       0x3c /home/serg50012/stm/CubeCTL/GNU-tools-for-STM32/bin/../lib/gcc/arm-none-eabi/12.3.1/../../../../arm-none-eabi/lib/thumb/v7-m/nofp/libg_nano.a(libc_a-assert.o)
                0x08007a5c                __assert_func
 .text.fprintf  0x08007a98       0x24 /home/serg50012/stm/CubeCTL/GNU-tools-for-STM32/bin/../lib/gcc/arm-none-eabi/12.3.1/../../../../arm-none-eabi/lib/thumb/v7-m/nofp/libg_nano.a(libc_a-fprintf.o)
                0x08007a98                fprintf
                0x08007a98                fiprintf
 .text.__errno  0x08007abc        0xc /home/serg50012/stm/CubeCTL/GNU-tools-for-STM32/bin/../lib/gcc/arm-none-eabi/12.3.1/../../../../arm-none-eabi/lib/thumb/v7-m/nofp/libg_nano.a(libc_a-errno.o)
                0x08007abc                __errno
 .text.memcpy   0x08007ac8       0x1c /home/serg50012/stm/CubeCTL/GNU-tools-for-STM32/bin/../lib/gcc/arm-none-eabi/12.3.1/../../../../arm-none-eabi/lib/thumb/v7-m/nofp/libg_nano.a(libc_a-memcpy-stub.o)
                0x08007ac8                memcpy
 .text.abort    0x08007ae4        0xe /home/serg50012/stm/CubeCTL/GNU-tools-for-STM32/bin/../lib/gcc/arm-none-eabi/12.3.1/../../../../arm-none-eabi/lib/thumb/v7-m/nofp/libg_nano.a(libc_a-abort.o)
                0x08007ae4                abort
 .text.__sfputc_r
                0x08007af2       0x2a /home/serg50012/stm/CubeCTL/GNU-tools-for-STM32/bin/../lib/gcc/arm-none-eabi/12.3.1/../../../../arm-none-eabi/lib/thumb/v7-m/nofp/libg_nano.a(libc_a-nano-vfprintf.o)
 .text.__sfputs_r
                0x08007b1c       0x24 /home/serg50012/stm/CubeCTL/GNU-tools-for-STM32/bin/../lib/gcc/arm-none-eabi/12.3.1/../../../../arm-none-eabi/lib/thumb/v7-m/nofp/libg_nano.a(libc_a-nano-vfprintf.o)
                0x08007b1c                __sfputs_r
 .text._vfprintf_r
                0x08007b40      0x230 /home/serg50012/stm/CubeCTL/GNU-tools-for-STM32/bin/../lib/gcc/arm-none-eabi/12.3.1/../../../../arm-none-eabi/lib/thumb/v7-m/nofp/libg_nano.a(libc_a-nano-vfprintf.o)
                0x08007b40                _vfiprintf_r
                0x08007b40                _vfprintf_r
 .text._printf_common
                0x08007d70       0xe4 /home/serg50012/stm/CubeCTL/GNU-tools-for-STM32/bin/../lib/gcc/arm-none-eabi/12.3.1/../../../../arm-none-eabi/lib/thumb/v7-m/nofp/libg_nano.a(libc_a-nano-vfprintf_i.o)
                0x08007d70                _printf_common
 .text._printf_i
                0x08007e54      0x240 /home/serg50012/stm/CubeCTL/GNU-tools-for-STM32/bin/../lib/gcc/arm-none-eabi/12.3.1/../../../../arm-none-eabi/lib/thumb/v7-m/nofp/libg_nano.a(libc_a-nano-vfprintf_i.o)
                0x08007e54                _printf_i
 .text.__swbuf_r
                0x08008094       0x7c /home/serg50012/stm/CubeCTL/GNU-tools-for-STM32/bin/../lib/gcc/arm-none-eabi/12.3.1/../../../../arm-none-eabi/lib/thumb/v7-m/nofp/libg_nano.a(libc_a-wbuf.o)
                0x08008094                __swbuf_r
 .text.__swsetup_r
                0x08008110       0xac /home/serg50012/stm/CubeCTL/GNU-tools-for-STM32/bin/../lib/gcc/arm-none-eabi/12.3.1/../../../../arm-none-eabi/lib/thumb/v7-m/nofp/libg_nano.a(libc_a-wsetup.o)
                0x08008110                __swsetup_r
 .text._raise_r
                0x080081bc       0x50 /home/serg50012/stm/CubeCTL/GNU-tools-for-STM32/bin/../lib/gcc/arm-none-eabi/12.3.1/../../../../arm-none-eabi/lib/thumb/v7-m/nofp/libg_nano.a(libc_a-signal.o)
                0x080081bc                _raise_r
 .text.raise    0x0800820c       0x10 /home/serg50012/stm/CubeCTL/GNU-tools-for-STM32/bin/../lib/gcc/arm-none-eabi/12.3.1/../../../../arm-none-eabi/lib/thumb/v7-m/nofp/libg_nano.a(libc_a-signal.o)
                0x0800820c                raise
 .text._kill_r  0x0800821c       0x24 /home/serg50012/stm/CubeCTL/GNU-tools-for-STM32/bin/../lib/gcc/arm-none-eabi/12.3.1/../../../../arm-none-eabi/lib/thumb/v7-m/nofp/libg_nano.a(libc_a-signalr.o)
                0x0800821c                _kill_r
 .text._getpid_r
                0x08008240        0x4 /home/serg50012/stm/CubeCTL/GNU-tools-for-STM32/bin/../lib/gcc/arm-none-eabi/12.3.1/../../../../arm-none-eabi/lib/thumb/v7-m/nofp/libg_nano.a(libc_a-signalr.o)
                0x08008240                _getpid_r
 .text.memchr   0x08008244       0x1c /home/serg50012/stm/CubeCTL/GNU-tools-for-STM32/bin/../lib/gcc/arm-none-eabi/12.3.1/../../../../arm-none-eabi/lib/thumb/v7-m/nofp/libg_nano.a(libc_a-memchr-stub.o)
                0x08008244                memchr
 .text.__swhatbuf_r
                0x08008260       0x4a /home/serg50012/stm/CubeCTL/GNU-tools-for-STM32/bin/../lib/gcc/arm-none-eabi/12.3.1/../../../../arm-none-eabi/lib/thumb/v7-m/nofp/libg_nano.a(libc_a-makebuf.o)
                0x08008260                __swhatbuf_r
 .text.__smakebuf_r
                0x080082aa       0x78 /home/serg50012/stm/CubeCTL/GNU-tools-for-STM32/bin/../lib/gcc/arm-none-eabi/12.3.1/../../../../arm-none-eabi/lib/thumb/v7-m/nofp/libg_nano.a(libc_a-makebuf.o)
                0x080082aa                __smakebuf_r
 *fill*         0x08008322        0x2 
 .text._fstat_r
                0x08008324       0x24 /home/serg50012/stm/CubeCTL/GNU-tools-for-STM32/bin/../lib/gcc/arm-none-eabi/12.3.1/../../../../arm-none-eabi/lib/thumb/v7-m/nofp/libg_nano.a(libc_a-fstatr.o)
                0x08008324                _fstat_r
 .text._isatty_r
                0x08008348       0x20 /home/serg50012/stm/CubeCTL/GNU-tools-for-STM32/bin/../lib/gcc/arm-none-eabi/12.3.1/../../../../arm-none-eabi/lib/thumb/v7-m/nofp/libg_nano.a(libc_a-isattyr.o)
                0x08008348                _isatty_r
 *(.glue_7)
 .glue_7        0x08008368        0x0 linker stubs
 *(.glue_7t)
 .glue_7t       0x08008368        0x0 linker stubs
 *(.eh_frame)
 .eh_frame      0x08008368        0x0 /home/serg50012/stm/CubeCTL/GNU-tools-for-STM32/bin/../lib/gcc/arm-none-eabi/12.3.1/thumb/v7-m/nofp/crtbegin.o
 *(.init)
 .init          0x08008368        0x4 /home/serg50012/stm/CubeCTL/GNU-tools-for-STM32/bin/../lib/gcc/arm-none-eabi/12.3.1/thumb/v7-m/nofp/crti.o
                0x08008368                _init
 .init          0x0800836c        0x8 /home/serg50012/stm/CubeCTL/GNU-tools-for-STM32/bin/../lib/gcc/arm-none-eabi/12.3.1/thumb/v7-m/nofp/crtn.o
 *(.fini)
 .fini          0x08008374        0x4 /home/serg50012/stm/CubeCTL/GNU-tools-for-STM32/bin/../lib/gcc/arm-none-eabi/12.3.1/thumb/v7-m/nofp/crti.o
                0x08008374                _fini
 .fini          0x08008378        0x8 /home/serg50012/stm/CubeCTL/GNU-tools-for-STM32/bin/../lib/gcc/arm-none-eabi/12.3.1/thumb/v7-m/nofp/crtn.o
                0x08008380                        . = ALIGN (0x4)
                0x08008380                        _etext = .

.vfp11_veneer   0x08008380        0x0
 .vfp11_veneer  0x08008380        0x0 linker stubs

.v4_bx          0x08008380        0x0
 .v4_bx         0x08008380        0x0 linker stubs

.iplt           0x08008380        0x0
 .iplt          0x08008380        0x0 /home/serg50012/stm/CubeCTL/GNU-tools-for-STM32/bin/../lib/gcc/arm-none-eabi/12.3.1/thumb/v7-m/nofp/crtbegin.o

.rodata         0x08008380      0x3f8
                0x08008380                        . = ALIGN (0x4)
 *(.rodata)
 .rodata        0x08008380      0x10b CMakeFiles/modbus_stm32f103.dir/Modules/modbus/rtu/mbrtu.c.obj
 *(.rodata*)
 *fill*         0x0800848b        0x1 
 .rodata.aucCRCHi
                0x0800848c      0x100 CMakeFiles/modbus_stm32f103.dir/Modules/modbus/rtu/mbcrc.c.obj
 .rodata.aucCRCLo
                0x0800858c      0x100 CMakeFiles/modbus_stm32f103.dir/Modules/modbus/rtu/mbcrc.c.obj
 .rodata.__func__.3
                0x0800868c        0xe CMakeFiles/modbus_stm32f103.dir/Modules/modbus/rtu/mbrtu.c.obj
 *fill*         0x0800869a        0x2 
 .rodata.__func__.2
                0x0800869c       0x11 CMakeFiles/modbus_stm32f103.dir/Modules/modbus/rtu/mbrtu.c.obj
 *fill*         0x080086ad        0x3 
 .rodata.__func__.1
                0x080086b0       0x12 CMakeFiles/modbus_stm32f103.dir/Modules/modbus/rtu/mbrtu.c.obj
 *fill*         0x080086c2        0x2 
 .rodata.__func__.0
                0x080086c4       0x16 CMakeFiles/modbus_stm32f103.dir/Modules/modbus/rtu/mbrtu.c.obj
 *fill*         0x080086da        0x2 
 .rodata.aPLLMULFactorTable.1
                0x080086dc       0x10 CMakeFiles/modbus_stm32f103.dir/Drivers/STM32F1xx_HAL_Driver/Src/stm32f1xx_hal_rcc.c.obj
 .rodata.aPredivFactorTable.0
                0x080086ec        0x2 CMakeFiles/modbus_stm32f103.dir/Drivers/STM32F1xx_HAL_Driver/Src/stm32f1xx_hal_rcc.c.obj
 *fill*         0x080086ee        0x2 
 .rodata.AHBPrescTable
                0x080086f0       0x10 CMakeFiles/modbus_stm32f103.dir/Core/Src/system_stm32f1xx.c.obj
                0x080086f0                AHBPrescTable
 .rodata.APBPrescTable
                0x08008700        0x8 CMakeFiles/modbus_stm32f103.dir/Core/Src/system_stm32f1xx.c.obj
                0x08008700                APBPrescTable
 .rodata.__assert_func.str1.1
                0x08008708       0x3c /home/serg50012/stm/CubeCTL/GNU-tools-for-STM32/bin/../lib/gcc/arm-none-eabi/12.3.1/../../../../arm-none-eabi/lib/thumb/v7-m/nofp/libg_nano.a(libc_a-assert.o)
                                 0x3d (size before relaxing)
 .rodata._vfprintf_r.str1.1
                0x08008744       0x11 /home/serg50012/stm/CubeCTL/GNU-tools-for-STM32/bin/../lib/gcc/arm-none-eabi/12.3.1/../../../../arm-none-eabi/lib/thumb/v7-m/nofp/libg_nano.a(libc_a-nano-vfprintf.o)
 .rodata._printf_i.str1.1
                0x08008755       0x22 /home/serg50012/stm/CubeCTL/GNU-tools-for-STM32/bin/../lib/gcc/arm-none-eabi/12.3.1/../../../../arm-none-eabi/lib/thumb/v7-m/nofp/libg_nano.a(libc_a-nano-vfprintf_i.o)
                0x08008778                        . = ALIGN (0x4)
 *fill*         0x08008777        0x1 

.rel.dyn        0x08008778        0x0
 .rel.iplt      0x08008778        0x0 /home/serg50012/stm/CubeCTL/GNU-tools-for-STM32/bin/../lib/gcc/arm-none-eabi/12.3.1/thumb/v7-m/nofp/crtbegin.o

.ARM.extab
 *(.ARM.extab* .gnu.linkonce.armextab.*)

.ARM            0x08008778        0x0
                0x08008778                        __exidx_start = .
 *(.ARM.exidx*)
                0x08008778                        __exidx_end = .

.preinit_array  0x08008778        0x0
                0x08008778                        PROVIDE (__preinit_array_start = .)
 *(.preinit_array*)
                0x08008778                        PROVIDE (__preinit_array_end = .)

.init_array     0x08008778        0x4
                0x08008778                        PROVIDE (__init_array_start = .)
 *(SORT_BY_NAME(.init_array.*))
 *(.init_array*)
 .init_array    0x08008778        0x4 /home/serg50012/stm/CubeCTL/GNU-tools-for-STM32/bin/../lib/gcc/arm-none-eabi/12.3.1/thumb/v7-m/nofp/crtbegin.o
                0x0800877c                        PROVIDE (__init_array_end = .)

.fini_array     0x0800877c        0x4
                [!provide]                        PROVIDE (__fini_array_start = .)
 *(SORT_BY_NAME(.fini_array.*))
 *(.fini_array*)
 .fini_array    0x0800877c        0x4 /home/serg50012/stm/CubeCTL/GNU-tools-for-STM32/bin/../lib/gcc/arm-none-eabi/12.3.1/thumb/v7-m/nofp/crtbegin.o
                [!provide]                        PROVIDE (__fini_array_end = .)
                0x08008780                        _sidata = LOADADDR (.data)

.data           0x20000000       0xf4 load address 0x08008780
                0x20000000                        . = ALIGN (0x4)
                0x20000000                        _sdata = .
 *(.data)
 *(.data*)
 .data.__sglue  0x20000000        0xc /home/serg50012/stm/CubeCTL/GNU-tools-for-STM32/bin/../lib/gcc/arm-none-eabi/12.3.1/../../../../arm-none-eabi/lib/thumb/v7-m/nofp/libc_nano.a(libc_a-findfp.o)
                0x20000000                __sglue
 .data._impure_ptr
                0x2000000c        0x4 /home/serg50012/stm/CubeCTL/GNU-tools-for-STM32/bin/../lib/gcc/arm-none-eabi/12.3.1/../../../../arm-none-eabi/lib/thumb/v7-m/nofp/libc_nano.a(libc_a-impure.o)
                0x2000000c                _impure_ptr
 .data._impure_data
                0x20000010       0x4c /home/serg50012/stm/CubeCTL/GNU-tools-for-STM32/bin/../lib/gcc/arm-none-eabi/12.3.1/../../../../arm-none-eabi/lib/thumb/v7-m/nofp/libc_nano.a(libc_a-impure.o)
                0x20000010                _impure_data
 .data.eMBState
                0x2000005c        0x1 CMakeFiles/modbus_stm32f103.dir/Modules/modbus/mb.c.obj
 *fill*         0x2000005d        0x3 
 .data.xFuncHandlers
                0x20000060       0x80 CMakeFiles/modbus_stm32f103.dir/Modules/modbus/mb.c.obj
 .data.usRegInputStart
                0x200000e0        0x2 CMakeFiles/modbus_stm32f103.dir/Core/Src/main.c.obj
 .data.usRegHoldingStart
                0x200000e2        0x2 CMakeFiles/modbus_stm32f103.dir/Core/Src/main.c.obj
 .data.usCoilsStart
                0x200000e4        0x2 CMakeFiles/modbus_stm32f103.dir/Core/Src/main.c.obj
 .data.usDiscreteStart
                0x200000e6        0x2 CMakeFiles/modbus_stm32f103.dir/Core/Src/main.c.obj
 .data.uwTickPrio
                0x200000e8        0x4 CMakeFiles/modbus_stm32f103.dir/Drivers/STM32F1xx_HAL_Driver/Src/stm32f1xx_hal.c.obj
                0x200000e8                uwTickPrio
 .data.uwTickFreq
                0x200000ec        0x1 CMakeFiles/modbus_stm32f103.dir/Drivers/STM32F1xx_HAL_Driver/Src/stm32f1xx_hal.c.obj
                0x200000ec                uwTickFreq
 *fill*         0x200000ed        0x3 
 .data.SystemCoreClock
                0x200000f0        0x4 CMakeFiles/modbus_stm32f103.dir/Core/Src/system_stm32f1xx.c.obj
                0x200000f0                SystemCoreClock
                0x200000f4                        . = ALIGN (0x4)
                0x200000f4                        _edata = .

.igot.plt       0x200000f4        0x0 load address 0x08008874
 .igot.plt      0x200000f4        0x0 /home/serg50012/stm/CubeCTL/GNU-tools-for-STM32/bin/../lib/gcc/arm-none-eabi/12.3.1/thumb/v7-m/nofp/crtbegin.o
                0x200000f4                        . = ALIGN (0x4)

.bss            0x200000f4      0x6b0 load address 0x08008874
                0x200000f4                        _sbss = .
                0x200000f4                        __bss_start__ = _sbss
 *(.bss)
 .bss           0x200000f4       0x1c /home/serg50012/stm/CubeCTL/GNU-tools-for-STM32/bin/../lib/gcc/arm-none-eabi/12.3.1/thumb/v7-m/nofp/crtbegin.o
 *(.bss*)
 .bss.__sf      0x20000110      0x138 /home/serg50012/stm/CubeCTL/GNU-tools-for-STM32/bin/../lib/gcc/arm-none-eabi/12.3.1/../../../../arm-none-eabi/lib/thumb/v7-m/nofp/libc_nano.a(libc_a-findfp.o)
                0x20000110                __sf
 .bss.__stdio_exit_handler
                0x20000248        0x4 /home/serg50012/stm/CubeCTL/GNU-tools-for-STM32/bin/../lib/gcc/arm-none-eabi/12.3.1/../../../../arm-none-eabi/lib/thumb/v7-m/nofp/libc_nano.a(libc_a-findfp.o)
                0x20000248                __stdio_exit_handler
 .bss.errno     0x2000024c        0x4 /home/serg50012/stm/CubeCTL/GNU-tools-for-STM32/bin/../lib/gcc/arm-none-eabi/12.3.1/../../../../arm-none-eabi/lib/thumb/v7-m/nofp/libc_nano.a(libc_a-reent.o)
                0x2000024c                errno
 .bss.__lock___malloc_recursive_mutex
                0x20000250        0x1 /home/serg50012/stm/CubeCTL/GNU-tools-for-STM32/bin/../lib/gcc/arm-none-eabi/12.3.1/../../../../arm-none-eabi/lib/thumb/v7-m/nofp/libc_nano.a(libc_a-lock.o)
                0x20000250                __lock___malloc_recursive_mutex
 .bss.__lock___sfp_recursive_mutex
                0x20000251        0x1 /home/serg50012/stm/CubeCTL/GNU-tools-for-STM32/bin/../lib/gcc/arm-none-eabi/12.3.1/../../../../arm-none-eabi/lib/thumb/v7-m/nofp/libc_nano.a(libc_a-lock.o)
                0x20000251                __lock___sfp_recursive_mutex
 *fill*         0x20000252        0x2 
 .bss.__malloc_sbrk_start
                0x20000254        0x4 /home/serg50012/stm/CubeCTL/GNU-tools-for-STM32/bin/../lib/gcc/arm-none-eabi/12.3.1/../../../../arm-none-eabi/lib/thumb/v7-m/nofp/libc_nano.a(libc_a-mallocr.o)
                0x20000254                __malloc_sbrk_start
 .bss.__malloc_free_list
                0x20000258        0x4 /home/serg50012/stm/CubeCTL/GNU-tools-for-STM32/bin/../lib/gcc/arm-none-eabi/12.3.1/../../../../arm-none-eabi/lib/thumb/v7-m/nofp/libc_nano.a(libc_a-mallocr.o)
                0x20000258                __malloc_free_list
 .bss.ucMBSlaveID
                0x2000025c       0x20 CMakeFiles/modbus_stm32f103.dir/Modules/modbus/functions/mbfuncother.c.obj
 .bss.usMBSlaveIDLen
                0x2000027c        0x2 CMakeFiles/modbus_stm32f103.dir/Modules/modbus/functions/mbfuncother.c.obj
 .bss.ucMBAddress
                0x2000027e        0x1 CMakeFiles/modbus_stm32f103.dir/Modules/modbus/mb.c.obj
 .bss.eMBCurrentMode
                0x2000027f        0x1 CMakeFiles/modbus_stm32f103.dir/Modules/modbus/mb.c.obj
 .bss.peMBFrameSendCur
                0x20000280        0x4 CMakeFiles/modbus_stm32f103.dir/Modules/modbus/mb.c.obj
 .bss.pvMBFrameStartCur
                0x20000284        0x4 CMakeFiles/modbus_stm32f103.dir/Modules/modbus/mb.c.obj
 .bss.pvMBFrameStopCur
                0x20000288        0x4 CMakeFiles/modbus_stm32f103.dir/Modules/modbus/mb.c.obj
 .bss.peMBFrameReceiveCur
                0x2000028c        0x4 CMakeFiles/modbus_stm32f103.dir/Modules/modbus/mb.c.obj
 .bss.pvMBFrameCloseCur
                0x20000290        0x4 CMakeFiles/modbus_stm32f103.dir/Modules/modbus/mb.c.obj
 .bss.pxMBFrameCBByteReceived
                0x20000294        0x4 CMakeFiles/modbus_stm32f103.dir/Modules/modbus/mb.c.obj
                0x20000294                pxMBFrameCBByteReceived
 .bss.pxMBFrameCBTransmitterEmpty
                0x20000298        0x4 CMakeFiles/modbus_stm32f103.dir/Modules/modbus/mb.c.obj
                0x20000298                pxMBFrameCBTransmitterEmpty
 .bss.pxMBPortCBTimerExpired
                0x2000029c        0x4 CMakeFiles/modbus_stm32f103.dir/Modules/modbus/mb.c.obj
                0x2000029c                pxMBPortCBTimerExpired
 .bss.ucRcvAddress.4
                0x200002a0        0x1 CMakeFiles/modbus_stm32f103.dir/Modules/modbus/mb.c.obj
 *fill*         0x200002a1        0x3 
 .bss.ucMBFrame.3
                0x200002a4        0x4 CMakeFiles/modbus_stm32f103.dir/Modules/modbus/mb.c.obj
 .bss.usLength.2
                0x200002a8        0x2 CMakeFiles/modbus_stm32f103.dir/Modules/modbus/mb.c.obj
 .bss.ucFunctionCode.1
                0x200002aa        0x1 CMakeFiles/modbus_stm32f103.dir/Modules/modbus/mb.c.obj
 .bss.eException.0
                0x200002ab        0x1 CMakeFiles/modbus_stm32f103.dir/Modules/modbus/mb.c.obj
 .bss.lockCounter
                0x200002ac        0x4 CMakeFiles/modbus_stm32f103.dir/Modules/modbus/port/mt_port.c.obj
 .bss.modbusUart
                0x200002b0        0x4 CMakeFiles/modbus_stm32f103.dir/Modules/modbus/port/mt_port.c.obj
                0x200002b0                modbusUart
 .bss.modbusTimer
                0x200002b4        0x4 CMakeFiles/modbus_stm32f103.dir/Modules/modbus/port/mt_port.c.obj
                0x200002b4                modbusTimer
 .bss.eQueuedEvent
                0x200002b8        0x1 CMakeFiles/modbus_stm32f103.dir/Modules/modbus/port/portevent.c.obj
 .bss.xEventInQueue
                0x200002b9        0x1 CMakeFiles/modbus_stm32f103.dir/Modules/modbus/port/portevent.c.obj
 .bss.txByte    0x200002ba        0x1 CMakeFiles/modbus_stm32f103.dir/Modules/modbus/port/portserial.c.obj
                0x200002ba                txByte
 .bss.rxByte    0x200002bb        0x1 CMakeFiles/modbus_stm32f103.dir/Modules/modbus/port/portserial.c.obj
                0x200002bb                rxByte
 .bss.timerPeriod
                0x200002bc        0x2 CMakeFiles/modbus_stm32f103.dir/Modules/modbus/port/porttimer.c.obj
                0x200002bc                timerPeriod
 .bss.timerCounter
                0x200002be        0x2 CMakeFiles/modbus_stm32f103.dir/Modules/modbus/port/porttimer.c.obj
                0x200002be                timerCounter
 .bss.eSndState
                0x200002c0        0x1 CMakeFiles/modbus_stm32f103.dir/Modules/modbus/rtu/mbrtu.c.obj
 .bss.eRcvState
                0x200002c1        0x1 CMakeFiles/modbus_stm32f103.dir/Modules/modbus/rtu/mbrtu.c.obj
 *fill*         0x200002c2        0x2 
 .bss.ucRTUBuf  0x200002c4      0x100 CMakeFiles/modbus_stm32f103.dir/Modules/modbus/rtu/mbrtu.c.obj
                0x200002c4                ucRTUBuf
 .bss.pucSndBufferCur
                0x200003c4        0x4 CMakeFiles/modbus_stm32f103.dir/Modules/modbus/rtu/mbrtu.c.obj
 .bss.usSndBufferCount
                0x200003c8        0x2 CMakeFiles/modbus_stm32f103.dir/Modules/modbus/rtu/mbrtu.c.obj
 .bss.usRcvBufferPos
                0x200003ca        0x2 CMakeFiles/modbus_stm32f103.dir/Modules/modbus/rtu/mbrtu.c.obj
 .bss.hadc1     0x200003cc       0x30 CMakeFiles/modbus_stm32f103.dir/Core/Src/main.c.obj
                0x200003cc                hadc1
 .bss.hdma_adc1
                0x200003fc       0x44 CMakeFiles/modbus_stm32f103.dir/Core/Src/main.c.obj
                0x200003fc                hdma_adc1
 .bss.hspi1     0x20000440       0x58 CMakeFiles/modbus_stm32f103.dir/Core/Src/main.c.obj
                0x20000440                hspi1
 .bss.htim1     0x20000498       0x48 CMakeFiles/modbus_stm32f103.dir/Core/Src/main.c.obj
                0x20000498                htim1
 .bss.htim2     0x200004e0       0x48 CMakeFiles/modbus_stm32f103.dir/Core/Src/main.c.obj
                0x200004e0                htim2
 .bss.htim3     0x20000528       0x48 CMakeFiles/modbus_stm32f103.dir/Core/Src/main.c.obj
                0x20000528                htim3
 .bss.htim4     0x20000570       0x48 CMakeFiles/modbus_stm32f103.dir/Core/Src/main.c.obj
                0x20000570                htim4
 .bss.huart1    0x200005b8       0x48 CMakeFiles/modbus_stm32f103.dir/Core/Src/main.c.obj
                0x200005b8                huart1
 .bss.usRegInputBuf
                0x20000600       0x74 CMakeFiles/modbus_stm32f103.dir/Core/Src/main.c.obj
 .bss.usRegHoldingBuf
                0x20000674       0x4e CMakeFiles/modbus_stm32f103.dir/Core/Src/main.c.obj
 *fill*         0x200006c2        0x2 
 .bss.usCoilsBuf
                0x200006c4        0x2 CMakeFiles/modbus_stm32f103.dir/Core/Src/main.c.obj
 *fill*         0x200006c6        0x2 
 .bss.usDiscreteBuf
                0x200006c8        0x2 CMakeFiles/modbus_stm32f103.dir/Core/Src/main.c.obj
 *fill*         0x200006ca        0x2 
 .bss.adcData   0x200006cc       0xb4 CMakeFiles/modbus_stm32f103.dir/Core/Src/main.c.obj
                0x200006cc                adcData
 .bss.adcVoltage
                0x20000780       0x12 CMakeFiles/modbus_stm32f103.dir/Core/Src/main.c.obj
                0x20000780                adcVoltage
 *fill*         0x20000792        0x2 
 .bss.last_tick
                0x20000794        0x4 CMakeFiles/modbus_stm32f103.dir/Core/Src/main.c.obj
                0x20000794                last_tick
 .bss.current_tick
                0x20000798        0x4 CMakeFiles/modbus_stm32f103.dir/Core/Src/main.c.obj
                0x20000798                current_tick
 .bss.uwTick    0x2000079c        0x4 CMakeFiles/modbus_stm32f103.dir/Drivers/STM32F1xx_HAL_Driver/Src/stm32f1xx_hal.c.obj
                0x2000079c                uwTick
 .bss.__sbrk_heap_end
                0x200007a0        0x4 CMakeFiles/modbus_stm32f103.dir/Core/Src/sysmem.c.obj
 *(COMMON)
                0x200007a4                        . = ALIGN (0x4)
                0x200007a4                        _ebss = .
                0x200007a4                        __bss_end__ = _ebss

._user_heap_stack
                0x200007a4      0x604 load address 0x08008874
                0x200007a8                        . = ALIGN (0x8)
 *fill*         0x200007a4        0x4 
                [!provide]                        PROVIDE (end = .)
                0x200007a8                        PROVIDE (_end = .)
                0x200009a8                        . = (. + _Min_Heap_Size)
 *fill*         0x200007a8      0x200 
                0x20000da8                        . = (. + _Min_Stack_Size)
 *fill*         0x200009a8      0x400 
                0x20000da8                        . = ALIGN (0x8)

/DISCARD/
 libc.a(*)
 libm.a(*)
 libgcc.a(*)
OUTPUT(modbus_stm32f103.elf elf32-littlearm)
LOAD linker stubs
LOAD /home/serg50012/stm/CubeCTL/GNU-tools-for-STM32/bin/../lib/gcc/arm-none-eabi/12.3.1/../../../../arm-none-eabi/lib/thumb/v7-m/nofp/libc.a
LOAD /home/serg50012/stm/CubeCTL/GNU-tools-for-STM32/bin/../lib/gcc/arm-none-eabi/12.3.1/../../../../arm-none-eabi/lib/thumb/v7-m/nofp/libm.a
LOAD /home/serg50012/stm/CubeCTL/GNU-tools-for-STM32/bin/../lib/gcc/arm-none-eabi/12.3.1/thumb/v7-m/nofp/libgcc.a

.ARM.attributes
                0x00000000       0x29
 .ARM.attributes
                0x00000000       0x1d /home/serg50012/stm/CubeCTL/GNU-tools-for-STM32/bin/../lib/gcc/arm-none-eabi/12.3.1/thumb/v7-m/nofp/crti.o
 .ARM.attributes
                0x0000001d       0x2d /home/serg50012/stm/CubeCTL/GNU-tools-for-STM32/bin/../lib/gcc/arm-none-eabi/12.3.1/thumb/v7-m/nofp/crtbegin.o
 .ARM.attributes
                0x0000004a       0x2d /home/serg50012/stm/CubeCTL/GNU-tools-for-STM32/bin/../lib/gcc/arm-none-eabi/12.3.1/../../../../arm-none-eabi/lib/thumb/v7-m/nofp/libc_nano.a(libc_a-findfp.o)
 .ARM.attributes
                0x00000077       0x2d /home/serg50012/stm/CubeCTL/GNU-tools-for-STM32/bin/../lib/gcc/arm-none-eabi/12.3.1/../../../../arm-none-eabi/lib/thumb/v7-m/nofp/libc_nano.a(libc_a-fwalk.o)
 .ARM.attributes
                0x000000a4       0x2d /home/serg50012/stm/CubeCTL/GNU-tools-for-STM32/bin/../lib/gcc/arm-none-eabi/12.3.1/../../../../arm-none-eabi/lib/thumb/v7-m/nofp/libc_nano.a(libc_a-stdio.o)
 .ARM.attributes
                0x000000d1       0x2d /home/serg50012/stm/CubeCTL/GNU-tools-for-STM32/bin/../lib/gcc/arm-none-eabi/12.3.1/../../../../arm-none-eabi/lib/thumb/v7-m/nofp/libc_nano.a(libc_a-memset.o)
 .ARM.attributes
                0x000000fe       0x2d /home/serg50012/stm/CubeCTL/GNU-tools-for-STM32/bin/../lib/gcc/arm-none-eabi/12.3.1/../../../../arm-none-eabi/lib/thumb/v7-m/nofp/libc_nano.a(libc_a-closer.o)
 .ARM.attributes
                0x0000012b       0x2d /home/serg50012/stm/CubeCTL/GNU-tools-for-STM32/bin/../lib/gcc/arm-none-eabi/12.3.1/../../../../arm-none-eabi/lib/thumb/v7-m/nofp/libc_nano.a(libc_a-reent.o)
 .ARM.attributes
                0x00000158       0x2d /home/serg50012/stm/CubeCTL/GNU-tools-for-STM32/bin/../lib/gcc/arm-none-eabi/12.3.1/../../../../arm-none-eabi/lib/thumb/v7-m/nofp/libc_nano.a(libc_a-impure.o)
 .ARM.attributes
                0x00000185       0x2d /home/serg50012/stm/CubeCTL/GNU-tools-for-STM32/bin/../lib/gcc/arm-none-eabi/12.3.1/../../../../arm-none-eabi/lib/thumb/v7-m/nofp/libc_nano.a(libc_a-lseekr.o)
 .ARM.attributes
                0x000001b2       0x2d /home/serg50012/stm/CubeCTL/GNU-tools-for-STM32/bin/../lib/gcc/arm-none-eabi/12.3.1/../../../../arm-none-eabi/lib/thumb/v7-m/nofp/libc_nano.a(libc_a-readr.o)
 .ARM.attributes
                0x000001df       0x2d /home/serg50012/stm/CubeCTL/GNU-tools-for-STM32/bin/../lib/gcc/arm-none-eabi/12.3.1/../../../../arm-none-eabi/lib/thumb/v7-m/nofp/libc_nano.a(libc_a-writer.o)
 .ARM.attributes
                0x0000020c       0x2d /home/serg50012/stm/CubeCTL/GNU-tools-for-STM32/bin/../lib/gcc/arm-none-eabi/12.3.1/../../../../arm-none-eabi/lib/thumb/v7-m/nofp/libc_nano.a(libc_a-init.o)
 .ARM.attributes
                0x00000239       0x2d /home/serg50012/stm/CubeCTL/GNU-tools-for-STM32/bin/../lib/gcc/arm-none-eabi/12.3.1/../../../../arm-none-eabi/lib/thumb/v7-m/nofp/libc_nano.a(libc_a-lock.o)
 .ARM.attributes
                0x00000266       0x2d /home/serg50012/stm/CubeCTL/GNU-tools-for-STM32/bin/../lib/gcc/arm-none-eabi/12.3.1/../../../../arm-none-eabi/lib/thumb/v7-m/nofp/libc_nano.a(libc_a-freer.o)
 .ARM.attributes
                0x00000293       0x2d /home/serg50012/stm/CubeCTL/GNU-tools-for-STM32/bin/../lib/gcc/arm-none-eabi/12.3.1/../../../../arm-none-eabi/lib/thumb/v7-m/nofp/libc_nano.a(libc_a-mallocr.o)
 .ARM.attributes
                0x000002c0       0x2d /home/serg50012/stm/CubeCTL/GNU-tools-for-STM32/bin/../lib/gcc/arm-none-eabi/12.3.1/../../../../arm-none-eabi/lib/thumb/v7-m/nofp/libc_nano.a(libc_a-mlock.o)
 .ARM.attributes
                0x000002ed       0x2d /home/serg50012/stm/CubeCTL/GNU-tools-for-STM32/bin/../lib/gcc/arm-none-eabi/12.3.1/../../../../arm-none-eabi/lib/thumb/v7-m/nofp/libc_nano.a(libc_a-fflush.o)
 .ARM.attributes
                0x0000031a       0x2d /home/serg50012/stm/CubeCTL/GNU-tools-for-STM32/bin/../lib/gcc/arm-none-eabi/12.3.1/../../../../arm-none-eabi/lib/thumb/v7-m/nofp/libc_nano.a(libc_a-sbrkr.o)
 .ARM.attributes
                0x00000347       0x2d CMakeFiles/modbus_stm32f103.dir/Modules/modbus/functions/mbfunccoils.c.obj
 .ARM.attributes
                0x00000374       0x2d CMakeFiles/modbus_stm32f103.dir/Modules/modbus/functions/mbfuncdisc.c.obj
 .ARM.attributes
                0x000003a1       0x2d CMakeFiles/modbus_stm32f103.dir/Modules/modbus/functions/mbfuncholding.c.obj
 .ARM.attributes
                0x000003ce       0x2d CMakeFiles/modbus_stm32f103.dir/Modules/modbus/functions/mbfuncinput.c.obj
 .ARM.attributes
                0x000003fb       0x2d CMakeFiles/modbus_stm32f103.dir/Modules/modbus/functions/mbfuncother.c.obj
 .ARM.attributes
                0x00000428       0x2d CMakeFiles/modbus_stm32f103.dir/Modules/modbus/functions/mbutils.c.obj
 .ARM.attributes
                0x00000455       0x2d CMakeFiles/modbus_stm32f103.dir/Modules/modbus/mb.c.obj
 .ARM.attributes
                0x00000482       0x2d CMakeFiles/modbus_stm32f103.dir/Modules/modbus/port/mt_port.c.obj
 .ARM.attributes
                0x000004af       0x2d CMakeFiles/modbus_stm32f103.dir/Modules/modbus/port/portevent.c.obj
 .ARM.attributes
                0x000004dc       0x2d CMakeFiles/modbus_stm32f103.dir/Modules/modbus/port/portserial.c.obj
 .ARM.attributes
                0x00000509       0x2d CMakeFiles/modbus_stm32f103.dir/Modules/modbus/port/porttimer.c.obj
 .ARM.attributes
                0x00000536       0x2d CMakeFiles/modbus_stm32f103.dir/Modules/modbus/rtu/mbcrc.c.obj
 .ARM.attributes
                0x00000563       0x2d CMakeFiles/modbus_stm32f103.dir/Modules/modbus/rtu/mbrtu.c.obj
 .ARM.attributes
                0x00000590       0x2d CMakeFiles/modbus_stm32f103.dir/Core/Src/main.c.obj
 .ARM.attributes
                0x000005bd       0x2d CMakeFiles/modbus_stm32f103.dir/Core/Src/stm32f1xx_it.c.obj
 .ARM.attributes
                0x000005ea       0x2d CMakeFiles/modbus_stm32f103.dir/Core/Src/stm32f1xx_hal_msp.c.obj
 .ARM.attributes
                0x00000617       0x2d CMakeFiles/modbus_stm32f103.dir/Drivers/STM32F1xx_HAL_Driver/Src/stm32f1xx_hal_adc.c.obj
 .ARM.attributes
                0x00000644       0x2d CMakeFiles/modbus_stm32f103.dir/Drivers/STM32F1xx_HAL_Driver/Src/stm32f1xx_hal.c.obj
 .ARM.attributes
                0x00000671       0x2d CMakeFiles/modbus_stm32f103.dir/Drivers/STM32F1xx_HAL_Driver/Src/stm32f1xx_hal_rcc.c.obj
 .ARM.attributes
                0x0000069e       0x2d CMakeFiles/modbus_stm32f103.dir/Drivers/STM32F1xx_HAL_Driver/Src/stm32f1xx_hal_rcc_ex.c.obj
 .ARM.attributes
                0x000006cb       0x2d CMakeFiles/modbus_stm32f103.dir/Drivers/STM32F1xx_HAL_Driver/Src/stm32f1xx_hal_gpio.c.obj
 .ARM.attributes
                0x000006f8       0x2d CMakeFiles/modbus_stm32f103.dir/Drivers/STM32F1xx_HAL_Driver/Src/stm32f1xx_hal_dma.c.obj
 .ARM.attributes
                0x00000725       0x2d CMakeFiles/modbus_stm32f103.dir/Drivers/STM32F1xx_HAL_Driver/Src/stm32f1xx_hal_cortex.c.obj
 .ARM.attributes
                0x00000752       0x2d CMakeFiles/modbus_stm32f103.dir/Drivers/STM32F1xx_HAL_Driver/Src/stm32f1xx_hal_spi.c.obj
 .ARM.attributes
                0x0000077f       0x2d CMakeFiles/modbus_stm32f103.dir/Drivers/STM32F1xx_HAL_Driver/Src/stm32f1xx_hal_tim.c.obj
 .ARM.attributes
                0x000007ac       0x2d CMakeFiles/modbus_stm32f103.dir/Drivers/STM32F1xx_HAL_Driver/Src/stm32f1xx_hal_tim_ex.c.obj
 .ARM.attributes
                0x000007d9       0x2d CMakeFiles/modbus_stm32f103.dir/Drivers/STM32F1xx_HAL_Driver/Src/stm32f1xx_hal_uart.c.obj
 .ARM.attributes
                0x00000806       0x2d CMakeFiles/modbus_stm32f103.dir/Core/Src/system_stm32f1xx.c.obj
 .ARM.attributes
                0x00000833       0x2d CMakeFiles/modbus_stm32f103.dir/Core/Src/sysmem.c.obj
 .ARM.attributes
                0x00000860       0x2d CMakeFiles/modbus_stm32f103.dir/Core/Src/syscalls.c.obj
 .ARM.attributes
                0x0000088d       0x21 CMakeFiles/modbus_stm32f103.dir/startup_stm32f103xb.s.obj
 .ARM.attributes
                0x000008ae       0x1d /home/serg50012/stm/CubeCTL/GNU-tools-for-STM32/bin/../lib/gcc/arm-none-eabi/12.3.1/thumb/v7-m/nofp/libgcc.a(_arm_addsubdf3.o)
 .ARM.attributes
                0x000008cb       0x1d /home/serg50012/stm/CubeCTL/GNU-tools-for-STM32/bin/../lib/gcc/arm-none-eabi/12.3.1/thumb/v7-m/nofp/libgcc.a(_arm_muldivdf3.o)
 .ARM.attributes
                0x000008e8       0x1d /home/serg50012/stm/CubeCTL/GNU-tools-for-STM32/bin/../lib/gcc/arm-none-eabi/12.3.1/thumb/v7-m/nofp/libgcc.a(_arm_fixunsdfsi.o)
 .ARM.attributes
                0x00000905       0x2d /home/serg50012/stm/CubeCTL/GNU-tools-for-STM32/bin/../lib/gcc/arm-none-eabi/12.3.1/../../../../arm-none-eabi/lib/thumb/v7-m/nofp/libg_nano.a(libc_a-assert.o)
 .ARM.attributes
                0x00000932       0x2d /home/serg50012/stm/CubeCTL/GNU-tools-for-STM32/bin/../lib/gcc/arm-none-eabi/12.3.1/../../../../arm-none-eabi/lib/thumb/v7-m/nofp/libg_nano.a(libc_a-fprintf.o)
 .ARM.attributes
                0x0000095f       0x2d /home/serg50012/stm/CubeCTL/GNU-tools-for-STM32/bin/../lib/gcc/arm-none-eabi/12.3.1/../../../../arm-none-eabi/lib/thumb/v7-m/nofp/libg_nano.a(libc_a-errno.o)
 .ARM.attributes
                0x0000098c       0x2d /home/serg50012/stm/CubeCTL/GNU-tools-for-STM32/bin/../lib/gcc/arm-none-eabi/12.3.1/../../../../arm-none-eabi/lib/thumb/v7-m/nofp/libg_nano.a(libc_a-memcpy-stub.o)
 .ARM.attributes
                0x000009b9       0x2d /home/serg50012/stm/CubeCTL/GNU-tools-for-STM32/bin/../lib/gcc/arm-none-eabi/12.3.1/../../../../arm-none-eabi/lib/thumb/v7-m/nofp/libg_nano.a(libc_a-abort.o)
 .ARM.attributes
                0x000009e6       0x2d /home/serg50012/stm/CubeCTL/GNU-tools-for-STM32/bin/../lib/gcc/arm-none-eabi/12.3.1/../../../../arm-none-eabi/lib/thumb/v7-m/nofp/libg_nano.a(libc_a-nano-vfprintf.o)
 .ARM.attributes
                0x00000a13       0x2d /home/serg50012/stm/CubeCTL/GNU-tools-for-STM32/bin/../lib/gcc/arm-none-eabi/12.3.1/../../../../arm-none-eabi/lib/thumb/v7-m/nofp/libg_nano.a(libc_a-nano-vfprintf_i.o)
 .ARM.attributes
                0x00000a40       0x2d /home/serg50012/stm/CubeCTL/GNU-tools-for-STM32/bin/../lib/gcc/arm-none-eabi/12.3.1/../../../../arm-none-eabi/lib/thumb/v7-m/nofp/libg_nano.a(libc_a-wbuf.o)
 .ARM.attributes
                0x00000a6d       0x2d /home/serg50012/stm/CubeCTL/GNU-tools-for-STM32/bin/../lib/gcc/arm-none-eabi/12.3.1/../../../../arm-none-eabi/lib/thumb/v7-m/nofp/libg_nano.a(libc_a-wsetup.o)
 .ARM.attributes
                0x00000a9a       0x2d /home/serg50012/stm/CubeCTL/GNU-tools-for-STM32/bin/../lib/gcc/arm-none-eabi/12.3.1/../../../../arm-none-eabi/lib/thumb/v7-m/nofp/libg_nano.a(libc_a-signal.o)
 .ARM.attributes
                0x00000ac7       0x2d /home/serg50012/stm/CubeCTL/GNU-tools-for-STM32/bin/../lib/gcc/arm-none-eabi/12.3.1/../../../../arm-none-eabi/lib/thumb/v7-m/nofp/libg_nano.a(libc_a-signalr.o)
 .ARM.attributes
                0x00000af4       0x2d /home/serg50012/stm/CubeCTL/GNU-tools-for-STM32/bin/../lib/gcc/arm-none-eabi/12.3.1/../../../../arm-none-eabi/lib/thumb/v7-m/nofp/libg_nano.a(libc_a-memchr-stub.o)
 .ARM.attributes
                0x00000b21       0x2d /home/serg50012/stm/CubeCTL/GNU-tools-for-STM32/bin/../lib/gcc/arm-none-eabi/12.3.1/../../../../arm-none-eabi/lib/thumb/v7-m/nofp/libg_nano.a(libc_a-makebuf.o)
 .ARM.attributes
                0x00000b4e       0x2d /home/serg50012/stm/CubeCTL/GNU-tools-for-STM32/bin/../lib/gcc/arm-none-eabi/12.3.1/../../../../arm-none-eabi/lib/thumb/v7-m/nofp/libg_nano.a(libc_a-fstatr.o)
 .ARM.attributes
                0x00000b7b       0x2d /home/serg50012/stm/CubeCTL/GNU-tools-for-STM32/bin/../lib/gcc/arm-none-eabi/12.3.1/../../../../arm-none-eabi/lib/thumb/v7-m/nofp/libg_nano.a(libc_a-isattyr.o)
 .ARM.attributes
                0x00000ba8       0x1d /home/serg50012/stm/CubeCTL/GNU-tools-for-STM32/bin/../lib/gcc/arm-none-eabi/12.3.1/thumb/v7-m/nofp/crtn.o

.comment        0x00000000       0x43
 .comment       0x00000000       0x43 CMakeFiles/modbus_stm32f103.dir/Modules/modbus/functions/mbfunccoils.c.obj
                                 0x44 (size before relaxing)
 .comment       0x00000043       0x44 CMakeFiles/modbus_stm32f103.dir/Modules/modbus/functions/mbfuncdisc.c.obj
 .comment       0x00000043       0x44 CMakeFiles/modbus_stm32f103.dir/Modules/modbus/functions/mbfuncholding.c.obj
 .comment       0x00000043       0x44 CMakeFiles/modbus_stm32f103.dir/Modules/modbus/functions/mbfuncinput.c.obj
 .comment       0x00000043       0x44 CMakeFiles/modbus_stm32f103.dir/Modules/modbus/functions/mbfuncother.c.obj
 .comment       0x00000043       0x44 CMakeFiles/modbus_stm32f103.dir/Modules/modbus/functions/mbutils.c.obj
 .comment       0x00000043       0x44 CMakeFiles/modbus_stm32f103.dir/Modules/modbus/mb.c.obj
 .comment       0x00000043       0x44 CMakeFiles/modbus_stm32f103.dir/Modules/modbus/port/mt_port.c.obj
 .comment       0x00000043       0x44 CMakeFiles/modbus_stm32f103.dir/Modules/modbus/port/portevent.c.obj
 .comment       0x00000043       0x44 CMakeFiles/modbus_stm32f103.dir/Modules/modbus/port/portserial.c.obj
 .comment       0x00000043       0x44 CMakeFiles/modbus_stm32f103.dir/Modules/modbus/port/porttimer.c.obj
 .comment       0x00000043       0x44 CMakeFiles/modbus_stm32f103.dir/Modules/modbus/rtu/mbcrc.c.obj
 .comment       0x00000043       0x44 CMakeFiles/modbus_stm32f103.dir/Modules/modbus/rtu/mbrtu.c.obj
 .comment       0x00000043       0x44 CMakeFiles/modbus_stm32f103.dir/Core/Src/main.c.obj
 .comment       0x00000043       0x44 CMakeFiles/modbus_stm32f103.dir/Core/Src/stm32f1xx_it.c.obj
 .comment       0x00000043       0x44 CMakeFiles/modbus_stm32f103.dir/Core/Src/stm32f1xx_hal_msp.c.obj
 .comment       0x00000043       0x44 CMakeFiles/modbus_stm32f103.dir/Drivers/STM32F1xx_HAL_Driver/Src/stm32f1xx_hal_adc.c.obj
 .comment       0x00000043       0x44 CMakeFiles/modbus_stm32f103.dir/Drivers/STM32F1xx_HAL_Driver/Src/stm32f1xx_hal.c.obj
 .comment       0x00000043       0x44 CMakeFiles/modbus_stm32f103.dir/Drivers/STM32F1xx_HAL_Driver/Src/stm32f1xx_hal_rcc.c.obj
 .comment       0x00000043       0x44 CMakeFiles/modbus_stm32f103.dir/Drivers/STM32F1xx_HAL_Driver/Src/stm32f1xx_hal_rcc_ex.c.obj
 .comment       0x00000043       0x44 CMakeFiles/modbus_stm32f103.dir/Drivers/STM32F1xx_HAL_Driver/Src/stm32f1xx_hal_gpio.c.obj
 .comment       0x00000043       0x44 CMakeFiles/modbus_stm32f103.dir/Drivers/STM32F1xx_HAL_Driver/Src/stm32f1xx_hal_dma.c.obj
 .comment       0x00000043       0x44 CMakeFiles/modbus_stm32f103.dir/Drivers/STM32F1xx_HAL_Driver/Src/stm32f1xx_hal_cortex.c.obj
 .comment       0x00000043       0x44 CMakeFiles/modbus_stm32f103.dir/Drivers/STM32F1xx_HAL_Driver/Src/stm32f1xx_hal_spi.c.obj
 .comment       0x00000043       0x44 CMakeFiles/modbus_stm32f103.dir/Drivers/STM32F1xx_HAL_Driver/Src/stm32f1xx_hal_tim.c.obj
 .comment       0x00000043       0x44 CMakeFiles/modbus_stm32f103.dir/Drivers/STM32F1xx_HAL_Driver/Src/stm32f1xx_hal_tim_ex.c.obj
 .comment       0x00000043       0x44 CMakeFiles/modbus_stm32f103.dir/Drivers/STM32F1xx_HAL_Driver/Src/stm32f1xx_hal_uart.c.obj
 .comment       0x00000043       0x44 CMakeFiles/modbus_stm32f103.dir/Core/Src/system_stm32f1xx.c.obj
 .comment       0x00000043       0x44 CMakeFiles/modbus_stm32f103.dir/Core/Src/sysmem.c.obj
 .comment       0x00000043       0x44 CMakeFiles/modbus_stm32f103.dir/Core/Src/syscalls.c.obj